Component: ARM Compiler 5.06 update 4 (build 422) Tool: armlink [4d35d2]

==============================================================================

Section Cross References

    main.o(i.main) refers to system_stm32f4xx.o(i.SystemInit) for SystemInit
    main.o(i.main) refers to can1.o(i.CAN1_Configuration) for CAN1_Configuration
    main.o(i.main) refers to tim2.o(i.Tim2_Configuration) for Tim2_Configuration
    main.o(i.main) refers to tim3.o(i.Tim3_Configuration) for Tim3_Configuration
    main.o(i.main) refers to tim2.o(i.Tim4_Configuration) for Tim4_Configuration
    main.o(i.main) refers to usart1.o(i.USART1_Configuration) for USART1_Configuration
    main.o(i.main) refers to pid.o(i.PID_InitALL) for PID_InitALL
    main.o(i.main) refers to usart6.o(i.Usart6_Init) for Usart6_Init
    main.o(i.main) refers to pon_limit.o(i.pon_limit_Init) for pon_limit_Init
    main.o(i.main) refers to digital_display.o(i.Display_IO_init) for Display_IO_init
    main.o(i.main) refers to pon_limit.o(i.guangdian_sensor) for guangdian_sensor
    main.o(i.main) refers to duty.o(i.Loop) for Loop
    system_stm32f4xx.o(i.SystemCoreClockUpdate) refers to system_stm32f4xx.o(.data) for SystemCoreClock
    system_stm32f4xx.o(i.SystemInit) refers to system_stm32f4xx.o(i.SetSysClock) for SetSysClock
    tim2.o(i.TIM2_IRQHandler) refers to stm32f4xx_tim.o(i.TIM_GetITStatus) for TIM_GetITStatus
    tim2.o(i.TIM2_IRQHandler) refers to stm32f4xx_tim.o(i.TIM_ClearFlag) for TIM_ClearFlag
    tim2.o(i.Tim2_Configuration) refers to stm32f4xx_rcc.o(i.RCC_APB1PeriphClockCmd) for RCC_APB1PeriphClockCmd
    tim2.o(i.Tim2_Configuration) refers to misc.o(i.NVIC_Init) for NVIC_Init
    tim2.o(i.Tim2_Configuration) refers to stm32f4xx_tim.o(i.TIM_TimeBaseInit) for TIM_TimeBaseInit
    tim2.o(i.Tim2_Configuration) refers to stm32f4xx_tim.o(i.TIM_ARRPreloadConfig) for TIM_ARRPreloadConfig
    tim2.o(i.Tim2_Configuration) refers to stm32f4xx_tim.o(i.TIM_ClearFlag) for TIM_ClearFlag
    tim2.o(i.Tim2_Configuration) refers to stm32f4xx_tim.o(i.TIM_ITConfig) for TIM_ITConfig
    tim2.o(i.Tim2_Configuration) refers to stm32f4xx_tim.o(i.TIM_Cmd) for TIM_Cmd
    tim2.o(i.Tim2_Configuration) refers to stm32f4xx_tim.o(i.TIM_TimeBaseStructInit) for TIM_TimeBaseStructInit
    tim2.o(i.Tim2_Configuration) refers to stm32f4xx_tim.o(i.TIM_OCStructInit) for TIM_OCStructInit
    tim2.o(i.Tim2_Configuration) refers to stm32f4xx_rcc.o(i.RCC_AHB1PeriphClockCmd) for RCC_AHB1PeriphClockCmd
    tim2.o(i.Tim2_Configuration) refers to stm32f4xx_gpio.o(i.GPIO_Init) for GPIO_Init
    tim2.o(i.Tim2_Configuration) refers to stm32f4xx_gpio.o(i.GPIO_PinAFConfig) for GPIO_PinAFConfig
    tim2.o(i.Tim2_Configuration) refers to stm32f4xx_tim.o(i.TIM_OC1Init) for TIM_OC1Init
    tim2.o(i.Tim2_Configuration) refers to stm32f4xx_tim.o(i.TIM_OC1PreloadConfig) for TIM_OC1PreloadConfig
    tim2.o(i.Tim2_Configuration) refers to stm32f4xx_tim.o(i.TIM_OC2Init) for TIM_OC2Init
    tim2.o(i.Tim2_Configuration) refers to stm32f4xx_tim.o(i.TIM_OC2PreloadConfig) for TIM_OC2PreloadConfig
    tim2.o(i.Tim2_Configuration) refers to stm32f4xx_tim.o(i.TIM_CtrlPWMOutputs) for TIM_CtrlPWMOutputs
    tim2.o(i.Tim4_Configuration) refers to stm32f4xx_tim.o(i.TIM_TimeBaseStructInit) for TIM_TimeBaseStructInit
    tim2.o(i.Tim4_Configuration) refers to stm32f4xx_tim.o(i.TIM_OCStructInit) for TIM_OCStructInit
    tim2.o(i.Tim4_Configuration) refers to stm32f4xx_rcc.o(i.RCC_APB1PeriphClockCmd) for RCC_APB1PeriphClockCmd
    tim2.o(i.Tim4_Configuration) refers to stm32f4xx_rcc.o(i.RCC_AHB1PeriphClockCmd) for RCC_AHB1PeriphClockCmd
    tim2.o(i.Tim4_Configuration) refers to stm32f4xx_gpio.o(i.GPIO_Init) for GPIO_Init
    tim2.o(i.Tim4_Configuration) refers to stm32f4xx_gpio.o(i.GPIO_PinAFConfig) for GPIO_PinAFConfig
    tim2.o(i.Tim4_Configuration) refers to stm32f4xx_tim.o(i.TIM_TimeBaseInit) for TIM_TimeBaseInit
    tim2.o(i.Tim4_Configuration) refers to stm32f4xx_tim.o(i.TIM_OC2Init) for TIM_OC2Init
    tim2.o(i.Tim4_Configuration) refers to stm32f4xx_tim.o(i.TIM_OC2PreloadConfig) for TIM_OC2PreloadConfig
    tim2.o(i.Tim4_Configuration) refers to stm32f4xx_tim.o(i.TIM_OC3Init) for TIM_OC3Init
    tim2.o(i.Tim4_Configuration) refers to stm32f4xx_tim.o(i.TIM_OC3PreloadConfig) for TIM_OC3PreloadConfig
    tim2.o(i.Tim4_Configuration) refers to stm32f4xx_tim.o(i.TIM_CtrlPWMOutputs) for TIM_CtrlPWMOutputs
    tim2.o(i.Tim4_Configuration) refers to stm32f4xx_tim.o(i.TIM_ARRPreloadConfig) for TIM_ARRPreloadConfig
    tim2.o(i.Tim4_Configuration) refers to stm32f4xx_tim.o(i.TIM_Cmd) for TIM_Cmd
    tim3.o(i.TIM3_IRQHandler) refers to stm32f4xx_tim.o(i.TIM_GetITStatus) for TIM_GetITStatus
    tim3.o(i.TIM3_IRQHandler) refers to stm32f4xx_tim.o(i.TIM_ClearFlag) for TIM_ClearFlag
    tim3.o(i.TIM3_IRQHandler) refers to value_allinit.o(.data) for Tim_circle_flag_1ms
    tim3.o(i.TIM3_IRQHandler) refers to motor_pid_task.o(.data) for rm2006_fanzhuan_flag1
[...]
    ..\\FWLIB\\src\\stm32f4xx_spi.c          0x00000000   Number         0  stm32f4xx_spi.o ABSOLUTE
    ..\\FWLIB\\src\\stm32f4xx_syscfg.c       0x00000000   Number         0  stm32f4xx_syscfg.o ABSOLUTE
    ..\\FWLIB\\src\\stm32f4xx_tim.c          0x00000000   Number         0  stm32f4xx_tim.o ABSOLUTE
    ..\\FWLIB\\src\\stm32f4xx_usart.c        0x00000000   Number         0  stm32f4xx_usart.o ABSOLUTE
    ..\\HARDWARE\\LED\\MyDataProcess.c       0x00000000   Number         0  mydataprocess.o ABSOLUTE
    ..\\HARDWARE\\LED\\TIM2.c                0x00000000   Number         0  tim2.o ABSOLUTE
    ..\\HARDWARE\\LED\\TIM3.c                0x00000000   Number         0  tim3.o ABSOLUTE
    ..\\HARDWARE\\LED\\can1.c                0x00000000   Number         0  can1.o ABSOLUTE
    ..\\HARDWARE\\LED\\detect_task.c         0x00000000   Number         0  detect_task.o ABSOLUTE
    ..\\HARDWARE\\LED\\digital_display.c     0x00000000   Number         0  digital_display.o ABSOLUTE
    ..\\HARDWARE\\LED\\duty.c                0x00000000   Number         0  duty.o ABSOLUTE
    ..\\HARDWARE\\LED\\led.c                 0x00000000   Number         0  led.o ABSOLUTE
    ..\\HARDWARE\\LED\\motor_pid_task.c      0x00000000   Number         0  motor_pid_task.o ABSOLUTE
    ..\\HARDWARE\\LED\\pid.c                 0x00000000   Number         0  pid.o ABSOLUTE
    ..\\HARDWARE\\LED\\pon_limit.c           0x00000000   Number         0  pon_limit.o ABSOLUTE
    ..\\HARDWARE\\LED\\remote_task.c         0x00000000   Number         0  remote_task.o ABSOLUTE
    ..\\HARDWARE\\LED\\supply_task.c         0x00000000   Number         0  supply_task.o ABSOLUTE
    ..\\HARDWARE\\LED\\usart1.c              0x00000000   Number         0  usart1.o ABSOLUTE
    ..\\HARDWARE\\LED\\usart6.c              0x00000000   Number         0  usart6.o ABSOLUTE
    ..\\HARDWARE\\LED\\value_allinit.c       0x00000000   Number         0  value_allinit.o ABSOLUTE
    ..\\SYSTEM\\delay\\delay.c               0x00000000   Number         0  delay.o ABSOLUTE
    ..\\SYSTEM\\sys\\sys.c                   0x00000000   Number         0  sys.o ABSOLUTE
    dc.s                                     0x00000000   Number         0  dc.o ABSOLUTE
    main.c                                   0x00000000   Number         0  main.o ABSOLUTE
    main.c                                   0x00000000   Number         0  main.o ABSOLUTE
    stm32f4xx_it.c                           0x00000000   Number         0  stm32f4xx_it.o ABSOLUTE
    stm32f4xx_it.c                           0x00000000   Number         0  stm32f4xx_it.o ABSOLUTE
    system_stm32f4xx.c                       0x00000000   Number         0  system_stm32f4xx.o ABSOLUTE
    system_stm32f4xx.c                       0x00000000   Number         0  system_stm32f4xx.o ABSOLUTE
    RESET                                    0x08000000   Section      392  startup_stm32f40_41xxx.o(RESET)
    !!!main                                  0x08000188   Section        8  __main.o(!!!main)
    !!!scatter                               0x08000190   Section       52  __scatter.o(!!!scatter)
    !!dczerorl2                              0x080001c4   Section       90  __dczerorl2.o(!!dczerorl2)
    !!handler_zi                             0x08000220   Section       28  __scatter_zi.o(!!handler_zi)
    .ARM.Collect$$libinit$$00000000          0x0800023c   Section        2  libinit.o(.ARM.Collect$$libinit$$00000000)
    .ARM.Collect$$libinit$$00000001          0x0800023e   Section        4  libinit2.o(.ARM.Collect$$libinit$$00000001)
    .ARM.Collect$$libinit$$00000004          0x08000242   Section        0  libinit2.o(.ARM.Collect$$libinit$$00000004)
    .ARM.Collect$$libinit$$0000000A          0x08000242   Section        0  libinit2.o(.ARM.Collect$$libinit$$0000000A)
    .ARM.Collect$$libinit$$0000000C          0x08000242   Section        0  libinit2.o(.ARM.Collect$$libinit$$0000000C)
    .ARM.Collect$$libinit$$0000000E          0x08000242   Section        0  libinit2.o(.ARM.Collect$$libinit$$0000000E)
    .ARM.Collect$$libinit$$00000011          0x08000242   Section        0  libinit2.o(.ARM.Collect$$libinit$$00000011)
    .ARM.Collect$$libinit$$00000013          0x08000242   Section        0  libinit2.o(.ARM.Collect$$libinit$$00000013)
    .ARM.Collect$$libinit$$00000015          0x08000242   Section        0  libinit2.o(.ARM.Collect$$libinit$$00000015)
    .ARM.Collect$$libinit$$00000017          0x08000242   Section        0  libinit2.o(.ARM.Collect$$libinit$$00000017)
    .ARM.Collect$$libinit$$00000019          0x08000242   Section        0  libinit2.o(.ARM.Collect$$libinit$$00000019)
    .ARM.Collect$$libinit$$0000001B          0x08000242   Section        0  libinit2.o(.ARM.Collect$$libinit$$0000001B)
    .ARM.Collect$$libinit$$0000001D          0x08000242   Section        0  libinit2.o(.ARM.Collect$$libinit$$0000001D)
    .ARM.Collect$$libinit$$0000001F          0x08000242   Section        0  libinit2.o(.ARM.Collect$$libinit$$0000001F)
    .ARM.Collect$$libinit$$00000021          0x08000242   Section        0  libinit2.o(.ARM.Collect$$libinit$$00000021)
    .ARM.Collect$$libinit$$00000023          0x08000242   Section        0  libinit2.o(.ARM.Collect$$libinit$$00000023)
    .ARM.Collect$$libinit$$00000025          0x08000242   Section        0  libinit2.o(.ARM.Collect$$libinit$$00000025)
    .ARM.Collect$$libinit$$0000002C          0x08000242   Section        0  libinit2.o(.ARM.Collect$$libinit$$0000002C)
    .ARM.Collect$$libinit$$0000002E          0x08000242   Section        0  libinit2.o(.ARM.Collect$$libinit$$0000002E)
    .ARM.Collect$$libinit$$00000030          0x08000242   Section        0  libinit2.o(.ARM.Collect$$libinit$$00000030)
    .ARM.Collect$$libinit$$00000032          0x08000242   Section        0  libinit2.o(.ARM.Collect$$libinit$$00000032)
    .ARM.Collect$$libinit$$00000033          0x08000242   Section        2  libinit2.o(.ARM.Collect$$libinit$$00000033)
    .ARM.Collect$$libshutdown$$00000000      0x08000244   Section        2  libshutdown.o(.ARM.Collect$$libshutdown$$00000000)
    .ARM.Collect$$libshutdown$$00000002      0x08000246   Section        0  libshutdown2.o(.ARM.Collect$$libshutdown$$00000002)
    .ARM.Collect$$libshutdown$$00000004      0x08000246   Section        0  libshutdown2.o(.ARM.Collect$$libshutdown$$00000004)
    .ARM.Collect$$libshutdown$$00000007      0x08000246   Section        0  libshutdown2.o(.ARM.Collect$$libshutdown$$00000007)
    .ARM.Collect$$libshutdown$$0000000A      0x08000246   Section        0  libshutdown2.o(.ARM.Collect$$libshutdown$$0000000A)
    .ARM.Collect$$libshutdown$$0000000C      0x08000246   Section        0  libshutdown2.o(.ARM.Collect$$libshutdown$$0000000C)
    .ARM.Collect$$libshutdown$$0000000F      0x08000246   Section        0  libshutdown2.o(.ARM.Collect$$libshutdown$$0000000F)
    .ARM.Collect$$libshutdown$$00000010      0x08000246   Section        2  libshutdown2.o(.ARM.Collect$$libshutdown$$00000010)
    .ARM.Collect$$rtentry$$00000000          0x08000248   Section        0  __rtentry.o(.ARM.Collect$$rtentry$$00000000)
    .ARM.Collect$$rtentry$$00000002          0x08000248   Section        0  __rtentry2.o(.ARM.Collect$$rtentry$$00000002)
    .ARM.Collect$$rtentry$$00000004          0x08000248   Section        6  __rtentry4.o(.ARM.Collect$$rtentry$$00000004)
    .ARM.Collect$$rtentry$$00000009          0x0800024e   Section        0  __rtentry2.o(.ARM.Collect$$rtentry$$00000009)
    .ARM.Collect$$rtentry$$0000000A          0x0800024e   Section        4  __rtentry2.o(.ARM.Collect$$rtentry$$0000000A)
    .ARM.Collect$$rtentry$$0000000C          0x08000252   Section        0  __rtentry2.o(.ARM.Collect$$rtentry$$0000000C)
    .ARM.Collect$$rtentry$$0000000D          0x08000252   Section        8  __rtentry2.o(.ARM.Collect$$rtentry$$0000000D)
    .ARM.Collect$$rtexit$$00000000           0x0800025a   Section        2  rtexit.o(.ARM.Collect$$rtexit$$00000000)
    .ARM.Collect$$rtexit$$00000002           0x0800025c   Section        0  rtexit2.o(.ARM.Collect$$rtexit$$00000002)
    .ARM.Collect$$rtexit$$00000003           0x0800025c   Section        4  rtexit2.o(.ARM.Collect$$rtexit$$00000003)
    .ARM.Collect$$rtexit$$00000004           0x08000260   Section        6  rtexit2.o(.ARM.Collect$$rtexit$$00000004)
    .text                                    0x08000268   Section       64  startup_stm32f40_41xxx.o(.text)
    $v0                                      0x08000268   Number         0  startup_stm32f40_41xxx.o(.text)
    .text                                    0x080002a8   Section       78  rt_memclr_w.o(.text)
    .text                                    0x080002f6   Section        0  heapauxi.o(.text)
    .text                                    0x080002fc   Section       74  sys_stackheap_outer.o(.text)
    .text                                    0x08000346   Section        0  exit.o(.text)
    .text                                    0x08000358   Section        8  libspace.o(.text)
    .text                                    0x08000360   Section        0  sys_exit.o(.text)
    .text                                    0x0800036c   Section        2  use_no_semi.o(.text)
    .text                                    0x0800036e   Section        0  indicate_semi.o(.text)
    i.BusFault_Handler                       0x0800036e   Section        0  stm32f4xx_it.o(i.BusFault_Handler)
    i.CAN1_Configuration                     0x08000374   Section        0  can1.o(i.CAN1_Configuration)
    i.CAN1_RX0_IRQHandler                    0x08000470   Section        0  can1.o(i.CAN1_RX0_IRQHandler)
    i.CAN_ClearFlag                          0x08000758   Section        0  stm32f4xx_can.o(i.CAN_ClearFlag)
    i.CAN_ClearITPendingBit                  0x08000790   Section        0  stm32f4xx_can.o(i.CAN_ClearITPendingBit)
    i.CAN_FilterInit                         0x08000838   Section        0  stm32f4xx_can.o(i.CAN_FilterInit)
    i.CAN_GetITStatus                        0x08000940   Section        0  stm32f4xx_can.o(i.CAN_GetITStatus)
    i.CAN_ITConfig                           0x08000a60   Section        0  stm32f4xx_can.o(i.CAN_ITConfig)
    i.CAN_Init                               0x08000a72   Section        0  stm32f4xx_can.o(i.CAN_Init)
    i.CAN_Receive                            0x08000b86   Section        0  stm32f4xx_can.o(i.CAN_Receive)
    i.CAN_Transmit                           0x08000c76   Section        0  stm32f4xx_can.o(i.CAN_Transmit)
    i.CheckITStatus                          0x08000d9c   Section        0  stm32f4xx_can.o(i.CheckITStatus)
    CheckITStatus                            0x08000d9d   Thumb Code    18  stm32f4xx_can.o(i.CheckITStatus)
    i.DMA_Cmd                                0x08000dae   Section        0  stm32f4xx_dma.o(i.DMA_Cmd)
    i.DMA_DeInit                             0x08000dc4   Section        0  stm32f4xx_dma.o(i.DMA_DeInit)
    i.DMA_DoubleBufferModeCmd                0x08000f1c   Section        0  stm32f4xx_dma.o(i.DMA_DoubleBufferModeCmd)
    i.DMA_DoubleBufferModeConfig             0x08000f32   Section        0  stm32f4xx_dma.o(i.DMA_DoubleBufferModeConfig)
    i.DMA_GetCurrDataCounter                 0x08000f4a   Section        0  stm32f4xx_dma.o(i.DMA_GetCurrDataCounter)
    i.DMA_GetCurrentMemoryTarget             0x08000f52   Section        0  stm32f4xx_dma.o(i.DMA_GetCurrentMemoryTarget)
    i.DMA_Init                               0x08000f68   Section        0  stm32f4xx_dma.o(i.DMA_Init)
    i.DMA_StructInit                         0x08000fc0   Section        0  stm32f4xx_dma.o(i.DMA_StructInit)
    i.DebugMon_Handler                       0x08000fe2   Section        0  stm32f4xx_it.o(i.DebugMon_Handler)
    i.DecodeS16Data                          0x08000fe4   Section        0  mydataprocess.o(i.DecodeS16Data)
    i.Display_IO_init                        0x08000ff4   Section        0  digital_display.o(i.Display_IO_init)
    i.GPIO_Init                              0x080010c4   Section        0  stm32f4xx_gpio.o(i.GPIO_Init)
    i.GPIO_PinAFConfig                       0x08001154   Section        0  stm32f4xx_gpio.o(i.GPIO_PinAFConfig)
    i.GPIO_ReadInputDataBit                  0x0800119a   Section        0  stm32f4xx_gpio.o(i.GPIO_ReadInputDataBit)
    i.GPIO_ResetBits                         0x080011ac   Section        0  stm32f4xx_gpio.o(i.GPIO_ResetBits)
    i.GPIO_SetBits                           0x080011b0   Section        0  stm32f4xx_gpio.o(i.GPIO_SetBits)
    i.GPIO_StructInit                        0x080011b4   Section        0  stm32f4xx_gpio.o(i.GPIO_StructInit)
    i.GetInputMode                           0x080011c8   Section        0  remote_task.o(i.GetInputMode)
    i.HardFault_Handler                      0x080011d4   Section        0  stm32f4xx_it.o(i.HardFault_Handler)
    i.Loop                                   0x080011d8   Section        0  duty.o(i.Loop)
    i.MemManage_Handler                      0x0800135c   Section        0  stm32f4xx_it.o(i.MemManage_Handler)
    i.MouseKeyControlProcess                 0x08001360   Section        0  remote_task.o(i.MouseKeyControlProcess)
    i.NMI_Handler                            0x08001362   Section        0  stm32f4xx_it.o(i.NMI_Handler)
    i.NVIC_Init                              0x08001364   Section        0  misc.o(i.NVIC_Init)
    i.PID_Calc                               0x080013dc   Section        0  pid.o(i.PID_Calc)
    i.PID_Init                               0x0800151c   Section        0  pid.o(i.PID_Init)
    i.PID_InitALL                            0x0800152c   Section        0  pid.o(i.PID_InitALL)
    i.PID_SetParam                           0x0800162c   Section        0  pid.o(i.PID_SetParam)
    i.PendSV_Handler                         0x08001642   Section        0  stm32f4xx_it.o(i.PendSV_Handler)
    i.RCC_AHB1PeriphClockCmd                 0x08001644   Section        0  stm32f4xx_rcc.o(i.RCC_AHB1PeriphClockCmd)
    i.RCC_APB1PeriphClockCmd                 0x08001664   Section        0  stm32f4xx_rcc.o(i.RCC_APB1PeriphClockCmd)
    i.RCC_APB1PeriphResetCmd                 0x08001684   Section        0  stm32f4xx_rcc.o(i.RCC_APB1PeriphResetCmd)
    i.RCC_APB2PeriphClockCmd                 0x080016a4   Section        0  stm32f4xx_rcc.o(i.RCC_APB2PeriphClockCmd)
    i.RCC_APB2PeriphResetCmd                 0x080016c4   Section        0  stm32f4xx_rcc.o(i.RCC_APB2PeriphResetCmd)
    i.RCC_GetClocksFreq                      0x080016e4   Section        0  stm32f4xx_rcc.o(i.RCC_GetClocksFreq)
    i.RemoteControlProcess                   0x080017cc   Section        0  remote_task.o(i.RemoteControlProcess)
    i.RemoteDataPrcess                       0x08001884   Section        0  remote_task.o(i.RemoteDataPrcess)
    i.SVC_Handler                            0x08001970   Section        0  stm32f4xx_it.o(i.SVC_Handler)
    i.Send_motorvalue_CAN1_4                 0x08001974   Section        0  can1.o(i.Send_motorvalue_CAN1_4)
    i.SetInputMode                           0x080019d8   Section        0  remote_task.o(i.SetInputMode)
    i.SetSysClock                            0x08001a00   Section        0  system_stm32f4xx.o(i.SetSysClock)
    SetSysClock                              0x08001a01   Thumb Code   220  system_stm32f4xx.o(i.SetSysClock)
    i.Stop_immediate                         0x08001aec   Section        0  remote_task.o(i.Stop_immediate)
    i.SysTick_Handler                        0x08001b04   Section        0  stm32f4xx_it.o(i.SysTick_Handler)
    i.SystemInit                             0x08001b08   Section        0  system_stm32f4xx.o(i.SystemInit)
    i.TIM2_IRQHandler                        0x08001b70   Section        0  tim2.o(i.TIM2_IRQHandler)
    i.TIM3_IRQHandler                        0x08001b88   Section        0  tim3.o(i.TIM3_IRQHandler)
    i.TIM_ARRPreloadConfig                   0x08002090   Section        0  stm32f4xx_tim.o(i.TIM_ARRPreloadConfig)
    i.TIM_ClearFlag                          0x080020a8   Section        0  stm32f4xx_tim.o(i.TIM_ClearFlag)
    i.TIM_Cmd                                0x080020ae   Section        0  stm32f4xx_tim.o(i.TIM_Cmd)
    i.TIM_CtrlPWMOutputs                     0x080020c6   Section        0  stm32f4xx_tim.o(i.TIM_CtrlPWMOutputs)
    i.TIM_GetITStatus                        0x080020e4   Section        0  stm32f4xx_tim.o(i.TIM_GetITStatus)
    i.TIM_ITConfig                           0x08002106   Section        0  stm32f4xx_tim.o(i.TIM_ITConfig)
    i.TIM_OC1Init                            0x08002118   Section        0  stm32f4xx_tim.o(i.TIM_OC1Init)
    i.TIM_OC1PreloadConfig                   0x08002194   Section        0  stm32f4xx_tim.o(i.TIM_OC1PreloadConfig)
    i.TIM_OC2Init                            0x080021a8   Section        0  stm32f4xx_tim.o(i.TIM_OC2Init)
    i.TIM_OC2PreloadConfig                   0x0800224c   Section        0  stm32f4xx_tim.o(i.TIM_OC2PreloadConfig)
    i.TIM_OC3Init                            0x08002268   Section        0  stm32f4xx_tim.o(i.TIM_OC3Init)
    i.TIM_OC3PreloadConfig                   0x08002308   Section        0  stm32f4xx_tim.o(i.TIM_OC3PreloadConfig)
    i.TIM_OCStructInit                       0x0800231a   Section        0  stm32f4xx_tim.o(i.TIM_OCStructInit)
    i.TIM_TimeBaseInit                       0x08002330   Section        0  stm32f4xx_tim.o(i.TIM_TimeBaseInit)
    i.TIM_TimeBaseStructInit                 0x080023b4   Section        0  stm32f4xx_tim.o(i.TIM_TimeBaseStructInit)
    i.Tan_left                               0x080023c8   Section        0  digital_display.o(i.Tan_left)
    i.Tan_right                              0x08002420   Section        0  digital_display.o(i.Tan_right)
    i.Tim2_Configuration                     0x08002474   Section        0  tim2.o(i.Tim2_Configuration)
    i.Tim3_Configuration                     0x080025e8   Section        0  tim3.o(i.Tim3_Configuration)
    i.Tim4_Configuration                     0x08002654   Section        0  tim2.o(i.Tim4_Configuration)
    i.USART1_Configuration                   0x0800273c   Section        0  usart1.o(i.USART1_Configuration)
    i.USART1_IRQHandler                      0x08002878   Section        0  usart1.o(i.USART1_IRQHandler)
    i.USART6_IRQHandler                      0x08002978   Section        0  usart6.o(i.USART6_IRQHandler)
    i.USART_ClearITPendingBit                0x080029a8   Section        0  stm32f4xx_usart.o(i.USART_ClearITPendingBit)
    i.USART_ClockInit                        0x080029c6   Section        0  stm32f4xx_usart.o(i.USART_ClockInit)
    i.USART_Cmd                              0x080029e6   Section        0  stm32f4xx_usart.o(i.USART_Cmd)
    i.USART_DMACmd                           0x080029fe   Section        0  stm32f4xx_usart.o(i.USART_DMACmd)
    i.USART_DeInit                           0x08002a10   Section        0  stm32f4xx_usart.o(i.USART_DeInit)
    i.USART_GetITStatus                      0x08002b00   Section        0  stm32f4xx_usart.o(i.USART_GetITStatus)
    i.USART_ITConfig                         0x08002b54   Section        0  stm32f4xx_usart.o(i.USART_ITConfig)
    i.USART_Init                             0x08002ba0   Section        0  stm32f4xx_usart.o(i.USART_Init)
    i.USART_ReceiveData                      0x08002c74   Section        0  stm32f4xx_usart.o(i.USART_ReceiveData)
    i.USART_StructInit                       0x08002c7e   Section        0  stm32f4xx_usart.o(i.USART_StructInit)
    i.UsageFault_Handler                     0x08002c96   Section        0  stm32f4xx_it.o(i.UsageFault_Handler)
    i.Usart6_Init                            0x08002c9c   Section        0  usart6.o(i.Usart6_Init)
    i.bullet_outer_1                         0x08002d94   Section        0  detect_task.o(i.bullet_outer_1)
    i.bullet_outer_2                         0x08002e10   Section        0  detect_task.o(i.bullet_outer_2)
    i.display_left                           0x08002e8c   Section        0  digital_display.o(i.display_left)
    i.display_right                          0x08002ecc   Section        0  digital_display.o(i.display_right)
    i.engineer_to_hero_supply                0x08002f08   Section        0  supply_task.o(i.engineer_to_hero_supply)
    i.fabs_1                                 0x08002fec   Section        0  motor_pid_task.o(i.fabs_1)
    i.guangdian_detect_circle                0x08002ffc   Section        0  detect_task.o(i.guangdian_detect_circle)
    i.guangdian_sensor                       0x08003024   Section        0  pon_limit.o(i.guangdian_sensor)
    i.infantry_supply                        0x08003078   Section        0  supply_task.o(i.infantry_supply)
    i.kasi_defending                         0x08003174   Section        0  motor_pid_task.o(i.kasi_defending)
    i.main                                   0x0800322c   Section        0  main.o(i.main)
    i.motor_pid_task                         0x0800326c   Section        0  motor_pid_task.o(i.motor_pid_task)
    i.pon_detect_circle                      0x08003430   Section        0  detect_task.o(i.pon_detect_circle)
    i.pon_limit_Init                         0x08003488   Section        0  pon_limit.o(i.pon_limit_Init)
    x$fpl$d2f                                0x08003554   Section       98  d2f.o(x$fpl$d2f)
    $v0                                      0x08003554   Number         0  d2f.o(x$fpl$d2f)
    x$fpl$dadd                               0x080035b8   Section      336  daddsub_clz.o(x$fpl$dadd)
    $v0                                      0x080035b8   Number         0  daddsub_clz.o(x$fpl$dadd)
    _dadd1                                   0x080035c9   Thumb Code     0  daddsub_clz.o(x$fpl$dadd)
    x$fpl$dflt                               0x08003708   Section       46  dflt_clz.o(x$fpl$dflt)
    $v0                                      0x08003708   Number         0  dflt_clz.o(x$fpl$dflt)
    x$fpl$dnaninf                            0x08003736   Section      156  dnaninf.o(x$fpl$dnaninf)
    $v0                                      0x08003736   Number         0  dnaninf.o(x$fpl$dnaninf)
    x$fpl$dretinf                            0x080037d2   Section       12  dretinf.o(x$fpl$dretinf)
    $v0                                      0x080037d2   Number         0  dretinf.o(x$fpl$dretinf)
    x$fpl$dsub                               0x080037e0   Section      468  daddsub_clz.o(x$fpl$dsub)
    $v0                                      0x080037e0   Number         0  daddsub_clz.o(x$fpl$dsub)
    _dsub1                                   0x080037f1   Thumb Code     0  daddsub_clz.o(x$fpl$dsub)
    x$fpl$f2d                                0x080039b4   Section       86  f2d.o(x$fpl$f2d)
    $v0                                      0x080039b4   Number         0  f2d.o(x$fpl$f2d)
    x$fpl$fnaninf                            0x08003a0a   Section      140  fnaninf.o(x$fpl$fnaninf)
    $v0                                      0x08003a0a   Number         0  fnaninf.o(x$fpl$fnaninf)
    x$fpl$fpinit                             0x08003a96   Section       10  fpinit.o(x$fpl$fpinit)
    $v0                                      0x08003a96   Number         0  fpinit.o(x$fpl$fpinit)
    x$fpl$fretinf                            0x08003aa0   Section       10  fretinf.o(x$fpl$fretinf)
    $v0                                      0x08003aa0   Number         0  fretinf.o(x$fpl$fretinf)
    x$fpl$usenofp                            0x08003aaa   Section        0  usenofp.o(x$fpl$usenofp)
    .data                                    0x20000000   Section       20  tim3.o(.data)
    .data                                    0x20000014   Section        8  usart1.o(.data)
    this_time_rx_len                         0x20000018   Data           4  usart1.o(.data)
    .data                                    0x2000001c   Section        1  usart6.o(.data)
    .data                                    0x2000001d   Section       10  digital_display.o(.data)
    .data                                    0x20000028   Section       28  duty.o(.data)
    .data                                    0x20000044   Section      188  value_allinit.o(.data)
    .data                                    0x20000100   Section       16  stm32f4xx_rcc.o(.data)
    APBAHBPrescTable                         0x20000100   Data          16  stm32f4xx_rcc.o(.data)
    .data                                    0x20000110   Section       28  supply_task.o(.data)
    .data                                    0x2000012c   Section       16  detect_task.o(.data)
    .data                                    0x2000013c   Section       16  motor_pid_task.o(.data)
    .data                                    0x2000014c   Section       36  remote_task.o(.data)
    shootState                               0x20000155   Data           1  remote_task.o(.data)
    inputmode                                0x20000156   Data           1  remote_task.o(.data)
    .bss                                     0x20000170   Section       60  usart1.o(.bss)
    _USART1_DMA_RX_BUF                       0x20000170   Data          60  usart1.o(.bss)
    .bss                                     0x200001ac   Section      352  pid.o(.bss)
    .bss                                     0x2000030c   Section       55  remote_task.o(.bss)
    switch1                                  0x2000032c   Data          23  remote_task.o(.bss)
    .bss                                     0x20000344   Section       96  libspace.o(.bss)
    HEAP                                     0x200003a8   Section      512  startup_stm32f40_41xxx.o(HEAP)
    Heap_Mem                                 0x200003a8   Data         512  startup_stm32f40_41xxx.o(HEAP)
    STACK                                    0x200005a8   Section     1024  startup_stm32f40_41xxx.o(STACK)
    Stack_Mem                                0x200005a8   Data        1024  startup_stm32f40_41xxx.o(STACK)
    __initial_sp                             0x200009a8   Data           0  startup_stm32f40_41xxx.o(STACK)

    Global Symbols

    Symbol Name                              Value     Ov Type        Size  Object(Section)

    BuildAttributes$$THM_ISAv4$E$P$D$K$B$S$7EM$VFPi3$EXTD16$VFPS$VFMA$PE$A:L22UL41UL21$X:L11$S22US41US21$IEEE1$IW$USESV6$~STKCKD$USESV7$~SHL$OSPACE$ROPI$EBA8$UX$STANDARDLIB$REQ8$PRES8$EABIv2 0x00000000   Number         0  anon$$obj.o ABSOLUTE
    __ARM_use_no_argv                        0x00000000   Number         0  main.o ABSOLUTE
    __ARM_exceptions_init                     - Undefined Weak Reference
    __alloca_initialize                       - Undefined Weak Reference
    __arm_preinit_                            - Undefined Weak Reference
    __cpp_initialize__aeabi_                  - Undefined Weak Reference
    __cxa_finalize                            - Undefined Weak Reference
    __rt_locale                               - Undefined Weak Reference
    __sigvec_lookup                           - Undefined Weak Reference
    _atexit_init                              - Undefined Weak Reference
    _call_atexit_fns                          - Undefined Weak Reference
    _clock_init                               - Undefined Weak Reference
    _fp_trap_init                             - Undefined Weak Reference
    _fp_trap_shutdown                         - Undefined Weak Reference
    _get_lc_collate                           - Undefined Weak Reference
    _get_lc_ctype                             - Undefined Weak Reference
    _get_lc_monetary                          - Undefined Weak Reference
    _get_lc_numeric                           - Undefined Weak Reference
    _get_lc_time                              - Undefined Weak Reference
    _getenv_init                              - Undefined Weak Reference
    _handle_redirection                       - Undefined Weak Reference
    _init_alloc                               - Undefined Weak Reference
    _init_user_alloc                          - Undefined Weak Reference
    _initio                                   - Undefined Weak Reference
    _rand_init                                - Undefined Weak Reference
    _signal_finish                            - Undefined Weak Reference
    _signal_init                              - Undefined Weak Reference
    _terminate_alloc                          - Undefined Weak Reference
    _terminate_user_alloc                     - Undefined Weak Reference
    _terminateio                              - Undefined Weak Reference
    __Vectors_Size                           0x00000188   Number         0  startup_stm32f40_41xxx.o ABSOLUTE
    __Vectors                                0x08000000   Data           4  startup_stm32f40_41xxx.o(RESET)
    __Vectors_End                            0x08000188   Data           0  startup_stm32f40_41xxx.o(RESET)
    __main                                   0x08000189   Thumb Code     8  __main.o(!!!main)
    __scatterload                            0x08000191   Thumb Code     0  __scatter.o(!!!scatter)
    __scatterload_rt2                        0x08000191   Thumb Code    44  __scatter.o(!!!scatter)
    __scatterload_rt2_thumb_only             0x08000191   Thumb Code     0  __scatter.o(!!!scatter)
    __scatterload_null                       0x0800019f   Thumb Code     0  __scatter.o(!!!scatter)
    __decompress                             0x080001c5   Thumb Code    90  __dczerorl2.o(!!dczerorl2)
    __decompress1                            0x080001c5   Thumb Code     0  __dczerorl2.o(!!dczerorl2)
    __scatterload_zeroinit                   0x08000221   Thumb Code    28  __scatter_zi.o(!!handler_zi)
    __rt_lib_init                            0x0800023d   Thumb Code     0  libinit.o(.ARM.Collect$$libinit$$00000000)
    __rt_lib_init_fp_1                       0x0800023f   Thumb Code     0  libinit2.o(.ARM.Collect$$libinit$$00000001)
    __rt_lib_init_alloca_1                   0x08000243   Thumb Code     0  libinit2.o(.ARM.Collect$$libinit$$0000002E)
    __rt_lib_init_argv_1                     0x08000243   Thumb Code     0  libinit2.o(.ARM.Collect$$libinit$$0000002C)
    __rt_lib_init_atexit_1                   0x08000243   Thumb Code     0  libinit2.o(.ARM.Collect$$libinit$$0000001B)
    __rt_lib_init_clock_1                    0x08000243   Thumb Code     0  libinit2.o(.ARM.Collect$$libinit$$00000021)
    __rt_lib_init_cpp_1                      0x08000243   Thumb Code     0  libinit2.o(.ARM.Collect$$libinit$$00000032)
    __rt_lib_init_exceptions_1               0x08000243   Thumb Code     0  libinit2.o(.ARM.Collect$$libinit$$00000030)
    __rt_lib_init_fp_trap_1                  0x08000243   Thumb Code     0  libinit2.o(.ARM.Collect$$libinit$$0000001F)
    __rt_lib_init_getenv_1                   0x08000243   Thumb Code     0  libinit2.o(.ARM.Collect$$libinit$$00000023)
    __rt_lib_init_heap_1                     0x08000243   Thumb Code     0  libinit2.o(.ARM.Collect$$libinit$$0000000A)
    __rt_lib_init_lc_collate_1               0x08000243   Thumb Code     0  libinit2.o(.ARM.Collect$$libinit$$00000011)
    __rt_lib_init_lc_ctype_1                 0x08000243   Thumb Code     0  libinit2.o(.ARM.Collect$$libinit$$00000013)
    __rt_lib_init_lc_monetary_1              0x08000243   Thumb Code     0  libinit2.o(.ARM.Collect$$libinit$$00000015)
    __rt_lib_init_lc_numeric_1               0x08000243   Thumb Code     0  libinit2.o(.ARM.Collect$$libinit$$00000017)
    __rt_lib_init_lc_time_1                  0x08000243   Thumb Code     0  libinit2.o(.ARM.Collect$$libinit$$00000019)
    __rt_lib_init_preinit_1                  0x08000243   Thumb Code     0  libinit2.o(.ARM.Collect$$libinit$$00000004)
    __rt_lib_init_rand_1                     0x08000243   Thumb Code     0  libinit2.o(.ARM.Collect$$libinit$$0000000E)
    __rt_lib_init_return                     0x08000243   Thumb Code     0  libinit2.o(.ARM.Collect$$libinit$$00000033)
    __rt_lib_init_signal_1                   0x08000243   Thumb Code     0  libinit2.o(.ARM.Collect$$libinit$$0000001D)
    __rt_lib_init_stdio_1                    0x08000243   Thumb Code     0  libinit2.o(.ARM.Collect$$libinit$$00000025)
    __rt_lib_init_user_alloc_1               0x08000243   Thumb Code     0  libinit2.o(.ARM.Collect$$libinit$$0000000C)
    __rt_lib_shutdown                        0x08000245   Thumb Code     0  libshutdown.o(.ARM.Collect$$libshutdown$$00000000)
    __rt_lib_shutdown_cpp_1                  0x08000247   Thumb Code     0  libshutdown2.o(.ARM.Collect$$libshutdown$$00000002)
    __rt_lib_shutdown_fp_trap_1              0x08000247   Thumb Code     0  libshutdown2.o(.ARM.Collect$$libshutdown$$00000007)
    __rt_lib_shutdown_heap_1                 0x08000247   Thumb Code     0  libshutdown2.o(.ARM.Collect$$libshutdown$$0000000F)
    __rt_lib_shutdown_return                 0x08000247   Thumb Code     0  libshutdown2.o(.ARM.Collect$$libshutdown$$00000010)
    __rt_lib_shutdown_signal_1               0x08000247   Thumb Code     0  libshutdown2.o(.ARM.Collect$$libshutdown$$0000000A)
    __rt_lib_shutdown_stdio_1                0x08000247   Thumb Code     0  libshutdown2.o(.ARM.Collect$$libshutdown$$00000004)
    __rt_lib_shutdown_user_alloc_1           0x08000247   Thumb Code     0  libshutdown2.o(.ARM.Collect$$libshutdown$$0000000C)
    __rt_entry                               0x08000249   Thumb Code     0  __rtentry.o(.ARM.Collect$$rtentry$$00000000)
    __rt_entry_presh_1                       0x08000249   Thumb Code     0  __rtentry2.o(.ARM.Collect$$rtentry$$00000002)
    __rt_entry_sh                            0x08000249   Thumb Code     0  __rtentry4.o(.ARM.Collect$$rtentry$$00000004)
    __rt_entry_li                            0x0800024f   Thumb Code     0  __rtentry2.o(.ARM.Collect$$rtentry$$0000000A)
    __rt_entry_postsh_1                      0x0800024f   Thumb Code     0  __rtentry2.o(.ARM.Collect$$rtentry$$00000009)
    __rt_entry_main                          0x08000253   Thumb Code     0  __rtentry2.o(.ARM.Collect$$rtentry$$0000000D)
    __rt_entry_postli_1                      0x08000253   Thumb Code     0  __rtentry2.o(.ARM.Collect$$rtentry$$0000000C)
    __rt_exit                                0x0800025b   Thumb Code     0  rtexit.o(.ARM.Collect$$rtexit$$00000000)
    __rt_exit_ls                             0x0800025d   Thumb Code     0  rtexit2.o(.ARM.Collect$$rtexit$$00000003)
    __rt_exit_prels_1                        0x0800025d   Thumb Code     0  rtexit2.o(.ARM.Collect$$rtexit$$00000002)
    __rt_exit_exit                           0x08000261   Thumb Code     0  rtexit2.o(.ARM.Collect$$rtexit$$00000004)
    Reset_Handler                            0x08000269   Thumb Code     8  startup_stm32f40_41xxx.o(.text)
    ADC_IRQHandler                           0x08000283   Thumb Code     0  startup_stm32f40_41xxx.o(.text)
    CAN1_RX1_IRQHandler                      0x08000283   Thumb Code     0  startup_stm32f40_41xxx.o(.text)
    CAN1_SCE_IRQHandler                      0x08000283   Thumb Code     0  startup_stm32f40_41xxx.o(.text)
    CAN1_TX_IRQHandler                       0x08000283   Thumb Code     0  startup_stm32f40_41xxx.o(.text)
    CAN2_RX0_IRQHandler                      0x08000283   Thumb Code     0  startup_stm32f40_41xxx.o(.text)
    CAN2_RX1_IRQHandler                      0x08000283   Thumb Code     0  startup_stm32f40_41xxx.o(.text)
    CAN2_SCE_IRQHandler                      0x08000283   Thumb Code     0  startup_stm32f40_41xxx.o(.text)
    CAN2_TX_IRQHandler                       0x08000283   Thumb Code     0  startup_stm32f40_41xxx.o(.text)
    CRYP_IRQHandler                          0x08000283   Thumb Code     0  startup_stm32f40_41xxx.o(.text)
    DCMI_IRQHandler                          0x08000283   Thumb Code     0  startup_stm32f40_41xxx.o(.text)
    DMA1_Stream0_IRQHandler                  0x08000283   Thumb Code     0  startup_stm32f40_41xxx.o(.text)
    DMA1_Stream1_IRQHandler                  0x08000283   Thumb Code     0  startup_stm32f40_41xxx.o(.text)
    DMA1_Stream2_IRQHandler                  0x08000283   Thumb Code     0  startup_stm32f40_41xxx.o(.text)
    DMA1_Stream3_IRQHandler                  0x08000283   Thumb Code     0  startup_stm32f40_41xxx.o(.text)
    DMA1_Stream4_IRQHandler                  0x08000283   Thumb Code     0  startup_stm32f40_41xxx.o(.text)
    DMA1_Stream5_IRQHandler                  0x08000283   Thumb Code     0  startup_stm32f40_41xxx.o(.text)
    DMA1_Stream6_IRQHandler                  0x08000283   Thumb Code     0  startup_stm32f40_41xxx.o(.text)
    DMA1_Stream7_IRQHandler                  0x08000283   Thumb Code     0  startup_stm32f40_41xxx.o(.text)
    DMA2_Stream0_IRQHandler                  0x08000283   Thumb Code     0  startup_stm32f40_41xxx.o(.text)
    DMA2_Stream1_IRQHandler                  0x08000283   Thumb Code     0  startup_stm32f40_41xxx.o(.text)
    DMA2_Stream2_IRQHandler                  0x08000283   Thumb Code     0  startup_stm32f40_41xxx.o(.text)
    DMA2_Stream3_IRQHandler                  0x08000283   Thumb Code     0  startup_stm32f40_41xxx.o(.text)
    DMA2_Stream4_IRQHandler                  0x08000283   Thumb Code     0  startup_stm32f40_41xxx.o(.text)
    DMA2_Stream5_IRQHandler                  0x08000283   Thumb Code     0  startup_stm32f40_41xxx.o(.text)
    DMA2_Stream6_IRQHandler                  0x08000283   Thumb Code     0  startup_stm32f40_41xxx.o(.text)
    DMA2_Stream7_IRQHandler                  0x08000283   Thumb Code     0  startup_stm32f40_41xxx.o(.text)
    ETH_IRQHandler                           0x08000283   Thumb Code     0  startup_stm32f40_41xxx.o(.text)
    ETH_WKUP_IRQHandler                      0x08000283   Thumb Code     0  startup_stm32f40_41xxx.o(.text)
    EXTI0_IRQHandler                         0x08000283   Thumb Code     0  startup_stm32f40_41xxx.o(.text)
    EXTI15_10_IRQHandler                     0x08000283   Thumb Code     0  startup_stm32f40_41xxx.o(.text)
    EXTI1_IRQHandler                         0x08000283   Thumb Code     0  startup_stm32f40_41xxx.o(.text)
    EXTI2_IRQHandler                         0x08000283   Thumb Code     0  startup_stm32f40_41xxx.o(.text)
    EXTI3_IRQHandler                         0x08000283   Thumb Code     0  startup_stm32f40_41xxx.o(.text)
    EXTI4_IRQHandler                         0x08000283   Thumb Code     0  startup_stm32f40_41xxx.o(.text)
    EXTI9_5_IRQHandler                       0x08000283   Thumb Code     0  startup_stm32f40_41xxx.o(.text)
    FLASH_IRQHandler                         0x08000283   Thumb Code     0  startup_stm32f40_41xxx.o(.text)
    FPU_IRQHandler                           0x08000283   Thumb Code     0  startup_stm32f40_41xxx.o(.text)
    FSMC_IRQHandler                          0x08000283   Thumb Code     0  startup_stm32f40_41xxx.o(.text)
    HASH_RNG_IRQHandler                      0x08000283   Thumb Code     0  startup_stm32f40_41xxx.o(.text)
    I2C1_ER_IRQHandler                       0x08000283   Thumb Code     0  startup_stm32f40_41xxx.o(.text)
    I2C1_EV_IRQHandler                       0x08000283   Thumb Code     0  startup_stm32f40_41xxx.o(.text)
    I2C2_ER_IRQHandler                       0x08000283   Thumb Code     0  startup_stm32f40_41xxx.o(.text)
    I2C2_EV_IRQHandler                       0x08000283   Thumb Code     0  startup_stm32f40_41xxx.o(.text)
    I2C3_ER_IRQHandler                       0x08000283   Thumb Code     0  startup_stm32f40_41xxx.o(.text)
    I2C3_EV_IRQHandler                       0x08000283   Thumb Code     0  startup_stm32f40_41xxx.o(.text)
    OTG_FS_IRQHandler                        0x08000283   Thumb Code     0  startup_stm32f40_41xxx.o(.text)
    OTG_FS_WKUP_IRQHandler                   0x08000283   Thumb Code     0  startup_stm32f40_41xxx.o(.text)
    OTG_HS_EP1_IN_IRQHandler                 0x08000283   Thumb Code     0  startup_stm32f40_41xxx.o(.text)
    OTG_HS_EP1_OUT_IRQHandler                0x08000283   Thumb Code     0  startup_stm32f40_41xxx.o(.text)
    OTG_HS_IRQHandler                        0x08000283   Thumb Code     0  startup_stm32f40_41xxx.o(.text)
    OTG_HS_WKUP_IRQHandler                   0x08000283   Thumb Code     0  startup_stm32f40_41xxx.o(.text)
    PVD_IRQHandler                           0x08000283   Thumb Code     0  startup_stm32f40_41xxx.o(.text)
    RCC_IRQHandler                           0x08000283   Thumb Code     0  startup_stm32f40_41xxx.o(.text)
    RTC_Alarm_IRQHandler                     0x08000283   Thumb Code     0  startup_stm32f40_41xxx.o(.text)
    RTC_WKUP_IRQHandler                      0x08000283   Thumb Code     0  startup_stm32f40_41xxx.o(.text)
    SDIO_IRQHandler                          0x08000283   Thumb Code     0  startup_stm32f40_41xxx.o(.text)
    SPI1_IRQHandler                          0x08000283   Thumb Code     0  startup_stm32f40_41xxx.o(.text)
    SPI2_IRQHandler                          0x08000283   Thumb Code     0  startup_stm32f40_41xxx.o(.text)
    SPI3_IRQHandler                          0x08000283   Thumb Code     0  startup_stm32f40_41xxx.o(.text)
    TAMP_STAMP_IRQHandler                    0x08000283   Thumb Code     0  startup_stm32f40_41xxx.o(.text)
    TIM1_BRK_TIM9_IRQHandler                 0x08000283   Thumb Code     0  startup_stm32f40_41xxx.o(.text)
    TIM1_CC_IRQHandler                       0x08000283   Thumb Code     0  startup_stm32f40_41xxx.o(.text)
    TIM1_TRG_COM_TIM11_IRQHandler            0x08000283   Thumb Code     0  startup_stm32f40_41xxx.o(.text)
    TIM1_UP_TIM10_IRQHandler                 0x08000283   Thumb Code     0  startup_stm32f40_41xxx.o(.text)
    TIM4_IRQHandler                          0x08000283   Thumb Code     0  startup_stm32f40_41xxx.o(.text)
    TIM5_IRQHandler                          0x08000283   Thumb Code     0  startup_stm32f40_41xxx.o(.text)
    TIM6_DAC_IRQHandler                      0x08000283   Thumb Code     0  startup_stm32f40_41xxx.o(.text)
    TIM7_IRQHandler                          0x08000283   Thumb Code     0  startup_stm32f40_41xxx.o(.text)
    TIM8_BRK_TIM12_IRQHandler                0x08000283   Thumb Code     0  startup_stm32f40_41xxx.o(.text)
    TIM8_CC_IRQHandler                       0x08000283   Thumb Code     0  startup_stm32f40_41xxx.o(.text)
    TIM8_TRG_COM_TIM14_IRQHandler            0x08000283   Thumb Code     0  startup_stm32f40_41xxx.o(.text)
    TIM8_UP_TIM13_IRQHandler                 0x08000283   Thumb Code     0  startup_stm32f40_41xxx.o(.text)
    UART4_IRQHandler                         0x08000283   Thumb Code     0  startup_stm32f40_41xxx.o(.text)
    UART5_IRQHandler                         0x08000283   Thumb Code     0  startup_stm32f40_41xxx.o(.text)
    USART2_IRQHandler                        0x08000283   Thumb Code     0  startup_stm32f40_41xxx.o(.text)
    USART3_IRQHandler                        0x08000283   Thumb Code     0  startup_stm32f40_41xxx.o(.text)
    WWDG_IRQHandler                          0x08000283   Thumb Code     0  startup_stm32f40_41xxx.o(.text)
    __user_initial_stackheap                 0x08000285   Thumb Code     0  startup_stm32f40_41xxx.o(.text)
    __aeabi_memclr4                          0x080002a9   Thumb Code     0  rt_memclr_w.o(.text)
    __aeabi_memclr8                          0x080002a9   Thumb Code     0  rt_memclr_w.o(.text)
    __rt_memclr_w                            0x080002a9   Thumb Code    78  rt_memclr_w.o(.text)
    _memset_w                                0x080002ad   Thumb Code     0  rt_memclr_w.o(.text)
    __use_two_region_memory                  0x080002f7   Thumb Code     2  heapauxi.o(.text)
    __rt_heap_escrow$2region                 0x080002f9   Thumb Code     2  heapauxi.o(.text)
    __rt_heap_expand$2region                 0x080002fb   Thumb Code     2  heapauxi.o(.text)
    __user_setup_stackheap                   0x080002fd   Thumb Code    74  sys_stackheap_outer.o(.text)
    exit                                     0x08000347   Thumb Code    18  exit.o(.text)
    __user_libspace                          0x08000359   Thumb Code     8  libspace.o(.text)
    __user_perproc_libspace                  0x08000359   Thumb Code     0  libspace.o(.text)
    __user_perthread_libspace                0x08000359   Thumb Code     0  libspace.o(.text)
    _sys_exit                                0x08000361   Thumb Code     8  sys_exit.o(.text)
    __I$use$semihosting                      0x0800036d   Thumb Code     0  use_no_semi.o(.text)
    __use_no_semihosting_swi                 0x0800036d   Thumb Code     2  use_no_semi.o(.text)
    BusFault_Handler                         0x0800036f   Thumb Code     4  stm32f4xx_it.o(i.BusFault_Handler)
    __semihosting_library_function           0x0800036f   Thumb Code     0  indicate_semi.o(.text)
    CAN1_Configuration                       0x08000375   Thumb Code   244  can1.o(i.CAN1_Configuration)
    CAN1_RX0_IRQHandler                      0x08000471   Thumb Code   680  can1.o(i.CAN1_RX0_IRQHandler)
    CAN_ClearFlag                            0x08000759   Thumb Code    52  stm32f4xx_can.o(i.CAN_ClearFlag)
    CAN_ClearITPendingBit                    0x08000791   Thumb Code   162  stm32f4xx_can.o(i.CAN_ClearITPendingBit)
    CAN_FilterInit                           0x08000839   Thumb Code   258  stm32f4xx_can.o(i.CAN_FilterInit)
    CAN_GetITStatus                          0x08000941   Thumb Code   284  stm32f4xx_can.o(i.CAN_GetITStatus)
    CAN_ITConfig                             0x08000a61   Thumb Code    18  stm32f4xx_can.o(i.CAN_ITConfig)
    CAN_Init                                 0x08000a73   Thumb Code   276  stm32f4xx_can.o(i.CAN_Init)
    CAN_Receive                              0x08000b87   Thumb Code   240  stm32f4xx_can.o(i.CAN_Receive)
    CAN_Transmit                             0x08000c77   Thumb Code   294  stm32f4xx_can.o(i.CAN_Transmit)
    DMA_Cmd                                  0x08000daf   Thumb Code    22  stm32f4xx_dma.o(i.DMA_Cmd)
    DMA_DeInit                               0x08000dc5   Thumb Code   324  stm32f4xx_dma.o(i.DMA_DeInit)
    DMA_DoubleBufferModeCmd                  0x08000f1d   Thumb Code    22  stm32f4xx_dma.o(i.DMA_DoubleBufferModeCmd)
    DMA_DoubleBufferModeConfig               0x08000f33   Thumb Code    24  stm32f4xx_dma.o(i.DMA_DoubleBufferModeConfig)
    DMA_GetCurrDataCounter                   0x08000f4b   Thumb Code     8  stm32f4xx_dma.o(i.DMA_GetCurrDataCounter)
    DMA_GetCurrentMemoryTarget               0x08000f53   Thumb Code    20  stm32f4xx_dma.o(i.DMA_GetCurrentMemoryTarget)
    DMA_Init                                 0x08000f69   Thumb Code    82  stm32f4xx_dma.o(i.DMA_Init)
    DMA_StructInit                           0x08000fc1   Thumb Code    34  stm32f4xx_dma.o(i.DMA_StructInit)
    DebugMon_Handler                         0x08000fe3   Thumb Code     2  stm32f4xx_it.o(i.DebugMon_Handler)
    DecodeS16Data                            0x08000fe5   Thumb Code    14  mydataprocess.o(i.DecodeS16Data)
    Display_IO_init                          0x08000ff5   Thumb Code   194  digital_display.o(i.Display_IO_init)
    GPIO_Init                                0x080010c5   Thumb Code   144  stm32f4xx_gpio.o(i.GPIO_Init)
    GPIO_PinAFConfig                         0x08001155   Thumb Code    70  stm32f4xx_gpio.o(i.GPIO_PinAFConfig)
    GPIO_ReadInputDataBit                    0x0800119b   Thumb Code    18  stm32f4xx_gpio.o(i.GPIO_ReadInputDataBit)
    GPIO_ResetBits                           0x080011ad   Thumb Code     4  stm32f4xx_gpio.o(i.GPIO_ResetBits)
    GPIO_SetBits                             0x080011b1   Thumb Code     4  stm32f4xx_gpio.o(i.GPIO_SetBits)
    GPIO_StructInit                          0x080011b5   Thumb Code    18  stm32f4xx_gpio.o(i.GPIO_StructInit)
    GetInputMode                             0x080011c9   Thumb Code     6  remote_task.o(i.GetInputMode)
    HardFault_Handler                        0x080011d5   Thumb Code     4  stm32f4xx_it.o(i.HardFault_Handler)
    Loop                                     0x080011d9   Thumb Code   342  duty.o(i.Loop)
    MemManage_Handler                        0x0800135d   Thumb Code     4  stm32f4xx_it.o(i.MemManage_Handler)
    MouseKeyControlProcess                   0x08001361   Thumb Code     2  remote_task.o(i.MouseKeyControlProcess)
    NMI_Handler                              0x08001363   Thumb Code     2  stm32f4xx_it.o(i.NMI_Handler)
    NVIC_Init                                0x08001365   Thumb Code   106  misc.o(i.NVIC_Init)
    PID_Calc                                 0x080013dd   Thumb Code   312  pid.o(i.PID_Calc)
    PID_Init                                 0x0800151d   Thumb Code    14  pid.o(i.PID_Init)
    PID_InitALL                              0x0800152d   Thumb Code   196  pid.o(i.PID_InitALL)
    PID_SetParam                             0x0800162d   Thumb Code    22  pid.o(i.PID_SetParam)
    PendSV_Handler                           0x08001643   Thumb Code     2  stm32f4xx_it.o(i.PendSV_Handler)
    RCC_AHB1PeriphClockCmd                   0x08001645   Thumb Code    26  stm32f4xx_rcc.o(i.RCC_AHB1PeriphClockCmd)
    RCC_APB1PeriphClockCmd                   0x08001665   Thumb Code    26  stm32f4xx_rcc.o(i.RCC_APB1PeriphClockCmd)
    RCC_APB1PeriphResetCmd                   0x08001685   Thumb Code    26  stm32f4xx_rcc.o(i.RCC_APB1PeriphResetCmd)
    RCC_APB2PeriphClockCmd                   0x080016a5   Thumb Code    26  stm32f4xx_rcc.o(i.RCC_APB2PeriphClockCmd)
    RCC_APB2PeriphResetCmd                   0x080016c5   Thumb Code    26  stm32f4xx_rcc.o(i.RCC_APB2PeriphResetCmd)
    RCC_GetClocksFreq                        0x080016e5   Thumb Code   214  stm32f4xx_rcc.o(i.RCC_GetClocksFreq)
    RemoteControlProcess                     0x080017cd   Thumb Code   146  remote_task.o(i.RemoteControlProcess)
    RemoteDataPrcess                         0x08001885   Thumb Code   228  remote_task.o(i.RemoteDataPrcess)
    SVC_Handler                              0x08001971   Thumb Code     2  stm32f4xx_it.o(i.SVC_Handler)
    Send_motorvalue_CAN1_4                   0x08001975   Thumb Code    94  can1.o(i.Send_motorvalue_CAN1_4)
    SetInputMode                             0x080019d9   Thumb Code    36  remote_task.o(i.SetInputMode)
    Stop_immediate                           0x08001aed   Thumb Code    14  remote_task.o(i.Stop_immediate)
    SysTick_Handler                          0x08001b05   Thumb Code     2  stm32f4xx_it.o(i.SysTick_Handler)
    SystemInit                               0x08001b09   Thumb Code    88  system_stm32f4xx.o(i.SystemInit)
    TIM2_IRQHandler                          0x08001b71   Thumb Code    22  tim2.o(i.TIM2_IRQHandler)
    TIM3_IRQHandler                          0x08001b89   Thumb Code  1258  tim3.o(i.TIM3_IRQHandler)
    TIM_ARRPreloadConfig                     0x08002091   Thumb Code    24  stm32f4xx_tim.o(i.TIM_ARRPreloadConfig)
    TIM_ClearFlag                            0x080020a9   Thumb Code     6  stm32f4xx_tim.o(i.TIM_ClearFlag)
    TIM_Cmd                                  0x080020af   Thumb Code    24  stm32f4xx_tim.o(i.TIM_Cmd)
    TIM_CtrlPWMOutputs                       0x080020c7   Thumb Code    30  stm32f4xx_tim.o(i.TIM_CtrlPWMOutputs)
    TIM_GetITStatus                          0x080020e5   Thumb Code    34  stm32f4xx_tim.o(i.TIM_GetITStatus)
    TIM_ITConfig                             0x08002107   Thumb Code    18  stm32f4xx_tim.o(i.TIM_ITConfig)
    TIM_OC1Init                              0x08002119   Thumb Code   114  stm32f4xx_tim.o(i.TIM_OC1Init)
    TIM_OC1PreloadConfig                     0x08002195   Thumb Code    18  stm32f4xx_tim.o(i.TIM_OC1PreloadConfig)
    TIM_OC2Init                              0x080021a9   Thumb Code   154  stm32f4xx_tim.o(i.TIM_OC2Init)
    TIM_OC2PreloadConfig                     0x0800224d   Thumb Code    26  stm32f4xx_tim.o(i.TIM_OC2PreloadConfig)
    TIM_OC3Init                              0x08002269   Thumb Code   150  stm32f4xx_tim.o(i.TIM_OC3Init)
    TIM_OC3PreloadConfig                     0x08002309   Thumb Code    18  stm32f4xx_tim.o(i.TIM_OC3PreloadConfig)
    TIM_OCStructInit                         0x0800231b   Thumb Code    20  stm32f4xx_tim.o(i.TIM_OCStructInit)
    TIM_TimeBaseInit                         0x08002331   Thumb Code   104  stm32f4xx_tim.o(i.TIM_TimeBaseInit)
    TIM_TimeBaseStructInit                   0x080023b5   Thumb Code    18  stm32f4xx_tim.o(i.TIM_TimeBaseStructInit)
    Tan_left                                 0x080023c9   Thumb Code    78  digital_display.o(i.Tan_left)
    Tan_right                                0x08002421   Thumb Code    78  digital_display.o(i.Tan_right)
    Tim2_Configuration                       0x08002475   Thumb Code   366  tim2.o(i.Tim2_Configuration)
    Tim3_Configuration                       0x080025e9   Thumb Code   102  tim3.o(i.Tim3_Configuration)
    Tim4_Configuration                       0x08002655   Thumb Code   224  tim2.o(i.Tim4_Configuration)
    USART1_Configuration                     0x0800273d   Thumb Code   298  usart1.o(i.USART1_Configuration)
    USART1_IRQHandler                        0x08002879   Thumb Code   230  usart1.o(i.USART1_IRQHandler)
    USART6_IRQHandler                        0x08002979   Thumb Code    38  usart6.o(i.USART6_IRQHandler)
    USART_ClearITPendingBit                  0x080029a9   Thumb Code    30  stm32f4xx_usart.o(i.USART_ClearITPendingBit)
    USART_ClockInit                          0x080029c7   Thumb Code    32  stm32f4xx_usart.o(i.USART_ClockInit)
    USART_Cmd                                0x080029e7   Thumb Code    24  stm32f4xx_usart.o(i.USART_Cmd)
    USART_DMACmd                             0x080029ff   Thumb Code    18  stm32f4xx_usart.o(i.USART_DMACmd)
    USART_DeInit                             0x08002a11   Thumb Code   206  stm32f4xx_usart.o(i.USART_DeInit)
    USART_GetITStatus                        0x08002b01   Thumb Code    84  stm32f4xx_usart.o(i.USART_GetITStatus)
    USART_ITConfig                           0x08002b55   Thumb Code    74  stm32f4xx_usart.o(i.USART_ITConfig)
    USART_Init                               0x08002ba1   Thumb Code   204  stm32f4xx_usart.o(i.USART_Init)
    USART_ReceiveData                        0x08002c75   Thumb Code    10  stm32f4xx_usart.o(i.USART_ReceiveData)
    USART_StructInit                         0x08002c7f   Thumb Code    24  stm32f4xx_usart.o(i.USART_StructInit)
    UsageFault_Handler                       0x08002c97   Thumb Code     4  stm32f4xx_it.o(i.UsageFault_Handler)
    Usart6_Init                              0x08002c9d   Thumb Code   238  usart6.o(i.Usart6_Init)
    bullet_outer_1                           0x08002d95   Thumb Code    96  detect_task.o(i.bullet_outer_1)
    bullet_outer_2                           0x08002e11   Thumb Code    96  detect_task.o(i.bullet_outer_2)
    display_left                             0x08002e8d   Thumb Code    54  digital_display.o(i.display_left)
    display_right                            0x08002ecd   Thumb Code    50  digital_display.o(i.display_right)
    engineer_to_hero_supply                  0x08002f09   Thumb Code   174  supply_task.o(i.engineer_to_hero_supply)
    fabs_1                                   0x08002fed   Thumb Code    14  motor_pid_task.o(i.fabs_1)
    guangdian_detect_circle                  0x08002ffd   Thumb Code    32  detect_task.o(i.guangdian_detect_circle)
    guangdian_sensor                         0x08003025   Thumb Code    78  pon_limit.o(i.guangdian_sensor)
    infantry_supply                          0x08003079   Thumb Code   208  supply_task.o(i.infantry_supply)
    kasi_defending                           0x08003175   Thumb Code   144  motor_pid_task.o(i.kasi_defending)
    main                                     0x0800322d   Thumb Code    58  main.o(i.main)
    motor_pid_task                           0x0800326d   Thumb Code   380  motor_pid_task.o(i.motor_pid_task)
    pon_detect_circle                        0x08003431   Thumb Code    76  detect_task.o(i.pon_detect_circle)
    pon_limit_Init                           0x08003489   Thumb Code   196  pon_limit.o(i.pon_limit_Init)
    __aeabi_d2f                              0x08003555   Thumb Code     0  d2f.o(x$fpl$d2f)
    _d2f                                     0x08003555   Thumb Code    98  d2f.o(x$fpl$d2f)
    __aeabi_dadd                             0x080035b9   Thumb Code     0  daddsub_clz.o(x$fpl$dadd)
    _dadd                                    0x080035b9   Thumb Code   332  daddsub_clz.o(x$fpl$dadd)
    __aeabi_i2d                              0x08003709   Thumb Code     0  dflt_clz.o(x$fpl$dflt)
    _dflt                                    0x08003709   Thumb Code    46  dflt_clz.o(x$fpl$dflt)
    __fpl_dnaninf                            0x08003737   Thumb Code   156  dnaninf.o(x$fpl$dnaninf)
    __fpl_dretinf                            0x080037d3   Thumb Code    12  dretinf.o(x$fpl$dretinf)
    __aeabi_dsub                             0x080037e1   Thumb Code     0  daddsub_clz.o(x$fpl$dsub)
    _dsub                                    0x080037e1   Thumb Code   464  daddsub_clz.o(x$fpl$dsub)
    __aeabi_f2d                              0x080039b5   Thumb Code     0  f2d.o(x$fpl$f2d)
    _f2d                                     0x080039b5   Thumb Code    86  f2d.o(x$fpl$f2d)
    __fpl_fnaninf                            0x08003a0b   Thumb Code   140  fnaninf.o(x$fpl$fnaninf)
    _fp_init                                 0x08003a97   Thumb Code    10  fpinit.o(x$fpl$fpinit)
    __fplib_config_fpu_vfp                   0x08003a9f   Thumb Code     0  fpinit.o(x$fpl$fpinit)
    __fplib_config_pureend_doubles           0x08003a9f   Thumb Code     0  fpinit.o(x$fpl$fpinit)
    __fpl_fretinf                            0x08003aa1   Thumb Code    10  fretinf.o(x$fpl$fretinf)
    __I$use$fp                               0x08003aaa   Number         0  usenofp.o(x$fpl$usenofp)
    Region$$Table$$Base                      0x08003aac   Number         0  anon$$obj.o(Region$$Table)
    Region$$Table$$Limit                     0x08003acc   Number         0  anon$$obj.o(Region$$Table)
    rm2006_fanzhuan_cnt1                     0x20000000   Data           4  tim3.o(.data)
    rm2006_fanzhuan_cnt2                     0x20000004   Data           4  tim3.o(.data)
    supply_box_uping_cnt                     0x20000008   Data           4  tim3.o(.data)
    waving_flag                              0x2000000c   Data           4  tim3.o(.data)
    box_down_cnt                             0x20000010   Data           4  tim3.o(.data)
    shift_cnt                                0x20000014   Data           1  usart1.o(.data)
    Communication_Temp                       0x2000001c   Data           1  usart6.o(.data)
    ma                                       0x2000001d   Data          10  digital_display.o(.data)
    Pidcalc_start_cnt                        0x20000028   Data           4  duty.o(.data)
    bullet_value_1_H                         0x2000002c   Data           4  duty.o(.data)
    bullet_value_1_T                         0x20000030   Data           4  duty.o(.data)
    bullet_value_1_G                         0x20000034   Data           4  duty.o(.data)
    bullet_value_2_H                         0x20000038   Data           4  duty.o(.data)
    bullet_value_2_T                         0x2000003c   Data           4  duty.o(.data)
    bullet_value_2_G                         0x20000040   Data           4  duty.o(.data)
    Tim_circle_flag_1ms                      0x20000044   Data           4  value_allinit.o(.data)
    Tim_circle_flag_2ms                      0x20000048   Data           4  value_allinit.o(.data)
    Tim_circle_flag_3ms                      0x2000004c   Data           4  value_allinit.o(.data)
    rm2006_1                                 0x20000050   Data           8  value_allinit.o(.data)
    rm2006_1_offset                          0x20000058   Data           2  value_allinit.o(.data)
    rm2006_1_cnt                             0x2000005a   Data           2  value_allinit.o(.data)
    rm2006_1_last                            0x2000005c   Data           2  value_allinit.o(.data)
    rm2006_2                                 0x2000005e   Data           8  value_allinit.o(.data)
    rm2006_2_offset                          0x20000066   Data           2  value_allinit.o(.data)
    rm2006_2_cnt                             0x20000068   Data           2  value_allinit.o(.data)
    rm2006_2_last                            0x2000006a   Data           2  value_allinit.o(.data)
    rm2006_3                                 0x2000006c   Data           8  value_allinit.o(.data)
    rm2006_3_offset                          0x20000074   Data           2  value_allinit.o(.data)
    rm2006_3_cnt                             0x20000076   Data           2  value_allinit.o(.data)
    rm2006_3_last                            0x20000078   Data           2  value_allinit.o(.data)
    rm3508                                   0x2000007a   Data           8  value_allinit.o(.data)
    rm3508_offset                            0x20000082   Data           2  value_allinit.o(.data)
    rm3508_cnt                               0x20000084   Data           2  value_allinit.o(.data)
    rm3508_last                              0x20000086   Data           2  value_allinit.o(.data)
    rm2006_1_tar                             0x20000088   Data           4  value_allinit.o(.data)
    rm2006_3_tar                             0x2000008c   Data           4  value_allinit.o(.data)
    box_motor_location                       0x20000090   Data           4  value_allinit.o(.data)
    box_motor_locationset                    0x20000094   Data           4  value_allinit.o(.data)
    box_motor_locationmax                    0x20000098   Data           4  value_allinit.o(.data)
    open_or_close_motorlocation              0x2000009c   Data           4  value_allinit.o(.data)
    open_or_close_motorlocationset           0x200000a0   Data           4  value_allinit.o(.data)
    open_or_close_motorlocationmax           0x200000a4   Data           4  value_allinit.o(.data)
    bullet_outer1_limit50_flag               0x200000a8   Data           4  value_allinit.o(.data)
    bullet_outer2_limit50_flag               0x200000ac   Data           4  value_allinit.o(.data)
    infantry_supply1_confirmflag             0x200000b0   Data           4  value_allinit.o(.data)
    infantry_supply2_confirmflag             0x200000b4   Data           4  value_allinit.o(.data)
    location_calc_flag                       0x200000b8   Data           2  value_allinit.o(.data)
    speed_calc_flag                          0x200000ba   Data           2  value_allinit.o(.data)
    pidcalc_startflag_can1                   0x200000bc   Data           2  value_allinit.o(.data)
    pidcalc_startflag_can2                   0x200000be   Data           2  value_allinit.o(.data)
    key                                      0x200000c0   Data           6  value_allinit.o(.data)
    light                                    0x200000c6   Data           4  value_allinit.o(.data)
    speed_set_1                              0x200000cc   Data           4  value_allinit.o(.data)
    speed_set_2                              0x200000d0   Data           4  value_allinit.o(.data)
    speed_set_3                              0x200000d4   Data           4  value_allinit.o(.data)
    speed_set_4                              0x200000d8   Data           4  value_allinit.o(.data)
    set_1                                    0x200000dc   Data           4  value_allinit.o(.data)
    set_2                                    0x200000e0   Data           4  value_allinit.o(.data)
    set_3                                    0x200000e4   Data           4  value_allinit.o(.data)
    chassis_reset_flag                       0x200000e8   Data           1  value_allinit.o(.data)
    Remote_Mode                              0x200000e9   Data           1  value_allinit.o(.data)
    usart_cnt                                0x200000ec   Data           4  value_allinit.o(.data)
    last_usart_cnt                           0x200000f0   Data           4  value_allinit.o(.data)
    remote_detect_flag                       0x200000f4   Data           4  value_allinit.o(.data)
    cnt_bais                                 0x200000f8   Data           4  value_allinit.o(.data)
    danger_cnt                               0x200000fc   Data           4  value_allinit.o(.data)
    smallbullet_out1_timecnt                 0x20000110   Data           4  supply_task.o(.data)
    smallbullet_out2_timecnt                 0x20000114   Data           4  supply_task.o(.data)
    engineer_detect_flag                     0x20000118   Data           4  supply_task.o(.data)
    engineer_detect_cnt                      0x2000011c   Data           4  supply_task.o(.data)
    supply_box_uping_flag                    0x20000120   Data           4  supply_task.o(.data)
    hero_supply_flag                         0x20000124   Data           4  supply_task.o(.data)
    box_down_and_close_flag                  0x20000128   Data           4  supply_task.o(.data)
    last_key0_status                         0x2000012c   Data           4  detect_task.o(.data)
    bullet_cnt_1                             0x20000130   Data           4  detect_task.o(.data)
    last_key1_status                         0x20000134   Data           4  detect_task.o(.data)
    bullet_cnt_2                             0x20000138   Data           4  detect_task.o(.data)
    rm2006_1rpm_err                          0x2000013c   Data           4  motor_pid_task.o(.data)
    rm2006_fanzhuan_flag1                    0x20000140   Data           4  motor_pid_task.o(.data)
    rm2006_3rpm_err                          0x20000144   Data           4  motor_pid_task.o(.data)
    rm2006_fanzhuan_flag2                    0x20000148   Data           4  motor_pid_task.o(.data)
    GimbalRef                                0x2000014c   Data           8  remote_task.o(.data)
    friction_wheel_state                     0x20000154   Data           1  remote_task.o(.data)
    front_leg_moveflag                       0x20000157   Data           1  remote_task.o(.data)
    behind_leg_moveflag                      0x20000158   Data           1  remote_task.o(.data)
    pick_moveflag                            0x20000159   Data           1  remote_task.o(.data)
    push_and_openframe_flag                  0x2000015a   Data           1  remote_task.o(.data)
    pick_function_flag                       0x2000015b   Data           1  remote_task.o(.data)
    mouse_press_lcnt                         0x2000015c   Data           4  remote_task.o(.data)
    mouse_press_rcnt                         0x20000160   Data           4  remote_task.o(.data)
    pick_cnt                                 0x20000164   Data           4  remote_task.o(.data)
    push_and_openframe_cnt                   0x20000168   Data           4  remote_task.o(.data)
    pick_function_cnt                        0x2000016c   Data           4  remote_task.o(.data)
    PidDataLocation_rm2006_1                 0x200001ac   Data          44  pid.o(.bss)
    PidDataLocation_rm2006_2                 0x200001d8   Data          44  pid.o(.bss)
    PidDataLocation_rm2006_3                 0x20000204   Data          44  pid.o(.bss)
    PidDataLocation_rm3508                   0x20000230   Data          44  pid.o(.bss)
    PidDataSpeed_rm2006_1                    0x2000025c   Data          44  pid.o(.bss)
    PidDataSpeed_rm2006_2                    0x20000288   Data          44  pid.o(.bss)
    PidDataSpeed_rm2006_3                    0x200002b4   Data          44  pid.o(.bss)
    PidDataSpeed_rm3508                      0x200002e0   Data          44  pid.o(.bss)
    RC_CtrlData                              0x2000030c   Data          22  remote_task.o(.bss)
    ChassisSpeedRef                          0x20000322   Data          10  remote_task.o(.bss)
    __libspace_start                         0x20000344   Data          96  libspace.o(.bss)
    __temporary_stack_top$libspace           0x200003a4   Data           0  libspace.o(.bss)



==============================================================================

Memory Map of the image

  Image Entry point : 0x08000189

  Load Region LR_IROM1 (Base: 0x08000000, Size: 0x00003c3c, Max: 0x00200000, ABSOLUTE, COMPRESSED[0x00003b10])

    Execution Region ER_IROM1 (Base: 0x08000000, Size: 0x00003acc, Max: 0x00200000, ABSOLUTE)

    Base Addr    Size         Type   Attr      Idx    E Section Name        Object

    0x08000000   0x00000188   Data   RO         1226    RESET               startup_stm32f40_41xxx.o
    0x08000188   0x00000008   Code   RO         3702  * !!!main             c_w.l(__main.o)
    0x08000190   0x00000034   Code   RO         3888    !!!scatter          c_w.l(__scatter.o)
    0x080001c4   0x0000005a   Code   RO         3886    !!dczerorl2         c_w.l(__dczerorl2.o)
    0x0800021e   0x00000002   PAD
    0x08000220   0x0000001c   Code   RO         3890    !!handler_zi        c_w.l(__scatter_zi.o)
    0x0800023c   0x00000002   Code   RO         3756    .ARM.Collect$$libinit$$00000000  c_w.l(libinit.o)
    0x0800023e   0x00000004   Code   RO         3762    .ARM.Collect$$libinit$$00000001  c_w.l(libinit2.o)
    0x08000242   0x00000000   Code   RO         3765    .ARM.Collect$$libinit$$00000004  c_w.l(libinit2.o)
    0x08000242   0x00000000   Code   RO         3768    .ARM.Collect$$libinit$$0000000A  c_w.l(libinit2.o)
    0x08000242   0x00000000   Code   RO         3770    .ARM.Collect$$libinit$$0000000C  c_w.l(libinit2.o)
    0x08000242   0x00000000   Code   RO         3772    .ARM.Collect$$libinit$$0000000E  c_w.l(libinit2.o)
    0x08000242   0x00000000   Code   RO         3775    .ARM.Collect$$libinit$$00000011  c_w.l(libinit2.o)
    0x08000242   0x00000000   Code   RO         3777    .ARM.Collect$$libinit$$00000013  c_w.l(libinit2.o)
    0x08000242   0x00000000   Code   RO         3779    .ARM.Collect$$libinit$$00000015  c_w.l(libinit2.o)
    0x08000242   0x00000000   Code   RO         3781    .ARM.Collect$$libinit$$00000017  c_w.l(libinit2.o)
    0x08000242   0x00000000   Code   RO         3783    .ARM.Collect$$libinit$$00000019  c_w.l(libinit2.o)
    0x08000242   0x00000000   Code   RO         3785    .ARM.Collect$$libinit$$0000001B  c_w.l(libinit2.o)
    0x08000242   0x00000000   Code   RO         3787    .ARM.Collect$$libinit$$0000001D  c_w.l(libinit2.o)
    0x08000242   0x00000000   Code   RO         3789    .ARM.Collect$$libinit$$0000001F  c_w.l(libinit2.o)
    0x08000242   0x00000000   Code   RO         3791    .ARM.Collect$$libinit$$00000021  c_w.l(libinit2.o)
    0x08000242   0x00000000   Code   RO         3793    .ARM.Collect$$libinit$$00000023  c_w.l(libinit2.o)
    0x08000242   0x00000000   Code   RO         3795    .ARM.Collect$$libinit$$00000025  c_w.l(libinit2.o)
    0x08000242   0x00000000   Code   RO         3799    .ARM.Collect$$libinit$$0000002C  c_w.l(libinit2.o)
    0x08000242   0x00000000   Code   RO         3801    .ARM.Collect$$libinit$$0000002E  c_w.l(libinit2.o)
    0x08000242   0x00000000   Code   RO         3803    .ARM.Collect$$libinit$$00000030  c_w.l(libinit2.o)
    0x08000242   0x00000000   Code   RO         3805    .ARM.Collect$$libinit$$00000032  c_w.l(libinit2.o)
    0x08000242   0x00000002   Code   RO         3806    .ARM.Collect$$libinit$$00000033  c_w.l(libinit2.o)
    0x08000244   0x00000002   Code   RO         3826    .ARM.Collect$$libshutdown$$00000000  c_w.l(libshutdown.o)
    0x08000246   0x00000000   Code   RO         3839    .ARM.Collect$$libshutdown$$00000002  c_w.l(libshutdown2.o)
    0x08000246   0x00000000   Code   RO         3841    .ARM.Collect$$libshutdown$$00000004  c_w.l(libshutdown2.o)
    0x08000246   0x00000000   Code   RO         3844    .ARM.Collect$$libshutdown$$00000007  c_w.l(libshutdown2.o)
    0x08000246   0x00000000   Code   RO         3847    .ARM.Collect$$libshutdown$$0000000A  c_w.l(libshutdown2.o)
    0x08000246   0x00000000   Code   RO         3849    .ARM.Collect$$libshutdown$$0000000C  c_w.l(libshutdown2.o)
    0x08000246   0x00000000   Code   RO         3852    .ARM.Collect$$libshutdown$$0000000F  c_w.l(libshutdown2.o)
    0x08000246   0x00000002   Code   RO         3853    .ARM.Collect$$libshutdown$$00000010  c_w.l(libshutdown2.o)
    0x08000248   0x00000000   Code   RO         3722    .ARM.Collect$$rtentry$$00000000  c_w.l(__rtentry.o)
    0x08000248   0x00000000   Code   RO         3733    .ARM.Collect$$rtentry$$00000002  c_w.l(__rtentry2.o)
    0x08000248   0x00000006   Code   RO         3745    .ARM.Collect$$rtentry$$00000004  c_w.l(__rtentry4.o)
    0x0800024e   0x00000000   Code   RO         3735    .ARM.Collect$$rtentry$$00000009  c_w.l(__rtentry2.o)
    0x0800024e   0x00000004   Code   RO         3736    .ARM.Collect$$rtentry$$0000000A  c_w.l(__rtentry2.o)
    0x08000252   0x00000000   Code   RO         3738    .ARM.Collect$$rtentry$$0000000C  c_w.l(__rtentry2.o)
    0x08000252   0x00000008   Code   RO         3739    .ARM.Collect$$rtentry$$0000000D  c_w.l(__rtentry2.o)
    0x0800025a   0x00000002   Code   RO         3760    .ARM.Collect$$rtexit$$00000000  c_w.l(rtexit.o)
    0x0800025c   0x00000000   Code   RO         3808    .ARM.Collect$$rtexit$$00000002  c_w.l(rtexit2.o)
    0x0800025c   0x00000004   Code   RO         3809    .ARM.Collect$$rtexit$$00000003  c_w.l(rtexit2.o)
    0x08000260   0x00000006   Code   RO         3810    .ARM.Collect$$rtexit$$00000004  c_w.l(rtexit2.o)
    0x08000266   0x00000002   PAD
    0x08000268   0x00000040   Code   RO         1227    .text               startup_stm32f40_41xxx.o
    0x080002a8   0x0000004e   Code   RO         3698    .text               c_w.l(rt_memclr_w.o)
    0x080002f6   0x00000006   Code   RO         3700    .text               c_w.l(heapauxi.o)
    0x080002fc   0x0000004a   Code   RO         3747    .text               c_w.l(sys_stackheap_outer.o)
    0x08000346   0x00000012   Code   RO         3749    .text               c_w.l(exit.o)
    0x08000358   0x00000008   Code   RO         3757    .text               c_w.l(libspace.o)
    0x08000360   0x0000000c   Code   RO         3818    .text               c_w.l(sys_exit.o)
    0x0800036c   0x00000002   Code   RO         3829    .text               c_w.l(use_no_semi.o)
    0x0800036e   0x00000000   Code   RO         3831    .text               c_w.l(indicate_semi.o)
    0x0800036e   0x00000004   Code   RO          224    i.BusFault_Handler  stm32f4xx_it.o
    0x08000372   0x00000002   PAD
    0x08000374   0x000000fc   Code   RO          740    i.CAN1_Configuration  can1.o
    0x08000470   0x000002e8   Code   RO          741    i.CAN1_RX0_IRQHandler  can1.o
    0x08000758   0x00000038   Code   RO         2196    i.CAN_ClearFlag     stm32f4xx_can.o
    0x08000790   0x000000a8   Code   RO         2197    i.CAN_ClearITPendingBit  stm32f4xx_can.o
    0x08000838   0x00000108   Code   RO         2201    i.CAN_FilterInit    stm32f4xx_can.o
    0x08000940   0x00000120   Code   RO         2203    i.CAN_GetITStatus   stm32f4xx_can.o
    0x08000a60   0x00000012   Code   RO         2207    i.CAN_ITConfig      stm32f4xx_can.o
    0x08000a72   0x00000114   Code   RO         2208    i.CAN_Init          stm32f4xx_can.o
    0x08000b86   0x000000f0   Code   RO         2211    i.CAN_Receive       stm32f4xx_can.o
    0x08000c76   0x00000126   Code   RO         2216    i.CAN_Transmit      stm32f4xx_can.o
    0x08000d9c   0x00000012   Code   RO         2219    i.CheckITStatus     stm32f4xx_can.o
    0x08000dae   0x00000016   Code   RO         2360    i.DMA_Cmd           stm32f4xx_dma.o
    0x08000dc4   0x00000158   Code   RO         2361    i.DMA_DeInit        stm32f4xx_dma.o
    0x08000f1c   0x00000016   Code   RO         2362    i.DMA_DoubleBufferModeCmd  stm32f4xx_dma.o
    0x08000f32   0x00000018   Code   RO         2363    i.DMA_DoubleBufferModeConfig  stm32f4xx_dma.o
    0x08000f4a   0x00000008   Code   RO         2366    i.DMA_GetCurrDataCounter  stm32f4xx_dma.o
    0x08000f52   0x00000014   Code   RO         2367    i.DMA_GetCurrentMemoryTarget  stm32f4xx_dma.o
    0x08000f66   0x00000002   PAD
    0x08000f68   0x00000058   Code   RO         2372    i.DMA_Init          stm32f4xx_dma.o
    0x08000fc0   0x00000022   Code   RO         2376    i.DMA_StructInit    stm32f4xx_dma.o
    0x08000fe2   0x00000002   Code   RO          225    i.DebugMon_Handler  stm32f4xx_it.o
    0x08000fe4   0x0000000e   Code   RO          991    i.DecodeS16Data     mydataprocess.o
    0x08000ff2   0x00000002   PAD
    0x08000ff4   0x000000d0   Code   RO          818    i.Display_IO_init   digital_display.o
    0x080010c4   0x00000090   Code   RO         1278    i.GPIO_Init         stm32f4xx_gpio.o
    0x08001154   0x00000046   Code   RO         1279    i.GPIO_PinAFConfig  stm32f4xx_gpio.o
    0x0800119a   0x00000012   Code   RO         1282    i.GPIO_ReadInputDataBit  stm32f4xx_gpio.o
    0x080011ac   0x00000004   Code   RO         1285    i.GPIO_ResetBits    stm32f4xx_gpio.o
    0x080011b0   0x00000004   Code   RO         1286    i.GPIO_SetBits      stm32f4xx_gpio.o
    0x080011b4   0x00000012   Code   RO         1287    i.GPIO_StructInit   stm32f4xx_gpio.o
    0x080011c6   0x00000002   PAD
    0x080011c8   0x0000000c   Code   RO         3641    i.GetInputMode      remote_task.o
    0x080011d4   0x00000004   Code   RO          226    i.HardFault_Handler  stm32f4xx_it.o
    0x080011d8   0x00000184   Code   RO          871    i.Loop              duty.o
    0x0800135c   0x00000004   Code   RO          227    i.MemManage_Handler  stm32f4xx_it.o
    0x08001360   0x00000002   Code   RO         3642    i.MouseKeyControlProcess  remote_task.o
    0x08001362   0x00000002   Code   RO          228    i.NMI_Handler       stm32f4xx_it.o
    0x08001364   0x00000078   Code   RO         1233    i.NVIC_Init         misc.o
    0x080013dc   0x00000140   Code   RO          942    i.PID_Calc          pid.o
    0x0800151c   0x0000000e   Code   RO          943    i.PID_Init          pid.o
    0x0800152a   0x00000002   PAD
    0x0800152c   0x00000100   Code   RO          944    i.PID_InitALL       pid.o
    0x0800162c   0x00000016   Code   RO          945    i.PID_SetParam      pid.o
    0x08001642   0x00000002   Code   RO          229    i.PendSV_Handler    stm32f4xx_it.o
    0x08001644   0x00000020   Code   RO         1375    i.RCC_AHB1PeriphClockCmd  stm32f4xx_rcc.o
    0x08001664   0x00000020   Code   RO         1384    i.RCC_APB1PeriphClockCmd  stm32f4xx_rcc.o
    0x08001684   0x00000020   Code   RO         1386    i.RCC_APB1PeriphResetCmd  stm32f4xx_rcc.o
    0x080016a4   0x00000020   Code   RO         1387    i.RCC_APB2PeriphClockCmd  stm32f4xx_rcc.o
    0x080016c4   0x00000020   Code   RO         1389    i.RCC_APB2PeriphResetCmd  stm32f4xx_rcc.o
    0x080016e4   0x000000e8   Code   RO         1396    i.RCC_GetClocksFreq  stm32f4xx_rcc.o
    0x080017cc   0x000000b8   Code   RO         3643    i.RemoteControlProcess  remote_task.o
    0x08001884   0x000000ec   Code   RO         3644    i.RemoteDataPrcess  remote_task.o
    0x08001970   0x00000002   Code   RO          230    i.SVC_Handler       stm32f4xx_it.o
    0x08001972   0x00000002   PAD
    0x08001974   0x00000064   Code   RO          743    i.Send_motorvalue_CAN1_4  can1.o
    0x080019d8   0x00000028   Code   RO         3645    i.SetInputMode      remote_task.o
    0x08001a00   0x000000ec   Code   RO          295    i.SetSysClock       system_stm32f4xx.o
    0x08001aec   0x00000018   Code   RO         3646    i.Stop_immediate    remote_task.o
    0x08001b04   0x00000002   Code   RO          231    i.SysTick_Handler   stm32f4xx_it.o
    0x08001b06   0x00000002   PAD
    0x08001b08   0x00000068   Code   RO          297    i.SystemInit        system_stm32f4xx.o
    0x08001b70   0x00000016   Code   RO          332    i.TIM2_IRQHandler   tim2.o
    0x08001b86   0x00000002   PAD
    0x08001b88   0x00000508   Code   RO          394    i.TIM3_IRQHandler   tim3.o
    0x08002090   0x00000018   Code   RO         2970    i.TIM_ARRPreloadConfig  stm32f4xx_tim.o
    0x080020a8   0x00000006   Code   RO         2976    i.TIM_ClearFlag     stm32f4xx_tim.o
    0x080020ae   0x00000018   Code   RO         2982    i.TIM_Cmd           stm32f4xx_tim.o
    0x080020c6   0x0000001e   Code   RO         2984    i.TIM_CtrlPWMOutputs  stm32f4xx_tim.o
    0x080020e4   0x00000022   Code   RO         3003    i.TIM_GetITStatus   stm32f4xx_tim.o
    0x08002106   0x00000012   Code   RO         3007    i.TIM_ITConfig      stm32f4xx_tim.o
    0x08002118   0x0000007c   Code   RO         3011    i.TIM_OC1Init       stm32f4xx_tim.o
    0x08002194   0x00000012   Code   RO         3014    i.TIM_OC1PreloadConfig  stm32f4xx_tim.o
    0x080021a6   0x00000002   PAD
    0x080021a8   0x000000a4   Code   RO         3016    i.TIM_OC2Init       stm32f4xx_tim.o
    0x0800224c   0x0000001a   Code   RO         3019    i.TIM_OC2PreloadConfig  stm32f4xx_tim.o
    0x08002266   0x00000002   PAD
    0x08002268   0x000000a0   Code   RO         3021    i.TIM_OC3Init       stm32f4xx_tim.o
    0x08002308   0x00000012   Code   RO         3024    i.TIM_OC3PreloadConfig  stm32f4xx_tim.o
    0x0800231a   0x00000014   Code   RO         3029    i.TIM_OCStructInit  stm32f4xx_tim.o
    0x0800232e   0x00000002   PAD
    0x08002330   0x00000084   Code   RO         3054    i.TIM_TimeBaseInit  stm32f4xx_tim.o
    0x080023b4   0x00000012   Code   RO         3055    i.TIM_TimeBaseStructInit  stm32f4xx_tim.o
    0x080023c6   0x00000002   PAD
    0x080023c8   0x00000058   Code   RO          819    i.Tan_left          digital_display.o
    0x08002420   0x00000054   Code   RO          820    i.Tan_right         digital_display.o
    0x08002474   0x00000174   Code   RO          333    i.Tim2_Configuration  tim2.o
    0x080025e8   0x0000006c   Code   RO          395    i.Tim3_Configuration  tim3.o
    0x08002654   0x000000e8   Code   RO          334    i.Tim4_Configuration  tim2.o
    0x0800273c   0x0000013c   Code   RO          554    i.USART1_Configuration  usart1.o
    0x08002878   0x00000100   Code   RO          555    i.USART1_IRQHandler  usart1.o
    0x08002978   0x00000030   Code   RO          601    i.USART6_IRQHandler  usart6.o
    0x080029a8   0x0000001e   Code   RO         1766    i.USART_ClearITPendingBit  stm32f4xx_usart.o
    0x080029c6   0x00000020   Code   RO         1767    i.USART_ClockInit   stm32f4xx_usart.o
    0x080029e6   0x00000018   Code   RO         1769    i.USART_Cmd         stm32f4xx_usart.o
    0x080029fe   0x00000012   Code   RO         1770    i.USART_DMACmd      stm32f4xx_usart.o
    0x08002a10   0x000000f0   Code   RO         1771    i.USART_DeInit      stm32f4xx_usart.o
    0x08002b00   0x00000054   Code   RO         1773    i.USART_GetITStatus  stm32f4xx_usart.o
    0x08002b54   0x0000004a   Code   RO         1775    i.USART_ITConfig    stm32f4xx_usart.o
    0x08002b9e   0x00000002   PAD
    0x08002ba0   0x000000d4   Code   RO         1776    i.USART_Init        stm32f4xx_usart.o
    0x08002c74   0x0000000a   Code   RO         1783    i.USART_ReceiveData  stm32f4xx_usart.o
    0x08002c7e   0x00000018   Code   RO         1792    i.USART_StructInit  stm32f4xx_usart.o
    0x08002c96   0x00000004   Code   RO          232    i.UsageFault_Handler  stm32f4xx_it.o
    0x08002c9a   0x00000002   PAD
    0x08002c9c   0x000000f8   Code   RO          602    i.Usart6_Init       usart6.o
    0x08002d94   0x0000007c   Code   RO         3564    i.bullet_outer_1    detect_task.o
    0x08002e10   0x0000007c   Code   RO         3565    i.bullet_outer_2    detect_task.o
    0x08002e8c   0x00000040   Code   RO          821    i.display_left      digital_display.o
    0x08002ecc   0x0000003c   Code   RO          822    i.display_right     digital_display.o
    0x08002f08   0x000000e4   Code   RO         3528    i.engineer_to_hero_supply  supply_task.o
    0x08002fec   0x0000000e   Code   RO         3606    i.fabs_1            motor_pid_task.o
    0x08002ffa   0x00000002   PAD
    0x08002ffc   0x00000028   Code   RO         3566    i.guangdian_detect_circle  detect_task.o
    0x08003024   0x00000054   Code   RO          789    i.guangdian_sensor  pon_limit.o
    0x08003078   0x000000fc   Code   RO         3529    i.infantry_supply   supply_task.o
    0x08003174   0x000000b8   Code   RO         3607    i.kasi_defending    motor_pid_task.o
    0x0800322c   0x00000040   Code   RO            3    i.main              main.o
    0x0800326c   0x000001c4   Code   RO         3608    i.motor_pid_task    motor_pid_task.o
    0x08003430   0x00000058   Code   RO         3567    i.pon_detect_circle  detect_task.o
    0x08003488   0x000000cc   Code   RO          790    i.pon_limit_Init    pon_limit.o
    0x08003554   0x00000062   Code   RO         3704    x$fpl$d2f           fz_wm.l(d2f.o)
    0x080035b6   0x00000002   PAD
    0x080035b8   0x00000150   Code   RO         3706    x$fpl$dadd          fz_wm.l(daddsub_clz.o)
    0x08003708   0x0000002e   Code   RO         3713    x$fpl$dflt          fz_wm.l(dflt_clz.o)
    0x08003736   0x0000009c   Code   RO         3723    x$fpl$dnaninf       fz_wm.l(dnaninf.o)
    0x080037d2   0x0000000c   Code   RO         3725    x$fpl$dretinf       fz_wm.l(dretinf.o)
    0x080037de   0x00000002   PAD
    0x080037e0   0x000001d4   Code   RO         3708    x$fpl$dsub          fz_wm.l(daddsub_clz.o)
    0x080039b4   0x00000056   Code   RO         3720    x$fpl$f2d           fz_wm.l(f2d.o)
    0x08003a0a   0x0000008c   Code   RO         3727    x$fpl$fnaninf       fz_wm.l(fnaninf.o)
    0x08003a96   0x0000000a   Code   RO         3816    x$fpl$fpinit        fz_wm.l(fpinit.o)
    0x08003aa0   0x0000000a   Code   RO         3729    x$fpl$fretinf       fz_wm.l(fretinf.o)
    0x08003aaa   0x00000000   Code   RO         3731    x$fpl$usenofp       fz_wm.l(usenofp.o)
    0x08003aaa   0x00000002   PAD
    0x08003aac   0x00000020   Data   RO         3884    Region$$Table       anon$$obj.o


    Execution Region RW_IRAM1 (Base: 0x20000000, Size: 0x000009a8, Max: 0x00030000, ABSOLUTE, COMPRESSED[0x00000044])

    Base Addr    Size         Type   Attr      Idx    E Section Name        Object

    0x20000000   0x00000014   Data   RW          396    .data               tim3.o
    0x20000014   0x00000008   Data   RW          557    .data               usart1.o
    0x2000001c   0x00000001   Data   RW          603    .data               usart6.o
    0x2000001d   0x0000000a   Data   RW          823    .data               digital_display.o
    0x20000027   0x00000001   PAD
    0x20000028   0x0000001c   Data   RW          872    .data               duty.o
    0x20000044   0x000000bc   Data   RW          921    .data               value_allinit.o
    0x20000100   0x00000010   Data   RW         1428    .data               stm32f4xx_rcc.o
    0x20000110   0x0000001c   Data   RW         3530    .data               supply_task.o
    0x2000012c   0x00000010   Data   RW         3568    .data               detect_task.o
    0x2000013c   0x00000010   Data   RW         3609    .data               motor_pid_task.o
    0x2000014c   0x00000024   Data   RW         3648    .data               remote_task.o
    0x20000170   0x0000003c   Zero   RW          556    .bss                usart1.o
    0x200001ac   0x00000160   Zero   RW          946    .bss                pid.o
    0x2000030c   0x00000037   Zero   RW         3647    .bss                remote_task.o
    0x20000343   0x00000001   PAD
    0x20000344   0x00000060   Zero   RW         3758    .bss                c_w.l(libspace.o)
    0x200003a4   0x00000004   PAD
    0x200003a8   0x00000200   Zero   RW         1225    HEAP                startup_stm32f40_41xxx.o
    0x200005a8   0x00000400   Zero   RW         1224    STACK               startup_stm32f40_41xxx.o


==============================================================================

Image component sizes


      Code (inc. data)   RO Data    RW Data    ZI Data      Debug   Object Name

      1096         78          0          0          0       2328   can1.o
       376         76          0         16          0       2474   detect_task.o
       504         50          0         10          0       3693   digital_display.o
       388         46          0         28          0       1173   duty.o
         0          0          0          0          0     269380   led.o
        64          6          0          0          0      31903   main.o
       120         14          0          0          0        980   misc.o
       650        112          0         16          0       2069   motor_pid_task.o
        14          0          0          0          0     305268   mydataprocess.o
       612         68          0          0        352       4125   pid.o
       288         14          0          0          0       1212   pon_limit.o
       498         66          0         36         55       7323   remote_task.o
        64         26        392          0       1536        832   startup_stm32f40_41xxx.o
      1622         20          0          0          0       6958   stm32f4xx_can.o
       562         26          0          0          0       5964   stm32f4xx_dma.o
       258          0          0          0          0       3985   stm32f4xx_gpio.o
        26          0          0          0          0       4106   stm32f4xx_it.o
       392         48          0         16          0       5721   stm32f4xx_rcc.o
       816         58          0          0          0       9773   stm32f4xx_tim.o
       748         42          0          0          0       7287   stm32f4xx_usart.o
       480         98          0         28          0       1832   supply_task.o
       340         32          0          0          0       1481   system_stm32f4xx.o
       626         14          0          0          0     237768   tim2.o
      1396        166          0         20          0       2061   tim3.o
       572         44          0          8         60       2015   usart1.o
       296         20          0          1          0     250167   usart6.o
         0          0          0        188          0       3021   value_allinit.o

    ----------------------------------------------------------------------
     12838       1124        424        368       2004    1174899   Object Totals
         0          0         32          0          0          0   (incl. Generated)
        30          0          0          1          1          0   (incl. Padding)

    ----------------------------------------------------------------------

      Code (inc. data)   RO Data    RW Data    ZI Data      Debug   Library Member Name

        90          0          0          0          0          0   __dczerorl2.o
         8          0          0          0          0         68   __main.o
         0          0          0          0          0          0   __rtentry.o
        12          0          0          0          0          0   __rtentry2.o
         6          0          0          0          0          0   __rtentry4.o
        52          8          0          0          0          0   __scatter.o
        28          0          0          0          0          0   __scatter_zi.o
        18          0          0          0          0         80   exit.o
         6          0          0          0          0        152   heapauxi.o
         0          0          0          0          0          0   indicate_semi.o
         2          0          0          0          0          0   libinit.o
         6          0          0          0          0          0   libinit2.o
         2          0          0          0          0          0   libshutdown.o
         2          0          0          0          0          0   libshutdown2.o
         8          4          0          0         96         68   libspace.o
        78          0          0          0          0         80   rt_memclr_w.o
         2          0          0          0          0          0   rtexit.o
        10          0          0          0          0          0   rtexit2.o
        12          4          0          0          0         68   sys_exit.o
        74          0          0          0          0         80   sys_stackheap_outer.o
         2          0          0          0          0         68   use_no_semi.o
        98          4          0          0          0        140   d2f.o
       804         16          0          0          0        368   daddsub_clz.o
        46          0          0          0          0        116   dflt_clz.o
       156          4          0          0          0        140   dnaninf.o
        12          0          0          0          0        116   dretinf.o
        86          4          0          0          0        132   f2d.o
       140          4          0          0          0        132   fnaninf.o
        10          0          0          0          0        116   fpinit.o
        10          0          0          0          0        116   fretinf.o
         0          0          0          0          0          0   usenofp.o

    ----------------------------------------------------------------------
      1790         48          0          0        100       2040   Library Totals
        10          0          0          0          4          0   (incl. Padding)

    ----------------------------------------------------------------------

      Code (inc. data)   RO Data    RW Data    ZI Data      Debug   Library Name

       418         16          0          0         96        664   c_w.l
      1362         32          0          0          0       1376   fz_wm.l

    ----------------------------------------------------------------------
      1790         48          0          0        100       2040   Library Totals

    ----------------------------------------------------------------------

==============================================================================


      Code (inc. data)   RO Data    RW Data    ZI Data      Debug   

     14628       1172        424        368       2104    1166131   Grand Totals
     14628       1172        424         68       2104    1166131   ELF Image Totals (compressed)
     14628       1172        424         68          0          0   ROM Totals

==============================================================================

    Total RO  Size (Code + RO Data)                15052 (  14.70kB)
    Total RW  Size (RW Data + ZI Data)              2472 (   2.41kB)
    Total ROM Size (Code + RO Data + RW Data)      15120 (  14.77kB)

==============================================================================

