<html>
<body>
<pre>
<h1>µVision Build Log</h1>
<h2>Tool Versions:</h2>
IDE-Version: µVision V5.18.0.0
Copyright (C) 2016 ARM Ltd and ARM Germany GmbH. All rights reserved.
License Information: n z, a, LIC=JDALQ-NP205-48PFA-1F1DZ-1LV2K-TCCBA
 
Tool Versions:
Toolchain:       MDK-ARM Professional  Version: 5.18
Toolchain Path:  C:\Keil_v5\ARM\ARMCC\Bin
C Compiler:      Armcc.exe V5.06 update 1 (build 61)
Assembler:       Armasm.exe V5.06 update 1 (build 61)
Linker/Locator:  ArmLink.exe V5.06 update 1 (build 61)
Library Manager: ArmAr.exe V5.06 update 1 (build 61)
Hex Converter:   FromElf.exe V5.06 update 1 (build 61)
CPU DLL:         SARMCM3.DLL V5.18
Dialog DLL:      DCM.DLL V1.13.6.0
Target DLL:      UL2CM3.DLL V1.157.5.0
Dialog DLL:      TCM.DLL V1.14.8.0
 
<h2>Project:</h2>
C:\Users\Fennekin\Downloads\RM Standard Robot Open Source Code\standard\Project\standard.uvprojx
Project File Date:  01/14/2019

<h2>Output:</h2>
*** Using Compiler 'V5.06 update 1 (build 61)', folder: 'C:\Keil_v5\ARM\ARMCC\Bin'
Rebuild target 'standard'
assembling startup_stm32f427xx.s...
compiling system_stm32f4xx.c...
compiling stm32f4xx_cec.c...
compiling misc.c...
compiling stm32f4xx_adc.c...
compiling stm32f4xx_crc.c...
compiling stm32f4xx_it.c...
compiling stm32f4xx_can.c...
compiling stm32f4xx_dbgmcu.c...
compiling stm32f4xx_cryp_tdes.c...
compiling stm32f4xx_dac.c...
compiling stm32f4xx_cryp.c...
compiling stm32f4xx_dcmi.c...
compiling stm32f4xx_cryp_des.c...
compiling stm32f4xx_cryp_aes.c...
compiling stm32f4xx_flash_ramfunc.c...
compiling stm32f4xx_dma2d.c...
compiling stm32f4xx_dsi.c...
compiling stm32f4xx_dma.c...
compiling stm32f4xx_dfsdm.c...
compiling stm32f4xx_exti.c...
compiling stm32f4xx_flash.c...
compiling stm32f4xx_fmpi2c.c...
compiling stm32f4xx_gpio.c...
compiling stm32f4xx_hash_md5.c...
compiling stm32f4xx_fmc.c...
compiling stm32f4xx_hash_sha1.c...
compiling stm32f4xx_i2c.c...
compiling stm32f4xx_hash.c...
compiling stm32f4xx_lptim.c...
compiling stm32f4xx_iwdg.c...
compiling stm32f4xx_qspi.c...
compiling stm32f4xx_ltdc.c...
compiling stm32f4xx_pwr.c...
compiling stm32f4xx_rng.c...
compiling stm32f4xx_rcc.c...
compiling stm32f4xx_spdifrx.c...
compiling stm32f4xx_syscfg.c...
compiling stm32f4xx_spi.c...
compiling stm32f4xx_sai.c...
compiling stm32f4xx_sdio.c...
compiling stm32f4xx_rtc.c...
compiling croutine.c...
compiling stm32f4xx_tim.c...
compiling event_groups.c...
compiling list.c...
compiling queue.c...
compiling heap_4.c...
compiling timers.c...
compiling tasks.c...
compiling port.c...
compiling ist8310driver.c...
compiling AHRS_middleware.c...
compiling mpu6500driver.c...
compiling stm32f4xx_usart.c...
compiling stm32f4xx_wwdg.c...
compiling user_lib.c...
compiling ist8310driver_middleware.c...
compiling adc.c...
compiling mpu6500driver_middleware.c...
compiling buzzer.c...
compiling can.c...
compiling delay.c...
compiling main.c...
compiling exit_init.c...
compiling fric.c...
compiling laser.c...
compiling power_ctrl.c...
compiling rc.c...
compiling led.c...
compiling flash.c...
compiling sys.c...
compiling calibrate_task.c...
compiling gimbal_task.c...
compiling chassis_behaviour.c...
compiling detect_task.c...
compiling chassis_task.c...
compiling rng.c...
compiling timer.c...
compiling spi.c...
compiling gimbal_behaviour.c...
compiling pid.c...
compiling CAN_receive.c...
compiling start_task.c...
compiling user_task.c...
compiling FreeRTOS_middleware.c...
compiling INS_task.c...
compiling remote_control.c...
compiling shoot.c...
linking...
Program Size: Code=49472 RO-data=2772 RW-data=564 ZI-data=135268  
FromELF: creating hex file...
".\Objects\infantry.axf" - 0 Error(s), 0 Warning(s).

<h2>Collection of Component include folders:</h2>
  C:\Users\Fennekin\Downloads\RM Standard Robot Open Source Code\standard\Project\RTE
  C:\Keil_v5\ARM\PACK\Keil\STM32F4xx_DFP\2.7.0\Drivers\CMSIS\Device\ST\STM32F4xx\Include

<h2>Collection of Component Files used:</h2>
Build Time Elapsed:  00:00:25
</pre>
</body>
</html>
