Component: ARM Compiler 5.06 update 4 (build 422) Tool: armlink [4d35d2]

==============================================================================

Section Cross References

    init.o(i.get_sys_cfg) refers to init.o(.data) for glb_sys_cfg
    init.o(i.hw_init) refers to param.o(i.cali_param_init) for cali_param_init
    init.o(i.hw_init) refers to board.o(i.board_config) for board_config
    init.o(i.hw_init) refers to test.o(i.test_init) for test_init
    init.o(i.hw_init) refers to init.o(i.system_config) for system_config
    init.o(i.hw_init) refers to ulog.o(i.ulog_init) for ulog_init
    init.o(i.hw_init) refers to ulog_console.o(i.ulog_console_backend_init) for ulog_console_backend_init
    init.o(i.hw_init) refers to referee_system.o(i.referee_param_init) for referee_param_init
    init.o(i.hw_init) refers to drv_uart.o(i.usart3_rx_callback_register) for usart3_rx_callback_register
    init.o(i.hw_init) refers to referee_system.o(i.referee_send_data_register) for referee_send_data_register
    init.o(i.hw_init) refers to dbus.o(i.rc_device_register) for rc_device_register
    init.o(i.hw_init) refers to drv_dr16.o(i.dr16_forword_callback_register) for dr16_forword_callback_register
    init.o(i.hw_init) refers to chassis.o(i.chassis_pid_register) for chassis_pid_register
    init.o(i.hw_init) refers to chassis.o(i.chassis_disable) for chassis_disable
    init.o(i.hw_init) refers to gimbal.o(i.gimbal_cascade_register) for gimbal_cascade_register
    init.o(i.hw_init) refers to shoot.o(i.shoot_pid_register) for shoot_pid_register
    init.o(i.hw_init) refers to gimbal.o(i.gimbal_yaw_disable) for gimbal_yaw_disable
    init.o(i.hw_init) refers to gimbal.o(i.gimbal_pitch_disable) for gimbal_pitch_disable
    init.o(i.hw_init) refers to shoot.o(i.shoot_disable) for shoot_disable
    init.o(i.hw_init) refers to offline_check.o(i.offline_init) for offline_init
    init.o(i.hw_init) refers to referee_system.o(i.referee_uart_rx_data_handle) for referee_uart_rx_data_handle
    init.o(i.hw_init) refers to drv_uart.o(i.usart3_transmit) for usart3_transmit
    init.o(i.hw_init) refers to init.o(.bss) for rc_dev
    init.o(i.hw_init) refers to infantry_cmd.o(i.rc_data_forword_by_can) for rc_data_forword_by_can
    init.o(i.system_config) refers to stm32f4xx_hal_gpio.o(i.HAL_GPIO_ReadPin) for HAL_GPIO_ReadPin
    init.o(i.system_config) refers to init.o(.data) for glb_sys_cfg
    init.o(i.task_init) refers to init.o(i.get_sys_cfg) for get_sys_cfg
    init.o(i.task_init) refers to memcpya.o(.text) for __aeabi_memcpy4
    init.o(i.task_init) refers to cmsis_os.o(i.osThreadCreate) for osThreadCreate
    init.o(i.task_init) refers to init.o(.constdata) for .constdata
    init.o(i.task_init) refers to init.o(.data) for timer_task_t
    init.o(.constdata) refers to init.o(.conststring) for .conststring
    init.o(.constdata) refers to timer_task.o(i.timer_task) for timer_task
    init.o(.constdata) refers to communicate.o(i.communicate_task) for communicate_task
    init.o(.constdata) refers to infantry_cmd.o(i.infantry_cmd_task) for infantry_cmd_task
    init.o(.constdata) refers to chassis_task.o(i.chassis_task) for chassis_task
    communicate.o(i.can2_rcv_callback) refers to protocol_interface.o(i.protocol_can_rcv_data) for protocol_can_rcv_data
    communicate.o(i.can2_rcv_callback) refers to cmsis_os.o(i.osSignalSet) for osSignalSet
    communicate.o(i.can2_rcv_callback) refers to init.o(.data) for communicate_task_t
    communicate.o(i.can2_send_data) refers to drv_can.o(i.can_msg_bytes_send) for can_msg_bytes_send
    communicate.o(i.can2_send_data) refers to can.o(.bss) for hcan2
    communicate.o(i.communicate_task) refers to init.o(i.get_sys_cfg) for get_sys_cfg
    communicate.o(i.communicate_task) refers to protocol.o(i.protocol_local_init) for protocol_local_init
    communicate.o(i.communicate_task) refers to protocol_interface.o(i.protocol_can_interface_register) for protocol_can_interface_register
    communicate.o(i.communicate_task) refers to protocol_interface.o(i.protocol_uart_interface_register) for protocol_uart_interface_register
    communicate.o(i.communicate_task) refers to protocol_interface.o(i.protocol_set_route) for protocol_set_route
    communicate.o(i.communicate_task) refers to protocol.o(i.protocol_rcv_cmd_register) for protocol_rcv_cmd_register
    communicate.o(i.communicate_task) refers to usbd_cdc_if.o(i.usb_vcp_rx_callback_register) for usb_vcp_rx_callback_register
    communicate.o(i.communicate_task) refers to timer_task.o(i.soft_timer_register) for soft_timer_register
    communicate.o(i.communicate_task) refers to protocol.o(i.protocol_send_list_add_callback_reg) for protocol_send_list_add_callback_reg
    communicate.o(i.communicate_task) refers to drv_can.o(i.can_fifo0_rx_callback_register) for can_fifo0_rx_callback_register
    communicate.o(i.communicate_task) refers to cmsis_os.o(i.osSignalWait) for osSignalWait
[...]
    auto_adjust_f                            0x20000060   Data           1  gimbal_task.o(.data)
    auto_init_f                              0x20000061   Data           1  gimbal_task.o(.data)
    yaw_angle_fdb_js                         0x2000008c   Data           4  gimbal_task.o(.data)
    yaw_angle_ref_js                         0x20000090   Data           4  gimbal_task.o(.data)
    pit_angle_fdb_js                         0x20000094   Data           4  gimbal_task.o(.data)
    pit_angle_ref_js                         0x20000098   Data           4  gimbal_task.o(.data)
    yaw_spd_fdb_js                           0x2000009c   Data           4  gimbal_task.o(.data)
    yaw_spd_ref_js                           0x200000a0   Data           4  gimbal_task.o(.data)
    pit_spd_fdb_js                           0x200000a4   Data           4  gimbal_task.o(.data)
    pit_spd_ref_js                           0x200000a8   Data           4  gimbal_task.o(.data)
    pit_time                                 0x200000ac   Data           4  gimbal_task.o(.data)
    yaw_time                                 0x200000b0   Data           4  gimbal_task.o(.data)
    pit_cnt                                  0x200000b4   Data           4  gimbal_task.o(.data)
    yaw_ecd_r                                0x200000b8   Data           2  gimbal_task.o(.data)
    yaw_ecd_l                                0x200000ba   Data           2  gimbal_task.o(.data)
    pit_ecd_c                                0x200000bc   Data           2  gimbal_task.o(.data)
    yaw_ecd_c                                0x200000be   Data           2  gimbal_task.o(.data)
    dev                                      0x200000c8   Data           4  offline_check.o(.data)
    temp2                                    0x200000cc   Data           4  offline_check.o(.data)
    hea                                      0x200000d0   Data           4  offline_check.o(.data)
    temp_unpack                              0x200000e0   Data           4  referee_system.o(.data)
    cmd_id_test                              0x200000ea   Data           2  referee_system.o(.data)
    dr16_rx_callback                         0x200000f4   Data           4  drv_dr16.o(.data)
    dr16_forword_callback                    0x200000f8   Data           4  drv_dr16.o(.data)
    total_cur_limit                          0x20000160   Data           4  chassis.o(.data)
    total_cur                                0x20000164   Data           4  chassis.o(.data)
    limit                                    0x20000168   Data           4  chassis.o(.data)
    total_cur1                               0x2000016c   Data           4  chassis.o(.data)
    total_cur2                               0x20000170   Data           4  chassis.o(.data)
    current_power                            0x20000174   Data           4  chassis.o(.data)
    current_current                          0x20000178   Data           4  chassis.o(.data)
    current_voltage                          0x2000017c   Data           4  chassis.o(.data)
    c0                                       0x20000180   Data           4  chassis.o(.data)
    c1                                       0x20000184   Data           4  chassis.o(.data)
    c2                                       0x20000188   Data           4  chassis.o(.data)
    c3                                       0x2000018c   Data           4  chassis.o(.data)
    after_current                            0x20000190   Data           4  chassis.o(.data)
    after_current1                           0x20000194   Data           4  chassis.o(.data)
    flag                                     0x20000198   Data           4  chassis.o(.data)
    mAlimit                                  0x2000019c   Data           4  chassis.o(.data)
    Motor_limit                              0x200001a0   Data           4  chassis.o(.data)
    new_current                              0x200001a4   Data           4  chassis.o(.data)
    control_ratio                            0x200001a8   Data           4  chassis.o(.data)
    B_power                                  0x200001ac   Data           4  chassis.o(.data)
    wheel_1_rpm                              0x200001b0   Data           4  chassis.o(.data)
    wheel_1_out                              0x200001b4   Data           4  chassis.o(.data)
    eco                                      0x200001b8   Data           4  chassis.o(.data)
    totaleco                                 0x200001bc   Data           4  chassis.o(.data)
    threshold                                0x200001c0   Data           4  chassis.o(.data)
    speed                                    0x200001c4   Data           4  chassis.o(.data)
    motor_mode                               0x200001c8   Data           4  chassis.o(.data)
    ran_sum                                  0x200001cc   Data           4  chassis.o(.data)
    current_target                           0x200001d0   Data           4  chassis.o(.data)
    next_target                              0x200001d4   Data           4  chassis.o(.data)
    motor_current0                           0x200001d8   Data           4  chassis.o(.data)
    motor_current1                           0x200001dc   Data           4  chassis.o(.data)
    control_out0                             0x200001e0   Data           4  chassis.o(.data)
    control_out1                             0x200001e4   Data           4  chassis.o(.data)
    gyro_can_send                            0x200001f4   Data           4  single_gyro.o(.data)
    mem_mutex                                0x200002a8   Data           4  mem_mang4.o(.data)
    pxCurrentTCB                             0x200002c8   Data           4  tasks.o(.data)
    InitTaskHandle                           0x2000032c   Data           4  freertos.o(.data)
    SystemCoreClock                          0x20000330   Data           4  system_stm32f4xx.o(.data)
    USBD_Interface_fops_FS                   0x20000334   Data          16  usbd_cdc_if.o(.data)
    FS_Desc                                  0x20000344   Data          28  usbd_desc.o(.data)
    USBD_FS_DeviceDesc                       0x20000360   Data          18  usbd_desc.o(.data)
    USBD_LangIDDesc                          0x20000374   Data           4  usbd_desc.o(.data)
    USBD_CDC                                 0x20000388   Data          56  usbd_cdc.o(.data)
    USBD_CDC_CfgHSDesc                       0x200003c0   Data          67  usbd_cdc.o(.data)
    USBD_CDC_CfgFSDesc                       0x20000404   Data          67  usbd_cdc.o(.data)
    USBD_CDC_OtherSpeedCfgDesc               0x20000448   Data          67  usbd_cdc.o(.data)
    uwTick                                   0x2000048c   Data           4  stm32f4xx_hal.o(.data)
    uwTickPrio                               0x20000490   Data           4  stm32f4xx_hal.o(.data)
    uwTickFreq                               0x20000494   Data           1  stm32f4xx_hal.o(.data)
    chassis                                  0x2000049c   Data        1100  init.o(.bss)
    gimbal                                   0x200008e8   Data         708  init.o(.bss)
    shoot                                    0x20000bac   Data         332  init.o(.bss)
    pid_follow                               0x20000d80   Data          64  chassis_task.o(.bss)
    soft_timer                               0x20000dc0   Data         304  timer_task.o(.bss)
    cmd_gimbal_info                          0x20000ef0   Data          13  infantry_cmd.o(.bss)
    cmd_chassis_info                         0x20000efd   Data          18  infantry_cmd.o(.bss)
    manifold_cmd                             0x20000f0f   Data          42  infantry_cmd.o(.bss)
    judge_rece_mesg                          0x20001430   Data         203  referee_system.o(.bss)
    can1_manage                              0x200014fc   Data          60  drv_can.o(.bss)
    can2_manage                              0x20001538   Data          60  drv_can.o(.bss)
    usart3_manage_obj                        0x20002de8   Data          64  drv_uart.o(.bss)
    usart6_manage_obj                        0x20002e28   Data          64  drv_uart.o(.bss)
    modulefeedback                           0x20002ea8   Data          16  chassis.o(.bss)
    SoftTimer                                0x20002eb8   Data         160  soft_timer.o(.bss)
    boardcast_object                         0x200031b4   Data          16  protocol.o(.bss)
    protocol_local_info                      0x200031c4   Data        2212  protocol.o(.bss)
    hcan1                                    0x20021b64   Data          40  can.o(.bss)
    hcan2                                    0x20021b8c   Data          40  can.o(.bss)
    hspi5                                    0x20021bb4   Data          88  spi.o(.bss)
    htim5                                    0x20021c0c   Data          60  stm32f4xx_hal_timebase_tim.o(.bss)
    htim2                                    0x20021c48   Data          60  tim.o(.bss)
    htim12                                   0x20021c84   Data          60  tim.o(.bss)
    htim1                                    0x20021cc0   Data          60  tim.o(.bss)
    htim3                                    0x20021cfc   Data          60  tim.o(.bss)
    htim4                                    0x20021d38   Data          60  tim.o(.bss)
    htim8                                    0x20021d74   Data          60  tim.o(.bss)
    huart1                                   0x20021db0   Data          64  usart.o(.bss)
    huart3                                   0x20021df0   Data          64  usart.o(.bss)
    huart6                                   0x20021e30   Data          64  usart.o(.bss)
    hdma_usart1_rx                           0x20021e70   Data          96  usart.o(.bss)
    hdma_usart3_rx                           0x20021ed0   Data          96  usart.o(.bss)
    hdma_usart3_tx                           0x20021f30   Data          96  usart.o(.bss)
    hdma_usart6_rx                           0x20021f90   Data          96  usart.o(.bss)
    hdma_usart6_tx                           0x20021ff0   Data          96  usart.o(.bss)
    UserRxBufferFS                           0x20022064   Data        2048  usbd_cdc_if.o(.bss)
    UserTxBufferFS                           0x20022864   Data        4096  usbd_cdc_if.o(.bss)
    usb_tx_fifo                              0x20023864   Data          24  usbd_cdc_if.o(.bss)
    usb_tx_fifo_buff                         0x2002387c   Data        4096  usbd_cdc_if.o(.bss)
    hUsbDeviceFS                             0x2002487c   Data         548  usb_device.o(.bss)
    hpcd_USB_OTG_FS                          0x20024aa0   Data        1008  usbd_conf.o(.bss)
    USBD_StrDesc                             0x20024e90   Data         512  usbd_desc.o(.bss)
    __initial_sp                             0x20025d68   Data           0  startup_stm32f427xx.o(STACK)



==============================================================================

Memory Map of the image

  Image Entry point : 0x080001ad

  Load Region LR_IROM1 (Base: 0x08000000, Size: 0x00011a84, Max: 0x00200000, ABSOLUTE, COMPRESSED[0x000116fc])

    Execution Region ER_IROM1 (Base: 0x08000000, Size: 0x000115e8, Max: 0x00200000, ABSOLUTE)

    Base Addr    Size         Type   Attr      Idx    E Section Name        Object

    0x08000000   0x000001ac   Data   RO         6260    RESET               startup_stm32f427xx.o
    0x080001ac   0x00000000   Code   RO        10030  * .ARM.Collect$$$$00000000  mc_w.l(entry.o)
    0x080001ac   0x00000004   Code   RO        10414    .ARM.Collect$$$$00000001  mc_w.l(entry2.o)
    0x080001b0   0x00000004   Code   RO        10417    .ARM.Collect$$$$00000004  mc_w.l(entry5.o)
    0x080001b4   0x00000000   Code   RO        10419    .ARM.Collect$$$$00000008  mc_w.l(entry7b.o)
    0x080001b4   0x00000000   Code   RO        10421    .ARM.Collect$$$$0000000A  mc_w.l(entry8b.o)
    0x080001b4   0x00000008   Code   RO        10422    .ARM.Collect$$$$0000000B  mc_w.l(entry9a.o)
    0x080001bc   0x00000000   Code   RO        10424    .ARM.Collect$$$$0000000D  mc_w.l(entry10a.o)
    0x080001bc   0x00000000   Code   RO        10426    .ARM.Collect$$$$0000000F  mc_w.l(entry11a.o)
    0x080001bc   0x00000004   Code   RO        10415    .ARM.Collect$$$$00002712  mc_w.l(entry2.o)
    0x080001c0   0x000000ba   Code   RO         4725    .emb_text           port.o
    0x0800027a   0x00000002   PAD
    0x0800027c   0x00000024   Code   RO         6261    .text               startup_stm32f427xx.o
    0x080002a0   0x00000062   Code   RO        10040    .text               mc_w.l(uldiv.o)
    0x08000302   0x00000024   Code   RO        10042    .text               mc_w.l(memcpya.o)
    0x08000326   0x00000024   Code   RO        10044    .text               mc_w.l(memseta.o)
    0x0800034a   0x00000018   Code   RO        10048    .text               mc_w.l(strncpy.o)
    0x08000362   0x0000000e   Code   RO        10050    .text               mc_w.l(strlen.o)
    0x08000370   0x00000012   Code   RO        10052    .text               mc_w.l(strcpy.o)
    0x08000382   0x0000001e   Code   RO        10054    .text               mc_w.l(strncmp.o)
    0x080003a0   0x0000014e   Code   RO        10347    .text               mf_w.l(dadd.o)
    0x080004ee   0x000000e4   Code   RO        10349    .text               mf_w.l(dmul.o)
    0x080005d2   0x000000de   Code   RO        10351    .text               mf_w.l(ddiv.o)
    0x080006b0   0x00000022   Code   RO        10353    .text               mf_w.l(dflti.o)
    0x080006d2   0x0000001a   Code   RO        10355    .text               mf_w.l(dfltui.o)
    0x080006ec   0x0000003e   Code   RO        10357    .text               mf_w.l(dfixi.o)
    0x0800072a   0x00000026   Code   RO        10359    .text               mf_w.l(f2d.o)
    0x08000750   0x00000030   Code   RO        10363    .text               mf_w.l(cdrcmple.o)
    0x08000780   0x00000038   Code   RO        10365    .text               mf_w.l(d2f.o)
    0x080007b8   0x0000001e   Code   RO        10430    .text               mc_w.l(llshl.o)
    0x080007d6   0x00000020   Code   RO        10432    .text               mc_w.l(llushr.o)
    0x080007f6   0x00000024   Code   RO        10434    .text               mc_w.l(llsshr.o)
    0x0800081a   0x00000000   Code   RO        10445    .text               mc_w.l(iusefp.o)
    0x0800081a   0x0000006e   Code   RO        10446    .text               mf_w.l(fepilogue.o)
    0x08000888   0x000000ba   Code   RO        10448    .text               mf_w.l(depilogue.o)
    0x08000942   0x00000002   PAD
    0x08000944   0x00000024   Code   RO        10456    .text               mc_w.l(init.o)
    0x08000968   0x00000056   Code   RO        10466    .text               mc_w.l(__dczerorl2.o)
    0x080009be   0x00000004   Code   RO         5162    i.BusFault_Handler  stm32f4xx_it.o
    0x080009c2   0x00000002   PAD
    0x080009c4   0x00000010   Code   RO         5163    i.CAN1_RX0_IRQHandler  stm32f4xx_it.o
    0x080009d4   0x00000010   Code   RO         5164    i.CAN1_TX_IRQHandler  stm32f4xx_it.o
    0x080009e4   0x00000010   Code   RO         5165    i.CAN2_RX0_IRQHandler  stm32f4xx_it.o
    0x080009f4   0x00000010   Code   RO         5166    i.CAN2_TX_IRQHandler  stm32f4xx_it.o
    0x08000a04   0x00000044   Code   RO         5509    i.CDC_Control_FS    usbd_cdc_if.o
    0x08000a48   0x00000004   Code   RO         5510    i.CDC_DeInit_FS     usbd_cdc_if.o
    0x08000a4c   0x00000038   Code   RO         5511    i.CDC_Init_FS       usbd_cdc_if.o
    0x08000a84   0x00000040   Code   RO         5512    i.CDC_Receive_FS    usbd_cdc_if.o
    0x08000ac4   0x0000001c   Code   RO         5513    i.CDC_Transmit_FS   usbd_cdc_if.o
    0x08000ae0   0x00000010   Code   RO         5167    i.DMA1_Stream1_IRQHandler  stm32f4xx_it.o
    0x08000af0   0x00000010   Code   RO         5168    i.DMA1_Stream3_IRQHandler  stm32f4xx_it.o
    0x08000b00   0x00000010   Code   RO         5169    i.DMA2_Stream1_IRQHandler  stm32f4xx_it.o
    0x08000b10   0x00000010   Code   RO         5170    i.DMA2_Stream5_IRQHandler  stm32f4xx_it.o
    0x08000b20   0x00000010   Code   RO         5171    i.DMA2_Stream6_IRQHandler  stm32f4xx_it.o
    0x08000b30   0x00000034   Code   RO         6825    i.DMA_CalcBaseAndBitshift  stm32f4xx_hal_dma.o
    0x08000b64   0x000000aa   Code   RO         6826    i.DMA_CheckFifoParam  stm32f4xx_hal_dma.o
    0x08000c0e   0x0000002c   Code   RO         6827    i.DMA_SetConfig     stm32f4xx_hal_dma.o
    0x08000c3a   0x00000002   Code   RO         5172    i.DebugMon_Handler  stm32f4xx_it.o
    0x08000c3c   0x0000000c   Code   RO         5173    i.EXTI15_10_IRQHandler  stm32f4xx_it.o
    0x08000c48   0x0000000a   Code   RO         5174    i.EXTI2_IRQHandler  stm32f4xx_it.o
    0x08000c52   0x0000002c   Code   RO         6452    i.HAL_CAN_ActivateNotification  stm32f4xx_hal_can.o
    0x08000c7e   0x0000012a   Code   RO         6453    i.HAL_CAN_AddTxMessage  stm32f4xx_hal_can.o
    0x08000da8   0x00000124   Code   RO         6454    i.HAL_CAN_ConfigFilter  stm32f4xx_hal_can.o
    0x08000ecc   0x00000038   Code   RO         1094    i.HAL_CAN_ErrorCallback  drv_can.o
    0x08000f04   0x00000188   Code   RO         6460    i.HAL_CAN_GetRxMessage  stm32f4xx_hal_can.o
    0x0800108c   0x0000003a   Code   RO         6462    i.HAL_CAN_GetTxMailboxesFreeLevel  stm32f4xx_hal_can.o
    0x080010c6   0x0000024e   Code   RO         6464    i.HAL_CAN_IRQHandler  stm32f4xx_hal_can.o
    0x08001314   0x00000176   Code   RO         6465    i.HAL_CAN_Init      stm32f4xx_hal_can.o
    0x0800148a   0x00000002   PAD
    0x0800148c   0x00000134   Code   RO         4867    i.HAL_CAN_MspInit   can.o
    0x080015c0   0x00000026   Code   RO         6471    i.HAL_CAN_ResetError  stm32f4xx_hal_can.o
    0x080015e6   0x00000002   Code   RO         6472    i.HAL_CAN_RxFifo0FullCallback  stm32f4xx_hal_can.o
    0x080015e8   0x00000070   Code   RO         1095    i.HAL_CAN_RxFifo0MsgPendingCallback  drv_can.o
    0x08001658   0x00000002   Code   RO         6474    i.HAL_CAN_RxFifo1FullCallback  stm32f4xx_hal_can.o
    0x0800165a   0x00000002   Code   RO         6475    i.HAL_CAN_RxFifo1MsgPendingCallback  stm32f4xx_hal_can.o
    0x0800165c   0x00000002   Code   RO         6476    i.HAL_CAN_SleepCallback  stm32f4xx_hal_can.o
    0x0800165e   0x00000060   Code   RO         6477    i.HAL_CAN_Start     stm32f4xx_hal_can.o
    0x080016be   0x00000002   Code   RO         6479    i.HAL_CAN_TxMailbox0AbortCallback  stm32f4xx_hal_can.o
    0x080016c0   0x00000030   Code   RO         1096    i.HAL_CAN_TxMailbox0CompleteCallback  drv_can.o
    0x080016f0   0x00000002   Code   RO         6481    i.HAL_CAN_TxMailbox1AbortCallback  stm32f4xx_hal_can.o
    0x080016f2   0x00000002   PAD
    0x080016f4   0x00000030   Code   RO         1097    i.HAL_CAN_TxMailbox1CompleteCallback  drv_can.o
    0x08001724   0x00000002   Code   RO         6483    i.HAL_CAN_TxMailbox2AbortCallback  stm32f4xx_hal_can.o
    0x08001726   0x00000002   PAD
    0x08001728   0x00000030   Code   RO         1098    i.HAL_CAN_TxMailbox2CompleteCallback  drv_can.o
    0x08001758   0x00000002   Code   RO         6486    i.HAL_CAN_WakeUpFromRxMsgCallback  stm32f4xx_hal_can.o
    0x0800175a   0x00000028   Code   RO         6829    i.HAL_DMA_Abort_IT  stm32f4xx_hal_dma.o
    0x08001782   0x00000002   PAD
    0x08001784   0x00000240   Code   RO         6833    i.HAL_DMA_IRQHandler  stm32f4xx_hal_dma.o
    0x080019c4   0x000000ec   Code   RO         6834    i.HAL_DMA_Init      stm32f4xx_hal_dma.o
    0x08001ab0   0x00000066   Code   RO         6837    i.HAL_DMA_Start     stm32f4xx_hal_dma.o
    0x08001b16   0x0000009e   Code   RO         6838    i.HAL_DMA_Start_IT  stm32f4xx_hal_dma.o
    0x08001bb4   0x00000028   Code   RO         6275    i.HAL_Delay         stm32f4xx_hal.o
    0x08001bdc   0x00000040   Code   RO         1009    i.HAL_GPIO_EXTI_Callback  board.o
    0x08001c1c   0x0000001c   Code   RO         7260    i.HAL_GPIO_EXTI_IRQHandler  stm32f4xx_hal_gpio.o
    0x08001c38   0x0000021c   Code   RO         7261    i.HAL_GPIO_Init     stm32f4xx_hal_gpio.o
    0x08001e54   0x00000010   Code   RO         7263    i.HAL_GPIO_ReadPin  stm32f4xx_hal_gpio.o
    0x08001e64   0x00000008   Code   RO         7264    i.HAL_GPIO_TogglePin  stm32f4xx_hal_gpio.o
    0x08001e6c   0x0000000c   Code   RO         7265    i.HAL_GPIO_WritePin  stm32f4xx_hal_gpio.o
    0x08001e78   0x0000000c   Code   RO         6283    i.HAL_GetTick       stm32f4xx_hal.o
    0x08001e84   0x00000018   Code   RO         6287    i.HAL_IncTick       stm32f4xx_hal.o
    0x08001e9c   0x0000003c   Code   RO         6288    i.HAL_Init          stm32f4xx_hal.o
    0x08001ed8   0x0000008c   Code   RO         5122    i.HAL_InitTick      stm32f4xx_hal_timebase_tim.o
    0x08001f64   0x0000009c   Code   RO         5098    i.HAL_MspInit       stm32f4xx_hal_msp.o
    0x08002000   0x0000001a   Code   RO         6690    i.HAL_NVIC_EnableIRQ  stm32f4xx_hal_cortex.o
    0x0800201a   0x0000007c   Code   RO         6696    i.HAL_NVIC_SetPriority  stm32f4xx_hal_cortex.o
    0x08002096   0x00000002   PAD
    0x08002098   0x00000028   Code   RO         6697    i.HAL_NVIC_SetPriorityGrouping  stm32f4xx_hal_cortex.o
    0x080020c0   0x0000000a   Code   RO         7539    i.HAL_PCDEx_SetRxFiFo  stm32f4xx_hal_pcd_ex.o
    0x080020ca   0x00000052   Code   RO         7540    i.HAL_PCDEx_SetTxFiFo  stm32f4xx_hal_pcd_ex.o
    0x0800211c   0x0000000e   Code   RO         5607    i.HAL_PCD_ConnectCallback  usbd_conf.o
    0x0800212a   0x00000020   Code   RO         5608    i.HAL_PCD_DataInStageCallback  usbd_conf.o
    0x0800214a   0x00000020   Code   RO         5609    i.HAL_PCD_DataOutStageCallback  usbd_conf.o
    0x0800216a   0x0000000e   Code   RO         5610    i.HAL_PCD_DisconnectCallback  usbd_conf.o
    0x08002178   0x0000006a   Code   RO         7333    i.HAL_PCD_EP_Close  stm32f4xx_hal_pcd.o
    0x080021e2   0x00000068   Code   RO         7334    i.HAL_PCD_EP_ClrStall  stm32f4xx_hal_pcd.o
    0x0800224a   0x00000018   Code   RO         7336    i.HAL_PCD_EP_GetRxCount  stm32f4xx_hal_pcd.o
    0x08002262   0x0000008c   Code   RO         7337    i.HAL_PCD_EP_Open   stm32f4xx_hal_pcd.o
    0x080022ee   0x00000058   Code   RO         7338    i.HAL_PCD_EP_Receive  stm32f4xx_hal_pcd.o
    0x08002346   0x0000007a   Code   RO         7339    i.HAL_PCD_EP_SetStall  stm32f4xx_hal_pcd.o
    0x080023c0   0x0000005a   Code   RO         7340    i.HAL_PCD_EP_Transmit  stm32f4xx_hal_pcd.o
    0x0800241a   0x00000002   PAD
    0x0800241c   0x00000694   Code   RO         7342    i.HAL_PCD_IRQHandler  stm32f4xx_hal_pcd.o
    0x08002ab0   0x00000012   Code   RO         5611    i.HAL_PCD_ISOINIncompleteCallback  usbd_conf.o
    0x08002ac2   0x00000012   Code   RO         5612    i.HAL_PCD_ISOOUTIncompleteCallback  usbd_conf.o
    0x08002ad4   0x00000142   Code   RO         7345    i.HAL_PCD_Init      stm32f4xx_hal_pcd.o
    0x08002c16   0x00000002   PAD
    0x08002c18   0x0000007c   Code   RO         5614    i.HAL_PCD_MspInit   usbd_conf.o
    0x08002c94   0x00000032   Code   RO         5615    i.HAL_PCD_ResetCallback  usbd_conf.o
    0x08002cc6   0x0000000e   Code   RO         5616    i.HAL_PCD_ResumeCallback  usbd_conf.o
    0x08002cd4   0x0000000e   Code   RO         5617    i.HAL_PCD_SOFCallback  usbd_conf.o
    0x08002ce2   0x00000032   Code   RO         7351    i.HAL_PCD_SetAddress  stm32f4xx_hal_pcd.o
    0x08002d14   0x00000012   Code   RO         5618    i.HAL_PCD_SetupStageCallback  usbd_conf.o
    0x08002d26   0x00000034   Code   RO         7353    i.HAL_PCD_Start     stm32f4xx_hal_pcd.o
    0x08002d5a   0x00000002   PAD
    0x08002d5c   0x00000034   Code   RO         5619    i.HAL_PCD_SuspendCallback  usbd_conf.o
    0x08002d90   0x00000180   Code   RO         7762    i.HAL_RCC_ClockConfig  stm32f4xx_hal_rcc.o
    0x08002f10   0x00000044   Code   RO         7766    i.HAL_RCC_GetClockConfig  stm32f4xx_hal_rcc.o
    0x08002f54   0x0000000c   Code   RO         7767    i.HAL_RCC_GetHCLKFreq  stm32f4xx_hal_rcc.o
    0x08002f60   0x00000020   Code   RO         7769    i.HAL_RCC_GetPCLK1Freq  stm32f4xx_hal_rcc.o
    0x08002f80   0x00000020   Code   RO         7770    i.HAL_RCC_GetPCLK2Freq  stm32f4xx_hal_rcc.o
    0x08002fa0   0x000000b0   Code   RO         7771    i.HAL_RCC_GetSysClockFreq  stm32f4xx_hal_rcc.o
    0x08003050   0x00000448   Code   RO         7774    i.HAL_RCC_OscConfig  stm32f4xx_hal_rcc.o
    0x08003498   0x0000008c   Code   RO         7940    i.HAL_SPI_Init      stm32f4xx_hal_spi.o
    0x08003524   0x0000005c   Code   RO         5057    i.HAL_SPI_MspInit   spi.o
    0x08003580   0x0000021e   Code   RO         7949    i.HAL_SPI_TransmitReceive  stm32f4xx_hal_spi.o
    0x0800379e   0x00000028   Code   RO         6699    i.HAL_SYSTICK_CLKSourceConfig  stm32f4xx_hal_cortex.o
    0x080037c6   0x00000034   Code   RO         6701    i.HAL_SYSTICK_Config  stm32f4xx_hal_cortex.o
    0x080037fa   0x00000002   Code   RO         8887    i.HAL_TIMEx_BreakCallback  stm32f4xx_hal_tim_ex.o
    0x080037fc   0x00000002   Code   RO         8888    i.HAL_TIMEx_CommutationCallback  stm32f4xx_hal_tim_ex.o
    0x080037fe   0x0000007e   Code   RO         8889    i.HAL_TIMEx_ConfigBreakDeadTime  stm32f4xx_hal_tim_ex.o
    0x0800387c   0x00000062   Code   RO         8904    i.HAL_TIMEx_MasterConfigSynchronization  stm32f4xx_hal_tim_ex.o
    0x080038de   0x00000034   Code   RO         8248    i.HAL_TIM_Base_Init  stm32f4xx_hal_tim.o
    0x08003912   0x00000002   PAD
    0x08003914   0x00000044   Code   RO         5366    i.HAL_TIM_Base_MspInit  tim.o
    0x08003958   0x0000001e   Code   RO         8253    i.HAL_TIM_Base_Start_IT  stm32f4xx_hal_tim.o
    0x08003976   0x00000132   Code   RO         8257    i.HAL_TIM_ConfigClockSource  stm32f4xx_hal_tim.o
    0x08003aa8   0x00000002   Code   RO         8277    i.HAL_TIM_IC_CaptureCallback  stm32f4xx_hal_tim.o
    0x08003aaa   0x00000196   Code   RO         8290    i.HAL_TIM_IRQHandler  stm32f4xx_hal_tim.o
    0x08003c40   0x00000170   Code   RO         5367    i.HAL_TIM_MspPostInit  tim.o
    0x08003db0   0x00000002   Code   RO         8293    i.HAL_TIM_OC_DelayElapsedCallback  stm32f4xx_hal_tim.o
    0x08003db2   0x00000108   Code   RO         8314    i.HAL_TIM_PWM_ConfigChannel  stm32f4xx_hal_tim.o
    0x08003eba   0x00000034   Code   RO         8317    i.HAL_TIM_PWM_Init  stm32f4xx_hal_tim.o
    0x08003eee   0x00000002   PAD
    0x08003ef0   0x000000f0   Code   RO         5369    i.HAL_TIM_PWM_MspInit  tim.o
    0x08003fe0   0x00000002   Code   RO         8320    i.HAL_TIM_PWM_PulseFinishedCallback  stm32f4xx_hal_tim.o
    0x08003fe2   0x00000002   PAD
    0x08003fe4   0x0000004c   Code   RO         8321    i.HAL_TIM_PWM_Start  stm32f4xx_hal_tim.o
    0x08004030   0x00000018   Code   RO         5001    i.HAL_TIM_PeriodElapsedCallback  main.o
    0x08004048   0x00000002   Code   RO         8331    i.HAL_TIM_TriggerCallback  stm32f4xx_hal_tim.o
    0x0800404a   0x00000002   Code   RO         9147    i.HAL_UART_ErrorCallback  stm32f4xx_hal_uart.o
    0x0800404c   0x0000014c   Code   RO         9150    i.HAL_UART_IRQHandler  stm32f4xx_hal_uart.o
    0x08004198   0x00000072   Code   RO         9151    i.HAL_UART_Init     stm32f4xx_hal_uart.o
    0x0800420a   0x00000002   PAD
    0x0800420c   0x000002c0   Code   RO         5456    i.HAL_UART_MspInit  usart.o
    0x080044cc   0x000000c4   Code   RO         9155    i.HAL_UART_Receive_DMA  stm32f4xx_hal_uart.o
    0x08004590   0x00000034   Code   RO         1448    i.HAL_UART_RxCpltCallback  drv_uart.o
    0x080045c4   0x00000034   Code   RO         1449    i.HAL_UART_RxHalfCpltCallback  drv_uart.o
    0x080045f8   0x0000009c   Code   RO         9160    i.HAL_UART_Transmit_DMA  stm32f4xx_hal_uart.o
    0x08004694   0x00000030   Code   RO         1450    i.HAL_UART_TxCpltCallback  drv_uart.o
    0x080046c4   0x00000002   Code   RO         9163    i.HAL_UART_TxHalfCpltCallback  stm32f4xx_hal_uart.o
    0x080046c6   0x00000002   PAD
    0x080046c8   0x00000014   Code   RO         5175    i.HardFault_Handler  stm32f4xx_it.o
    0x080046dc   0x00000006   Code   RO         2658    i.INIT_LIST_HEAD    ulog.o
    0x080046e2   0x00000006   Code   RO         3309    i.INIT_LIST_HEAD    protocol_interface.o
    0x080046e8   0x0000006c   Code   RO         4868    i.MX_CAN1_Init      can.o
    0x08004754   0x0000006c   Code   RO         4869    i.MX_CAN2_Init      can.o
    0x080047c0   0x00000098   Code   RO         4918    i.MX_DMA_Init       dma.o
    0x08004858   0x00000028   Code   RO         4939    i.MX_FREERTOS_Init  freertos.o
    0x08004880   0x00000248   Code   RO         4977    i.MX_GPIO_Init      gpio.o
    0x08004ac8   0x00000068   Code   RO         5058    i.MX_SPI5_Init      spi.o
    0x08004b30   0x00000084   Code   RO         5370    i.MX_TIM12_Init     tim.o
    0x08004bb4   0x000000e0   Code   RO         5371    i.MX_TIM1_Init      tim.o
    0x08004c94   0x00000088   Code   RO         5372    i.MX_TIM2_Init      tim.o
    0x08004d1c   0x00000098   Code   RO         5373    i.MX_TIM3_Init      tim.o
    0x08004db4   0x000000dc   Code   RO         5374    i.MX_TIM4_Init      tim.o
    0x08004e90   0x00000114   Code   RO         5375    i.MX_TIM8_Init      tim.o
    0x08004fa4   0x00000060   Code   RO         5457    i.MX_USART1_UART_Init  usart.o
    0x08005004   0x0000005c   Code   RO         5458    i.MX_USART3_UART_Init  usart.o
    0x08005060   0x0000005c   Code   RO         5459    i.MX_USART6_UART_Init  usart.o
    0x080050bc   0x00000034   Code   RO         5573    i.MX_USB_DEVICE_Init  usb_device.o
    0x080050f0   0x00000004   Code   RO         5176    i.MemManage_Handler  stm32f4xx_it.o
    0x080050f4   0x00000002   Code   RO         5177    i.NMI_Handler       stm32f4xx_it.o
    0x080050f6   0x00000002   PAD
    0x080050f8   0x00000010   Code   RO         6703    i.NVIC_GetPriorityGrouping  stm32f4xx_hal_cortex.o
    0x08005108   0x00000028   Code   RO         6704    i.NVIC_SetPriority  stm32f4xx_hal_cortex.o
    0x08005130   0x00000010   Code   RO         5178    i.OTG_FS_IRQHandler  stm32f4xx_it.o
    0x08005140   0x000000a2   Code   RO         7356    i.PCD_WriteEmptyTxFifo  stm32f4xx_hal_pcd.o
    0x080051e2   0x00000028   Code   RO         7964    i.SPI_CheckFlag_BSY  stm32f4xx_hal_spi.o
    0x0800520a   0x000000aa   Code   RO         7982    i.SPI_WaitFlagStateUntilTimeout  stm32f4xx_hal_spi.o
    0x080052b4   0x00000008   Code   RO         5179    i.SysTick_Handler   stm32f4xx_it.o
    0x080052bc   0x000000ec   Code   RO         5002    i.SystemClock_Config  main.o
    0x080053a8   0x00000064   Code   RO         5329    i.SystemInit        system_stm32f4xx.o
    0x0800540c   0x00000012   Code   RO         4940    i.SystemInitTask    freertos.o
    0x0800541e   0x00000002   PAD
    0x08005420   0x00000010   Code   RO         5180    i.TIM2_IRQHandler   stm32f4xx_it.o
    0x08005430   0x00000010   Code   RO         5181    i.TIM5_IRQHandler   stm32f4xx_it.o
    0x08005440   0x000000e4   Code   RO         8332    i.TIM_Base_SetConfig  stm32f4xx_hal_tim.o
    0x08005524   0x0000001c   Code   RO         8333    i.TIM_CCxChannelCmd  stm32f4xx_hal_tim.o
    0x08005540   0x00000018   Code   RO         8339    i.TIM_ETR_SetConfig  stm32f4xx_hal_tim.o
    0x08005558   0x00000014   Code   RO         8340    i.TIM_ITRx_SetConfig  stm32f4xx_hal_tim.o
    0x0800556c   0x00000070   Code   RO         8341    i.TIM_OC1_SetConfig  stm32f4xx_hal_tim.o
    0x080055dc   0x00000078   Code   RO         8342    i.TIM_OC2_SetConfig  stm32f4xx_hal_tim.o
    0x08005654   0x00000078   Code   RO         8343    i.TIM_OC3_SetConfig  stm32f4xx_hal_tim.o
    0x080056cc   0x00000060   Code   RO         8344    i.TIM_OC4_SetConfig  stm32f4xx_hal_tim.o
    0x0800572c   0x0000002a   Code   RO         8346    i.TIM_TI1_ConfigInputStage  stm32f4xx_hal_tim.o
    0x08005756   0x0000002c   Code   RO         8348    i.TIM_TI2_ConfigInputStage  stm32f4xx_hal_tim.o
    0x08005782   0x00000002   PAD
    0x08005784   0x00000038   Code   RO         2601    i.TimerISR_Hook     soft_timer.o
    0x080057bc   0x00000014   Code   RO         9164    i.UART_DMAAbortOnError  stm32f4xx_hal_uart.o
    0x080057d0   0x00000050   Code   RO         9165    i.UART_DMAError     stm32f4xx_hal_uart.o
    0x08005820   0x00000046   Code   RO         9166    i.UART_DMAReceiveCplt  stm32f4xx_hal_uart.o
    0x08005866   0x0000000e   Code   RO         9168    i.UART_DMARxHalfCplt  stm32f4xx_hal_uart.o
    0x08005874   0x00000036   Code   RO         9170    i.UART_DMATransmitCplt  stm32f4xx_hal_uart.o
    0x080058aa   0x0000000e   Code   RO         9172    i.UART_DMATxHalfCplt  stm32f4xx_hal_uart.o
    0x080058b8   0x00000020   Code   RO         9174    i.UART_EndRxTransfer  stm32f4xx_hal_uart.o
    0x080058d8   0x00000020   Code   RO         9175    i.UART_EndTransmit_IT  stm32f4xx_hal_uart.o
    0x080058f8   0x00000014   Code   RO         9176    i.UART_EndTxTransfer  stm32f4xx_hal_uart.o
    0x0800590c   0x00000066   Code   RO         1324    i.UART_Receive_DMA_No_IT  drv_dr16.o
    0x08005972   0x0000009a   Code   RO         9177    i.UART_Receive_IT   stm32f4xx_hal_uart.o
    0x08005a0c   0x00000368   Code   RO         9178    i.UART_SetConfig    stm32f4xx_hal_uart.o
    0x08005d74   0x00000068   Code   RO         9179    i.UART_Transmit_IT  stm32f4xx_hal_uart.o
    0x08005ddc   0x00000014   Code   RO         5182    i.USART1_IRQHandler  stm32f4xx_it.o
    0x08005df0   0x00000014   Code   RO         5183    i.USART3_IRQHandler  stm32f4xx_it.o
    0x08005e04   0x00000014   Code   RO         5184    i.USART6_IRQHandler  stm32f4xx_it.o
    0x08005e18   0x0000001a   Code   RO         6156    i.USBD_CDC_DataIn   usbd_cdc.o
    0x08005e32   0x00000034   Code   RO         6157    i.USBD_CDC_DataOut  usbd_cdc.o
    0x08005e66   0x00000040   Code   RO         6158    i.USBD_CDC_DeInit   usbd_cdc.o
    0x08005ea6   0x00000032   Code   RO         6159    i.USBD_CDC_EP0_RxReady  usbd_cdc.o
    0x08005ed8   0x00000010   Code   RO         6160    i.USBD_CDC_GetDeviceQualifierDescriptor  usbd_cdc.o
    0x08005ee8   0x00000010   Code   RO         6161    i.USBD_CDC_GetFSCfgDesc  usbd_cdc.o
    0x08005ef8   0x00000010   Code   RO         6162    i.USBD_CDC_GetHSCfgDesc  usbd_cdc.o
    0x08005f08   0x00000010   Code   RO         6163    i.USBD_CDC_GetOtherSpeedCfgDesc  usbd_cdc.o
    0x08005f18   0x000000a6   Code   RO         6164    i.USBD_CDC_Init     usbd_cdc.o
    0x08005fbe   0x0000003a   Code   RO         6165    i.USBD_CDC_ReceivePacket  usbd_cdc.o
    0x08005ff8   0x0000000e   Code   RO         6166    i.USBD_CDC_RegisterInterface  usbd_cdc.o
    0x08006006   0x0000000e   Code   RO         6167    i.USBD_CDC_SetRxBuffer  usbd_cdc.o
    0x08006014   0x00000014   Code   RO         6168    i.USBD_CDC_SetTxBuffer  usbd_cdc.o
    0x08006028   0x00000090   Code   RO         6169    i.USBD_CDC_Setup    usbd_cdc.o
    0x080060b8   0x00000038   Code   RO         6170    i.USBD_CDC_TransmitPacket  usbd_cdc.o
    0x080060f0   0x00000016   Code   RO         5863    i.USBD_ClrClassConfig  usbd_core.o
    0x08006106   0x00000044   Code   RO         6001    i.USBD_ClrFeature   usbd_ctlreq.o
    0x0800614a   0x00000018   Code   RO         6096    i.USBD_CtlContinueRx  usbd_ioreq.o
    0x08006162   0x00000018   Code   RO         6097    i.USBD_CtlContinueSendData  usbd_ioreq.o
    0x0800617a   0x00000018   Code   RO         6002    i.USBD_CtlError     usbd_ctlreq.o
    0x08006192   0x00000028   Code   RO         6098    i.USBD_CtlPrepareRx  usbd_ioreq.o
    0x080061ba   0x0000001a   Code   RO         6099    i.USBD_CtlReceiveStatus  usbd_ioreq.o
    0x080061d4   0x00000022   Code   RO         6100    i.USBD_CtlSendData  usbd_ioreq.o
    0x080061f6   0x0000001a   Code   RO         6101    i.USBD_CtlSendStatus  usbd_ioreq.o
    0x08006210   0x00000034   Code   RO         5796    i.USBD_FS_ConfigStrDescriptor  usbd_desc.o
    0x08006244   0x00000010   Code   RO         5797    i.USBD_FS_DeviceDescriptor  usbd_desc.o
    0x08006254   0x00000038   Code   RO         5798    i.USBD_FS_InterfaceStrDescriptor  usbd_desc.o
    0x0800628c   0x00000010   Code   RO         5799    i.USBD_FS_LangIDStrDescriptor  usbd_desc.o
    0x0800629c   0x0000002c   Code   RO         5800    i.USBD_FS_ManufacturerStrDescriptor  usbd_desc.o
    0x080062c8   0x00000040   Code   RO         5801    i.USBD_FS_ProductStrDescriptor  usbd_desc.o
    0x08006308   0x00000038   Code   RO         5802    i.USBD_FS_SerialStrDescriptor  usbd_desc.o
    0x08006340   0x00000050   Code   RO         6003    i.USBD_GetConfig    usbd_ctlreq.o
    0x08006390   0x00000148   Code   RO         6004    i.USBD_GetDescriptor  usbd_ctlreq.o
    0x080064d8   0x00000014   Code   RO         6005    i.USBD_GetLen       usbd_ctlreq.o
    0x080064ec   0x00000044   Code   RO         6006    i.USBD_GetStatus    usbd_ctlreq.o
    0x08006530   0x00000052   Code   RO         6007    i.USBD_GetString    usbd_ctlreq.o
    0x08006582   0x00000032   Code   RO         5865    i.USBD_Init         usbd_core.o
    0x080065b4   0x00000044   Code   RO         5620    i.USBD_LL_ClearStallEP  usbd_conf.o
    0x080065f8   0x00000044   Code   RO         5621    i.USBD_LL_CloseEP   usbd_conf.o
    0x0800663c   0x000000da   Code   RO         5866    i.USBD_LL_DataInStage  usbd_core.o
    0x08006716   0x00000086   Code   RO         5867    i.USBD_LL_DataOutStage  usbd_core.o
    0x0800679c   0x00000006   Code   RO         5868    i.USBD_LL_DevConnected  usbd_core.o
    0x080067a2   0x0000001a   Code   RO         5869    i.USBD_LL_DevDisconnected  usbd_core.o
    0x080067bc   0x00000012   Code   RO         5625    i.USBD_LL_GetRxDataSize  usbd_conf.o
    0x080067ce   0x00000002   PAD
    0x080067d0   0x0000009c   Code   RO         5626    i.USBD_LL_Init      usbd_conf.o
    0x0800686c   0x00000038   Code   RO         5627    i.USBD_LL_IsStallEP  usbd_conf.o
    0x080068a4   0x00000006   Code   RO         5870    i.USBD_LL_IsoINIncomplete  usbd_core.o
    0x080068aa   0x00000006   Code   RO         5871    i.USBD_LL_IsoOUTIncomplete  usbd_core.o
    0x080068b0   0x00000062   Code   RO         5628    i.USBD_LL_OpenEP    usbd_conf.o
    0x08006912   0x00000062   Code   RO         5629    i.USBD_LL_PrepareReceive  usbd_conf.o
    0x08006974   0x00000044   Code   RO         5872    i.USBD_LL_Reset     usbd_core.o
    0x080069b8   0x0000000e   Code   RO         5873    i.USBD_LL_Resume    usbd_core.o
    0x080069c6   0x00000022   Code   RO         5874    i.USBD_LL_SOF       usbd_core.o
    0x080069e8   0x00000008   Code   RO         5875    i.USBD_LL_SetSpeed  usbd_core.o
    0x080069f0   0x00000044   Code   RO         5630    i.USBD_LL_SetUSBAddress  usbd_conf.o
    0x08006a34   0x0000006e   Code   RO         5876    i.USBD_LL_SetupStage  usbd_core.o
    0x08006aa2   0x00000044   Code   RO         5631    i.USBD_LL_StallEP   usbd_conf.o
    0x08006ae6   0x0000003c   Code   RO         5632    i.USBD_LL_Start     usbd_conf.o
    0x08006b22   0x00000014   Code   RO         5877    i.USBD_LL_Suspend   usbd_core.o
    0x08006b36   0x00000062   Code   RO         5634    i.USBD_LL_Transmit  usbd_conf.o
    0x08006b98   0x00000028   Code   RO         6008    i.USBD_ParseSetupRequest  usbd_ctlreq.o
    0x08006bc0   0x00000010   Code   RO         5878    i.USBD_RegisterClass  usbd_core.o
    0x08006bd0   0x00000006   Code   RO         5879    i.USBD_RunTestMode  usbd_core.o
    0x08006bd6   0x00000054   Code   RO         6009    i.USBD_SetAddress   usbd_ctlreq.o
    0x08006c2a   0x00000022   Code   RO         5880    i.USBD_SetClassConfig  usbd_core.o
    0x08006c4c   0x000000e0   Code   RO         6010    i.USBD_SetConfig    usbd_ctlreq.o
    0x08006d2c   0x00000024   Code   RO         6011    i.USBD_SetFeature   usbd_ctlreq.o
    0x08006d50   0x0000000e   Code   RO         5881    i.USBD_Start        usbd_core.o
    0x08006d5e   0x00000072   Code   RO         6012    i.USBD_StdDevReq    usbd_ctlreq.o
    0x08006dd0   0x00000156   Code   RO         6013    i.USBD_StdEPReq     usbd_ctlreq.o
    0x08006f26   0x0000004a   Code   RO         6014    i.USBD_StdItfReq    usbd_ctlreq.o
    0x08006f70   0x000000c4   Code   RO         9476    i.USB_ActivateEndpoint  stm32f4xx_ll_usb.o
    0x08007034   0x00000044   Code   RO         9477    i.USB_ActivateSetup  stm32f4xx_ll_usb.o
    0x08007078   0x00000070   Code   RO         9479    i.USB_CoreInit      stm32f4xx_ll_usb.o
    0x080070e8   0x0000004c   Code   RO         9480    i.USB_CoreReset     stm32f4xx_ll_usb.o
    0x08007134   0x0000010c   Code   RO         9482    i.USB_DeactivateEndpoint  stm32f4xx_ll_usb.o
    0x08007240   0x0000001e   Code   RO         9483    i.USB_DevConnect    stm32f4xx_ll_usb.o
    0x0800725e   0x0000001e   Code   RO         9484    i.USB_DevDisconnect  stm32f4xx_ll_usb.o
    0x0800727c   0x000001a0   Code   RO         9485    i.USB_DevInit       stm32f4xx_ll_usb.o
    0x0800741c   0x0000000e   Code   RO         9486    i.USB_DisableGlobalInt  stm32f4xx_ll_usb.o
    0x0800742a   0x00000002   PAD
    0x0800742c   0x000001ac   Code   RO         9489    i.USB_EP0StartXfer  stm32f4xx_ll_usb.o
    0x080075d8   0x00000044   Code   RO         9490    i.USB_EP0_OutStart  stm32f4xx_ll_usb.o
    0x0800761c   0x00000088   Code   RO         9491    i.USB_EPClearStall  stm32f4xx_ll_usb.o
    0x080076a4   0x0000008c   Code   RO         9492    i.USB_EPSetStall    stm32f4xx_ll_usb.o
    0x08007730   0x000002d0   Code   RO         9493    i.USB_EPStartXfer   stm32f4xx_ll_usb.o
    0x08007a00   0x0000000e   Code   RO         9494    i.USB_EnableGlobalInt  stm32f4xx_ll_usb.o
    0x08007a0e   0x00000002   PAD
    0x08007a10   0x0000002c   Code   RO         9495    i.USB_FlushRxFifo   stm32f4xx_ll_usb.o
    0x08007a3c   0x00000030   Code   RO         9496    i.USB_FlushTxFifo   stm32f4xx_ll_usb.o
    0x08007a6c   0x00000044   Code   RO         9498    i.USB_GetDevSpeed   stm32f4xx_ll_usb.o
    0x08007ab0   0x0000000a   Code   RO         9500    i.USB_GetMode       stm32f4xx_ll_usb.o
    0x08007aba   0x00000012   Code   RO         9507    i.USB_ReadDevAllInEpInterrupt  stm32f4xx_ll_usb.o
    0x08007acc   0x00000012   Code   RO         9508    i.USB_ReadDevAllOutEpInterrupt  stm32f4xx_ll_usb.o
    0x08007ade   0x0000002c   Code   RO         9509    i.USB_ReadDevInEPInterrupt  stm32f4xx_ll_usb.o
    0x08007b0a   0x00000016   Code   RO         9510    i.USB_ReadDevOutEPInterrupt  stm32f4xx_ll_usb.o
    0x08007b20   0x0000000c   Code   RO         9511    i.USB_ReadInterrupts  stm32f4xx_ll_usb.o
    0x08007b2c   0x00000022   Code   RO         9512    i.USB_ReadPacket    stm32f4xx_ll_usb.o
    0x08007b4e   0x00000030   Code   RO         9514    i.USB_SetCurrentMode  stm32f4xx_ll_usb.o
    0x08007b7e   0x00000024   Code   RO         9515    i.USB_SetDevAddress  stm32f4xx_ll_usb.o
    0x08007ba2   0x00000010   Code   RO         9516    i.USB_SetDevSpeed   stm32f4xx_ll_usb.o
    0x08007bb2   0x00000030   Code   RO         9519    i.USB_WritePacket   stm32f4xx_ll_usb.o
    0x08007be2   0x00000004   Code   RO         5185    i.UsageFault_Handler  stm32f4xx_it.o
    0x08007be6   0x00000004   Code   RO         5003    i._Error_Handler    main.o
    0x08007bea   0x00000030   Code   RO        10398    i.__ARM_fpclassify  m_wm.l(fpclassify.o)
    0x08007c1a   0x00000006   Code   RO         2659    i.__get_PRIMASK     ulog.o
    0x08007c20   0x00000006   Code   RO         3144    i.__get_PRIMASK     protocol_transmit.o
    0x08007c26   0x00000006   Code   RO         3381    i.__get_PRIMASK     fifo.o
    0x08007c2c   0x00000004   PAD
    0x08007c30   0x000000c8   Code   RO         9988    i.__hardfp_cos      m_wm.l(cos.o)
    0x08007cf8   0x00000014   Code   RO        10000    i.__hardfp_fabs     m_wm.l(fabs.o)
    0x08007d0c   0x00000004   PAD
    0x08007d10   0x000000c8   Code   RO        10006    i.__hardfp_sin      m_wm.l(sin.o)
    0x08007dd8   0x00000438   Code   RO        10403    i.__ieee754_rem_pio2  m_wm.l(rred.o)
    0x08008210   0x00000170   Code   RO        10381    i.__kernel_cos      m_wm.l(cos_i.o)
    0x08008380   0x000000f8   Code   RO        10400    i.__kernel_poly     m_wm.l(poly.o)
    0x08008478   0x00000130   Code   RO        10408    i.__kernel_sin      m_wm.l(sin_i.o)
    0x080085a8   0x00000014   Code   RO        10385    i.__mathlib_dbl_infnan  m_wm.l(dunder.o)
    0x080085bc   0x00000004   PAD
    0x080085c0   0x00000020   Code   RO        10387    i.__mathlib_dbl_invalid  m_wm.l(dunder.o)
    0x080085e0   0x00000020   Code   RO        10390    i.__mathlib_dbl_underflow  m_wm.l(dunder.o)
    0x08008600   0x0000000e   Code   RO        10460    i.__scatterload_copy  mc_w.l(handlers.o)
    0x0800860e   0x00000002   Code   RO        10461    i.__scatterload_null  mc_w.l(handlers.o)
    0x08008610   0x0000000e   Code   RO        10462    i.__scatterload_zeroinit  mc_w.l(handlers.o)
    0x0800861e   0x00000006   Code   RO         1561    i.__set_PRIMASK     object.o
    0x08008624   0x00000006   Code   RO         2660    i.__set_PRIMASK     ulog.o
    0x0800862a   0x00000006   Code   RO         3145    i.__set_PRIMASK     protocol_transmit.o
    0x08008630   0x00000006   Code   RO         3382    i.__set_PRIMASK     fifo.o
    0x08008636   0x00000002   PAD
    0x08008638   0x0000000c   Code   RO        10440    i.__set_errno       mc_w.l(errno.o)
    0x08008644   0x0000002e   Code   RO         2478    i.abs_limit         pid.o
    0x08008672   0x0000002c   Code   RO         3648    i.append_crc16      mf_crc.o
    0x0800869e   0x0000003c   Code   RO         3649    i.append_crc32      mf_crc.o
    0x080086da   0x00000002   PAD
    0x080086dc   0x00000090   Code   RO         1380    i.beep_ctrl_times   drv_io.o
    0x0800876c   0x00000010   Code   RO         1381    i.beep_set_times    drv_io.o
    0x0800877c   0x00000010   Code   RO         1382    i.beep_set_tune     drv_io.o
    0x0800878c   0x00000088   Code   RO         1010    i.board_config      board.o
    0x08008814   0x00000014   Code   RO         4672    i.cali_data_read    param.o
    0x08008828   0x00000008   Code   RO         4673    i.cali_param_init   param.o
    0x08008830   0x00000078   Code   RO          778    i.can1_detect_update  offline_check.o
    0x080088a8   0x00000016   Code   RO         1011    i.can1_motor_msg_rec  board.o
    0x080088be   0x00000002   PAD
    0x080088c0   0x00000028   Code   RO          779    i.can2_detect_update  offline_check.o
    0x080088e8   0x00000024   Code   RO          371    i.can2_rcv_callback  communicate.o
    0x0800890c   0x0000001c   Code   RO          372    i.can2_send_data    communicate.o
    0x08008928   0x00000088   Code   RO         1012    i.can2_single_gyro_rec  board.o
    0x080089b0   0x00000026   Code   RO         1099    i.can_fifo0_rx_callback_register  drv_can.o
    0x080089d6   0x00000002   PAD
    0x080089d8   0x00000130   Code   RO         1100    i.can_manage_init   drv_can.o
    0x08008b08   0x000000ec   Code   RO         1101    i.can_msg_bytes_send  drv_can.o
    0x08008bf4   0x0000006e   Code   RO         1102    i.can_tx_mailbox_complete_hanle  drv_can.o
    0x08008c62   0x00000052   Code   RO         1954    i.cascade_control   pid_controller.o
    0x08008cb4   0x00000038   Code   RO         1955    i.cascade_controller_register  pid_controller.o
    0x08008cec   0x0000002a   Code   RO         1996    i.chassis_disable   chassis.o
    0x08008d16   0x0000002a   Code   RO         1997    i.chassis_enable    chassis.o
    0x08008d40   0x0000069c   Code   RO         1998    i.chassis_execute   chassis.o
    0x080093dc   0x00000012   Code   RO         1999    i.chassis_find      chassis.o
    0x080093ee   0x00000002   PAD
    0x080093f0   0x00000138   Code   RO         2000    i.chassis_get_info  chassis.o
    0x08009528   0x00000016   Code   RO         2001    i.chassis_gyro_updata  chassis.o
    0x0800953e   0x00000002   PAD
    0x08009540   0x00000240   Code   RO         2002    i.chassis_pid_register  chassis.o
    0x08009780   0x000000b0   Code   RO          678    i.chassis_push_info  infantry_cmd.o
    0x08009830   0x0000001a   Code   RO         2003    i.chassis_set_acc   chassis.o
    0x0800984a   0x00000016   Code   RO         2004    i.chassis_set_offset  chassis.o
    0x08009860   0x00000016   Code   RO         2005    i.chassis_set_ratio  chassis.o
    0x08009876   0x00000002   PAD
    0x08009878   0x00000010   Code   RO          487    i.chassis_set_relative_angle  chassis_task.o
    0x08009888   0x0000001a   Code   RO         2006    i.chassis_set_speed  chassis.o
    0x080098a2   0x00000002   PAD
    0x080098a4   0x0000002c   Code   RO          679    i.chassis_spd_acc_ctrl  infantry_cmd.o
    0x080098d0   0x0000002c   Code   RO          680    i.chassis_speed_ctrl  infantry_cmd.o
    0x080098fc   0x0000015c   Code   RO          488    i.chassis_task      chassis_task.o
    0x08009a58   0x0000015c   Code   RO          373    i.communicate_task  communicate.o
    0x08009bb4   0x00000028   Code   RO         1876    i.controller_disable  controller.o
    0x08009bdc   0x00000012   Code   RO         1877    i.controller_enable  controller.o
    0x08009bee   0x0000004a   Code   RO         1878    i.controller_execute  controller.o
    0x08009c38   0x00000012   Code   RO         1879    i.controller_find   controller.o
    0x08009c4a   0x00000002   PAD
    0x08009c4c   0x0000001c   Code   RO         1880    i.controller_get_output  controller.o
    0x08009c68   0x00000044   Code   RO         1882    i.controller_register  controller.o
    0x08009cac   0x00000010   Code   RO         1883    i.controller_set_input  controller.o
    0x08009cbc   0x00000048   Code   RO         1792    i.detect_device_add_event  detect.o
    0x08009d04   0x0000008a   Code   RO         1793    i.detect_device_check  detect.o
    0x08009d8e   0x0000000c   Code   RO         1797    i.detect_device_get_event  detect.o
    0x08009d9a   0x0000003c   Code   RO         1800    i.detect_device_register  detect.o
    0x08009dd6   0x00000040   Code   RO         1802    i.detect_device_update  detect.o
    0x08009e16   0x00000012   Code   RO         1619    i.device_find       device.o
    0x08009e28   0x00000036   Code   RO         1620    i.device_register   device.o
    0x08009e5e   0x00000002   PAD
    0x08009e60   0x00000014   Code   RO         1325    i.dr16_forword_callback_register  drv_dr16.o
    0x08009e74   0x00000034   Code   RO          374    i.dr16_rx_data_by_can  communicate.o
    0x08009ea8   0x00000034   Code   RO         1013    i.dr16_rx_data_by_uart  board.o
    0x08009edc   0x00000014   Code   RO         1326    i.dr16_rx_uart_callback_register  drv_dr16.o
    0x08009ef0   0x00000028   Code   RO         1327    i.dr16_uart_init    drv_dr16.o
    0x08009f18   0x0000008c   Code   RO         1328    i.dr16_uart_rx_data_handle  drv_dr16.o
    0x08009fa4   0x00000018   Code   RO        10002    i.fabs              m_wm.l(fabs.o)
    0x08009fbc   0x00000054   Code   RO         3387    i.fifo_get          fifo.o
    0x0800a010   0x0000003e   Code   RO         3388    i.fifo_get_noprotect  fifo.o
    0x0800a04e   0x0000001c   Code   RO         3389    i.fifo_init         fifo.o
    0x0800a06a   0x0000000e   Code   RO         3390    i.fifo_is_empty     fifo.o
    0x0800a078   0x0000000e   Code   RO         3391    i.fifo_is_full      fifo.o
    0x0800a086   0x00000054   Code   RO         3393    i.fifo_put          fifo.o
    0x0800a0da   0x0000003a   Code   RO         3400    i.fifo_s_get        fifo.o
    0x0800a114   0x0000009a   Code   RO         3401    i.fifo_s_gets       fifo.o
    0x0800a1ae   0x00000086   Code   RO         3402    i.fifo_s_gets_noprotect  fifo.o
    0x0800a234   0x00000016   Code   RO         3403    i.fifo_s_init       fifo.o
    0x0800a24a   0x0000000e   Code   RO         3404    i.fifo_s_isempty    fifo.o
    0x0800a258   0x00000028   Code   RO         3406    i.fifo_s_preread    fifo.o
    0x0800a280   0x0000009e   Code   RO         3407    i.fifo_s_prereads   fifo.o
    0x0800a31e   0x000000a0   Code   RO         3409    i.fifo_s_puts       fifo.o
    0x0800a3be   0x0000008c   Code   RO         3410    i.fifo_s_puts_noprotect  fifo.o
    0x0800a44a   0x00000006   Code   RO         3411    i.fifo_s_used       fifo.o
    0x0800a450   0x00000034   Code   RO         3651    i.get_crc16         mf_crc.o
    0x0800a484   0x00000034   Code   RO         3652    i.get_crc32         mf_crc.o
    0x0800a4b8   0x00000190   Code   RO         1734    i.get_dr16_data     dbus.o
    0x0800a648   0x00000186   Code   RO         1735    i.get_dr16_state    dbus.o
    0x0800a7ce   0x00000002   PAD
    0x0800a7d0   0x000000cc   Code   RO         1655    i.get_encoder_data  motor.o
    0x0800a89c   0x000001c4   Code   RO         1178    i.get_ist_mag_offset  drv_imu.o
    0x0800aa60   0x00000010   Code   RO         1656    i.get_motor_offset  motor.o
    0x0800aa70   0x000000bc   Code   RO         1179    i.get_mpu_acc_offset  drv_imu.o
    0x0800ab2c   0x000000b8   Code   RO         1180    i.get_mpu_gyro_offset  drv_imu.o
    0x0800abe4   0x00000008   Code   RO          780    i.get_offline_dev   offline_check.o
    0x0800abec   0x0000000c   Code   RO            4    i.get_sys_cfg       init.o
    0x0800abf8   0x00000008   Code   RO         1014    i.get_time_ms       board.o
    0x0800ac00   0x0000002c   Code   RO         1015    i.get_time_ms_us    board.o
    0x0800ac2c   0x0000000c   Code   RO         1016    i.get_time_us       board.o
    0x0800ac38   0x00000014   Code   RO          375    i.gimbal_adjust     communicate.o
    0x0800ac4c   0x0000000e   Code   RO          682    i.gimbal_adjust_cmd  infantry_cmd.o
    0x0800ac5a   0x00000002   PAD
    0x0800ac5c   0x0000002c   Code   RO          683    i.gimbal_angle_ctrl  infantry_cmd.o
    0x0800ac88   0x0000000c   Code   RO          526    i.gimbal_auto_adjust_start  gimbal_task.o
    0x0800ac94   0x00000220   Code   RO         2101    i.gimbal_cascade_register  gimbal.o
    0x0800aeb4   0x00000012   Code   RO         2103    i.gimbal_find       gimbal.o
    0x0800aec6   0x00000034   Code   RO          684    i.gimbal_info_rcv   infantry_cmd.o
    0x0800aefa   0x00000002   PAD
    0x0800aefc   0x0000002c   Code   RO          528    i.gimbal_init_state_reset  gimbal_task.o
    0x0800af28   0x00000018   Code   RO         2106    i.gimbal_pitch_disable  gimbal.o
    0x0800af40   0x000000a6   Code   RO         2111    i.gimbal_set_pitch_angle  gimbal.o
    0x0800afe6   0x00000044   Code   RO         2114    i.gimbal_set_pitch_speed  gimbal.o
    0x0800b02a   0x00000002   PAD
    0x0800b02c   0x00000074   Code   RO         2115    i.gimbal_set_yaw_angle  gimbal.o
    0x0800b0a0   0x00000128   Code   RO         2117    i.gimbal_set_yaw_gyro_angle  gimbal.o
    0x0800b1c8   0x00000050   Code   RO         2119    i.gimbal_set_yaw_speed  gimbal.o
    0x0800b218   0x00000018   Code   RO         2120    i.gimbal_yaw_disable  gimbal.o
    0x0800b230   0x00000012   Code   RO         2122    i.gimbal_yaw_gyro_update  gimbal.o
    0x0800b242   0x00000002   PAD
    0x0800b244   0x0000001c   Code   RO         1017    i.gyro_can_std_send  board.o
    0x0800b260   0x00000064   Code   RO         3589    i.heap_free         mem_mang4.o
    0x0800b2c4   0x0000007c   Code   RO         3592    i.heap_init         mem_mang4.o
    0x0800b340   0x00000100   Code   RO         3593    i.heap_malloc       mem_mang4.o
    0x0800b440   0x000000b4   Code   RO            5    i.hw_init           init.o
    0x0800b4f4   0x00000010   Code   RO         3718    i.inHandlerMode     cmsis_os.o
    0x0800b504   0x00000374   Code   RO          686    i.infantry_cmd_task  infantry_cmd.o
    0x0800b878   0x00000068   Code   RO         3595    i.insert_into_free_list  mem_mang4.o
    0x0800b8e0   0x00000010   Code   RO         1181    i.ist8310_get_data  drv_imu.o
    0x0800b8f0   0x00000100   Code   RO         1182    i.ist8310_init      drv_imu.o
    0x0800b9f0   0x0000003a   Code   RO         1183    i.ist_reg_read_by_mpu  drv_imu.o
    0x0800ba2a   0x00000040   Code   RO         1184    i.ist_reg_write_by_mpu  drv_imu.o
    0x0800ba6a   0x00000002   PAD
    0x0800ba6c   0x00000154   Code   RO          846    i.judgement_data_handler  referee_system.o
    0x0800bbc0   0x00000034   Code   RO         1385    i.led_toggle_300ms  drv_io.o
    0x0800bbf4   0x0000000e   Code   RO         2663    i.list_add          ulog.o
    0x0800bc02   0x0000000e   Code   RO         3146    i.list_add          protocol_transmit.o
    0x0800bc10   0x0000000c   Code   RO         3147    i.list_del          protocol_transmit.o
    0x0800bc1c   0x0000005c   Code   RO         5004    i.main              main.o
    0x0800bc78   0x0000000e   Code   RO         3720    i.makeFreeRtosPriority  cmsis_os.o
    0x0800bc86   0x00000006   Code   RO          376    i.manifold2_heart_package  communicate.o
    0x0800bc8c   0x0000035c   Code   RO         2404    i.mecanum_calculate  mecanum.o
    0x0800bfe8   0x00000520   Code   RO         2405    i.mecanum_position_measure  mecanum.o
    0x0800c508   0x0000000e   Code   RO         1018    i.motor_can1_output_1ms  board.o
    0x0800c516   0x00000002   PAD
    0x0800c518   0x0000003c   Code   RO         1019    i.motor_canstd_send  board.o
    0x0800c554   0x00000184   Code   RO         1657    i.motor_device_can_output  motor.o
    0x0800c6d8   0x0000000c   Code   RO         1658    i.motor_device_can_send_register  motor.o
    0x0800c6e4   0x0000002a   Code   RO         1659    i.motor_device_data_update  motor.o
    0x0800c70e   0x00000070   Code   RO         1661    i.motor_device_find_by_canid  motor.o
    0x0800c77e   0x0000000e   Code   RO         1662    i.motor_device_get_data  motor.o
    0x0800c78c   0x00000068   Code   RO         1663    i.motor_device_register  motor.o
    0x0800c7f4   0x00000012   Code   RO         1664    i.motor_device_set_current  motor.o
    0x0800c806   0x0000001c   Code   RO         2009    i.motor_pid_input_convert  chassis.o
    0x0800c822   0x00000002   PAD
    0x0800c824   0x000000a0   Code   RO         1185    i.mpu_device_init   drv_imu.o
    0x0800c8c4   0x0000008c   Code   RO         1188    i.mpu_mst_i2c_auto_read_config  drv_imu.o
    0x0800c950   0x00000054   Code   RO         1189    i.mpu_read_reg      drv_imu.o
    0x0800c9a4   0x00000064   Code   RO         1190    i.mpu_read_regs     drv_imu.o
    0x0800ca08   0x00000058   Code   RO         1191    i.mpu_write_reg     drv_imu.o
    0x0800ca60   0x00000032   Code   RO         1562    i.object_detach     object.o
    0x0800ca92   0x0000006e   Code   RO         1563    i.object_find       object.o
    0x0800cb00   0x0000002c   Code   RO         1564    i.object_get_information  object.o
    0x0800cb2c   0x00000068   Code   RO         1565    i.object_init       object.o
    0x0800cb94   0x0000000c   Code   RO          782    i.offline_beep_set_times  offline_check.o
    0x0800cba0   0x00000054   Code   RO          783    i.offline_check     offline_check.o
    0x0800cbf4   0x0000009c   Code   RO          784    i.offline_init      offline_check.o
    0x0800cc90   0x00000018   Code   RO         3722    i.osDelay           cmsis_os.o
    0x0800cca8   0x0000001c   Code   RO         3723    i.osDelayUntil      cmsis_os.o
    0x0800ccc4   0x0000000a   Code   RO         3725    i.osKernelStart     cmsis_os.o
    0x0800ccce   0x00000014   Code   RO         3726    i.osKernelSysTick   cmsis_os.o
    0x0800cce2   0x00000002   PAD
    0x0800cce4   0x00000060   Code   RO         3756    i.osSignalSet       cmsis_os.o
    0x0800cd44   0x00000062   Code   RO         3757    i.osSignalWait      cmsis_os.o
    0x0800cda6   0x00000010   Code   RO         3758    i.osSystickHandler  cmsis_os.o
    0x0800cdb6   0x00000030   Code   RO         3759    i.osThreadCreate    cmsis_os.o
    0x0800cde6   0x00000002   PAD
    0x0800cde8   0x000000fc   Code   RO         2479    i.pid_calculate     pid.o
    0x0800cee4   0x0000003a   Code   RO         1956    i.pid_control       pid_controller.o
    0x0800cf1e   0x00000002   PAD
    0x0800cf20   0x00000038   Code   RO         1957    i.pid_controller_register  pid_controller.o
    0x0800cf58   0x00000016   Code   RO         2480    i.pid_param_init    pid.o
    0x0800cf6e   0x00000002   PAD
    0x0800cf70   0x00000034   Code   RO         2481    i.pid_reset         pid.o
    0x0800cfa4   0x00000060   Code   RO         2482    i.pid_struct_init   pid.o
    0x0800d004   0x0000001c   Code   RO         2123    i.pitch_ecd_input_convert  gimbal.o
    0x0800d020   0x00000044   Code   RO         2985    i.protocol_ack      protocol.o
    0x0800d064   0x0000004e   Code   RO         3310    i.protocol_can_interface_register  protocol_interface.o
    0x0800d0b2   0x00000002   PAD
    0x0800d0b4   0x0000007c   Code   RO         3311    i.protocol_can_rcv_data  protocol_interface.o
    0x0800d130   0x00000064   Code   RO         3312    i.protocol_get_interface  protocol_interface.o
    0x0800d194   0x00000034   Code   RO         2986    i.protocol_get_send_cmd_info  protocol.o
    0x0800d1c8   0x00000026   Code   RO         3148    i.protocol_get_session  protocol_transmit.o
    0x0800d1ee   0x00000002   PAD
    0x0800d1f0   0x00000118   Code   RO         3313    i.protocol_interface_init  protocol_interface.o
    0x0800d308   0x000000a4   Code   RO         3314    i.protocol_interface_send_data  protocol_interface.o
    0x0800d3ac   0x000000ec   Code   RO         2987    i.protocol_local_init  protocol.o
    0x0800d498   0x0000000c   Code   RO         3105    i.protocol_p_free   protocol_common.o
    0x0800d4a4   0x00000008   Code   RO         3106    i.protocol_p_get_time  protocol_common.o
    0x0800d4ac   0x0000000c   Code   RO         3107    i.protocol_p_malloc  protocol_common.o
    0x0800d4b8   0x0000006c   Code   RO         2988    i.protocol_rcv_cmd_register  protocol.o
    0x0800d524   0x000000a0   Code   RO         2990    i.protocol_rcv_data  protocol.o
    0x0800d5c4   0x00000074   Code   RO         2991    i.protocol_rcv_pack_handle  protocol.o
    0x0800d638   0x00000020   Code   RO         3149    i.protocol_release_session  protocol_transmit.o
    0x0800d658   0x0000022c   Code   RO         3150    i.protocol_s_add_sendnode  protocol_transmit.o
    0x0800d884   0x00000062   Code   RO         3151    i.protocol_s_auth_pack_header  protocol_transmit.o
    0x0800d8e6   0x00000002   PAD
    0x0800d8e8   0x00000128   Code   RO         3152    i.protocol_s_broadcast_add_node  protocol_transmit.o
    0x0800da10   0x000000b0   Code   RO         3153    i.protocol_s_broadcast_send_flush  protocol_transmit.o
    0x0800dac0   0x000002d4   Code   RO         3154    i.protocol_s_error_info_printf  protocol_transmit.o
    0x0800dd94   0x00000130   Code   RO         3155    i.protocol_s_extract  protocol_transmit.o
    0x0800dec4   0x00000036   Code   RO         3156    i.protocol_s_fetch_pack_data  protocol_transmit.o
    0x0800defa   0x00000002   PAD
    0x0800defc   0x000000b8   Code   RO         3157    i.protocol_s_fill_pack  protocol_transmit.o
    0x0800dfb4   0x0000002e   Code   RO         3158    i.protocol_s_find_pack_header  protocol_transmit.o
    0x0800dfe2   0x00000002   PAD
    0x0800dfe4   0x00000040   Code   RO         3159    i.protocol_s_get_route  protocol_transmit.o
    0x0800e024   0x0000001a   Code   RO         3160    i.protocol_s_get_ver_datalen  protocol_transmit.o
    0x0800e03e   0x00000056   Code   RO         3161    i.protocol_s_interface_ack_send_flush  protocol_transmit.o
    0x0800e094   0x0000011c   Code   RO         3162    i.protocol_s_interface_normal_send_flush  protocol_transmit.o
    0x0800e1b0   0x00000034   Code   RO         3163    i.protocol_s_interface_send_data  protocol_transmit.o
    0x0800e1e4   0x0000012c   Code   RO         3164    i.protocol_s_pack_forward  protocol_transmit.o
    0x0800e310   0x00000068   Code   RO         3165    i.protocol_s_session_get_node  protocol_transmit.o
    0x0800e378   0x000000c0   Code   RO         3166    i.protocol_s_unpack_data_handle  protocol_transmit.o
    0x0800e438   0x00000094   Code   RO         2992    i.protocol_send     protocol.o
    0x0800e4cc   0x00000090   Code   RO         2995    i.protocol_send_flush  protocol.o
    0x0800e55c   0x00000010   Code   RO         2996    i.protocol_send_list_add_callback_reg  protocol.o
    0x0800e56c   0x00000014   Code   RO          377    i.protocol_send_success_callback  communicate.o
    0x0800e580   0x00000090   Code   RO         3315    i.protocol_set_route  protocol_interface.o
    0x0800e610   0x00000040   Code   RO         3316    i.protocol_uart_interface_register  protocol_interface.o
    0x0800e650   0x00000064   Code   RO         3317    i.protocol_uart_rcv_data  protocol_interface.o
    0x0800e6b4   0x0000003c   Code   RO         2997    i.protocol_unpack_flush  protocol.o
    0x0800e6f0   0x00000098   Code   RO         4378    i.prvAddCurrentTaskToDelayedList  tasks.o
    0x0800e788   0x000000b4   Code   RO         4379    i.prvAddNewTaskToReadyList  tasks.o
    0x0800e83c   0x00000064   Code   RO         4380    i.prvCheckTasksWaitingTermination  tasks.o
    0x0800e8a0   0x00000012   Code   RO         4381    i.prvDeleteTCB      tasks.o
    0x0800e8b2   0x00000002   PAD
    0x0800e8b4   0x0000007c   Code   RO         4802    i.prvHeapInit       heap_4.o
    0x0800e930   0x00000028   Code   RO         4382    i.prvIdleTask       tasks.o
    0x0800e958   0x000000b4   Code   RO         4383    i.prvInitialiseNewTask  tasks.o
    0x0800ea0c   0x00000068   Code   RO         4384    i.prvInitialiseTaskLists  tasks.o
    0x0800ea74   0x00000068   Code   RO         4803    i.prvInsertBlockIntoFreeList  heap_4.o
    0x0800eadc   0x00000034   Code   RO         4385    i.prvResetNextTaskUnblockTime  tasks.o
    0x0800eb10   0x00000040   Code   RO         4726    i.prvTaskExitError  port.o
    0x0800eb50   0x00000148   Code   RO         4804    i.pvPortMalloc      heap_4.o
    0x0800ec98   0x00000068   Code   RO         1387    i.pwm_device_init   drv_io.o
    0x0800ed00   0x0000002c   Code   RO         4727    i.pxPortInitialiseStack  port.o
    0x0800ed2c   0x00000040   Code   RO         2521    i.ramp_calculate    ramp.o
    0x0800ed6c   0x00000008   Code   RO         2522    i.ramp_init         ramp.o
    0x0800ed74   0x00000018   Code   RO          687    i.rc_data_forword_by_can  infantry_cmd.o
    0x0800ed8c   0x00000020   Code   RO         1736    i.rc_device_date_update  dbus.o
    0x0800edac   0x00000022   Code   RO         1737    i.rc_device_find    dbus.o
    0x0800edce   0x0000000e   Code   RO         1738    i.rc_device_get_info  dbus.o
    0x0800eddc   0x00000060   Code   RO         1739    i.rc_device_get_state  dbus.o
    0x0800ee3c   0x00000044   Code   RO         1740    i.rc_device_register  dbus.o
    0x0800ee80   0x00000024   Code   RO          785    i.rc_offline_callback  offline_check.o
    0x0800eea4   0x00000034   Code   RO          847    i.ref_append_crc16  referee_system.o
    0x0800eed8   0x00000024   Code   RO          848    i.ref_append_crc8   referee_system.o
    0x0800eefc   0x00000034   Code   RO          849    i.ref_get_crc16     referee_system.o
    0x0800ef30   0x00000024   Code   RO          850    i.ref_get_crc8      referee_system.o
    0x0800ef54   0x00000044   Code   RO          851    i.ref_verify_crc16  referee_system.o
    0x0800ef98   0x0000002e   Code   RO          852    i.ref_verify_crc8   referee_system.o
    0x0800efc6   0x00000002   PAD
    0x0800efc8   0x00000034   Code   RO          854    i.referee_param_init  referee_system.o
    0x0800effc   0x0000003e   Code   RO          855    i.referee_protocol_pack  referee_system.o
    0x0800f03a   0x00000002   PAD
    0x0800f03c   0x0000005c   Code   RO          856    i.referee_protocol_tansmit  referee_system.o
    0x0800f098   0x00000010   Code   RO          857    i.referee_send_data_register  referee_system.o
    0x0800f0a8   0x00000028   Code   RO          858    i.referee_uart_rx_data_handle  referee_system.o
    0x0800f0d0   0x00000160   Code   RO          859    i.referee_unpack_fifo_data  referee_system.o
    0x0800f230   0x0000000c   Code   RO          378    i.report_firmware_version  communicate.o
    0x0800f23c   0x0000002c   Code   RO          688    i.shoot_ctrl        infantry_cmd.o
    0x0800f268   0x00000022   Code   RO         2271    i.shoot_disable     shoot.o
    0x0800f28a   0x00000012   Code   RO         2274    i.shoot_find        shoot.o
    0x0800f29c   0x0000002c   Code   RO          689    i.shoot_firction_ctrl  infantry_cmd.o
    0x0800f2c8   0x0000001c   Code   RO         2277    i.shoot_pid_input_convert  shoot.o
    0x0800f2e4   0x00000144   Code   RO         2278    i.shoot_pid_register  shoot.o
    0x0800f428   0x0000001c   Code   RO         2279    i.shoot_set_cmd     shoot.o
    0x0800f444   0x00000016   Code   RO         2280    i.shoot_set_fric_speed  shoot.o
    0x0800f45a   0x00000034   Code   RO         2281    i.shoot_set_turn_speed  shoot.o
    0x0800f48e   0x00000002   PAD
    0x0800f490   0x00000068   Code   RO         2282    i.shoot_state_update  shoot.o
    0x0800f4f8   0x00000018   Code   RO         2366    i.single_gyro_can_send_register  single_gyro.o
    0x0800f510   0x00000070   Code   RO         2369    i.single_gyro_update  single_gyro.o
    0x0800f580   0x00000048   Code   RO         2602    i.soft_timer_check  soft_timer.o
    0x0800f5c8   0x00000024   Code   RO         2604    i.soft_timer_init   soft_timer.o
    0x0800f5ec   0x00000054   Code   RO          645    i.soft_timer_register  timer_task.o
    0x0800f640   0x00000050   Code   RO         2605    i.soft_timer_req    soft_timer.o
    0x0800f690   0x00000050   Code   RO         2606    i.soft_timer_update  soft_timer.o
    0x0800f6e0   0x00000018   Code   RO          690    i.student_data_transmit  infantry_cmd.o
    0x0800f6f8   0x00000018   Code   RO            6    i.system_config     init.o
    0x0800f710   0x00000080   Code   RO            7    i.task_init         init.o
    0x0800f790   0x00000002   Code   RO         2886    i.test_init         test.o
    0x0800f792   0x00000002   PAD
    0x0800f794   0x00000030   Code   RO         2916    i.test_module_execute  test_module.o
    0x0800f7c4   0x00000070   Code   RO          646    i.timer_task        timer_task.o
    0x0800f834   0x0000004c   Code   RO         2665    i.ulog_backend_register  ulog.o
    0x0800f880   0x00000028   Code   RO         2854    i.ulog_console_backend_init  ulog_console.o
    0x0800f8a8   0x0000001c   Code   RO         2855    i.ulog_console_backend_output  ulog_console.o
    0x0800f8c4   0x0000000c   Code   RO         2673    i.ulog_global_filter_lvl_set  ulog.o
    0x0800f8d0   0x00000034   Code   RO         2677    i.ulog_init         ulog.o
    0x0800f904   0x00000008   Code   RO         2684    i.ulog_tag_lvl_list_get  ulog.o
    0x0800f90c   0x0000003c   Code   RO         1451    i.usart3_idle_callback  drv_uart.o
    0x0800f948   0x00000074   Code   RO         1452    i.usart3_manage_init  drv_uart.o
    0x0800f9bc   0x00000014   Code   RO         1453    i.usart3_rx_callback_register  drv_uart.o
    0x0800f9d0   0x00000018   Code   RO         1454    i.usart3_transmit   drv_uart.o
    0x0800f9e8   0x00000074   Code   RO         1456    i.usart6_manage_init  drv_uart.o
    0x0800fa5c   0x00000018   Code   RO         1458    i.usart6_transmit   drv_uart.o
    0x0800fa74   0x0000006e   Code   RO         1459    i.usart_rec_to_buff  drv_uart.o
    0x0800fae2   0x00000004   Code   RO         1460    i.usart_rx_callback_register  drv_uart.o
    0x0800fae6   0x0000007c   Code   RO         1461    i.usart_transmit    drv_uart.o
    0x0800fb62   0x00000040   Code   RO         1462    i.usart_transmit_hook  drv_uart.o
    0x0800fba2   0x00000012   Code   RO          379    i.usb_interface_send  communicate.o
    0x0800fbb4   0x00000024   Code   RO          380    i.usb_rcv_callback  communicate.o
    0x0800fbd8   0x0000005c   Code   RO         5514    i.usb_tx_flush      usbd_cdc_if.o
    0x0800fc34   0x00000028   Code   RO         5515    i.usb_vcp_rx_callback_register  usbd_cdc_if.o
    0x0800fc5c   0x00000074   Code   RO          381    i.uwb_rcv_callback  communicate.o
    0x0800fcd0   0x00000028   Code   RO         4189    i.uxListRemove      list.o
    0x0800fcf8   0x00000002   Code   RO         4941    i.vApplicationMallocFailedHook  freertos.o
    0x0800fcfa   0x00000002   Code   RO         4942    i.vApplicationStackOverflowHook  freertos.o
    0x0800fcfc   0x0000001a   Code   RO         4190    i.vListInitialise   list.o
    0x0800fd16   0x00000006   Code   RO         4191    i.vListInitialiseItem  list.o
    0x0800fd1c   0x00000034   Code   RO         4192    i.vListInsert       list.o
    0x0800fd50   0x00000018   Code   RO         4193    i.vListInsertEnd    list.o
    0x0800fd68   0x00000054   Code   RO         4729    i.vPortEnterCritical  port.o
    0x0800fdbc   0x0000003c   Code   RO         4730    i.vPortExitCritical  port.o
    0x0800fdf8   0x00000094   Code   RO         4805    i.vPortFree         heap_4.o
    0x0800fe8c   0x00000020   Code   RO         4731    i.vPortSetupTimerInterrupt  port.o
    0x0800feac   0x00000078   Code   RO         4732    i.vPortValidateInterruptPriority  port.o
    0x0800ff24   0x0000005c   Code   RO         4393    i.vTaskDelay        tasks.o
    0x0800ff80   0x000000d4   Code   RO         4394    i.vTaskDelayUntil   tasks.o
    0x08010054   0x00000088   Code   RO         4405    i.vTaskStartScheduler  tasks.o
    0x080100dc   0x00000010   Code   RO         4407    i.vTaskSuspendAll   tasks.o
    0x080100ec   0x000000c4   Code   RO         4408    i.vTaskSwitchContext  tasks.o
    0x080101b0   0x0000003c   Code   RO         3654    i.verify_crc16      mf_crc.o
    0x080101ec   0x0000005a   Code   RO         3655    i.verify_crc32      mf_crc.o
    0x08010246   0x00000002   PAD
    0x08010248   0x0000013c   Code   RO         4733    i.xPortStartScheduler  port.o
    0x08010384   0x00000034   Code   RO         4734    i.xPortSysTickHandler  port.o
    0x080103b8   0x00000060   Code   RO         4410    i.xTaskCreate       tasks.o
    0x08010418   0x00000104   Code   RO         4411    i.xTaskGenericNotify  tasks.o
    0x0801051c   0x00000144   Code   RO         4412    i.xTaskGenericNotifyFromISR  tasks.o
    0x08010660   0x00000020   Code   RO         4414    i.xTaskGetSchedulerState  tasks.o
    0x08010680   0x0000000c   Code   RO         4415    i.xTaskGetTickCount  tasks.o
    0x0801068c   0x00000014   Code   RO         4416    i.xTaskGetTickCountFromISR  tasks.o
    0x080106a0   0x00000148   Code   RO         4417    i.xTaskIncrementTick  tasks.o
    0x080107e8   0x000000a0   Code   RO         4419    i.xTaskNotifyWait   tasks.o
    0x08010888   0x00000104   Code   RO         4423    i.xTaskResumeAll    tasks.o
    0x0801098c   0x0000001c   Code   RO         2125    i.yaw_ecd_input_convert  gimbal.o
    0x080109a8   0x00000050   Data   RO            9    .constdata          init.o
    0x080109f8   0x00000300   Data   RO          861    .constdata          referee_system.o
    0x08010cf8   0x0000000c   Data   RO         1020    .constdata          board.o
    0x08010d04   0x0000000e   Data   RO         1193    .constdata          drv_imu.o
    0x08010d12   0x00000002   PAD
    0x08010d14   0x00000700   Data   RO         3657    .constdata          mf_crc.o
    0x08011414   0x00000014   Data   RO         4943    .constdata          freertos.o
    0x08011428   0x00000018   Data   RO         5330    .constdata          system_stm32f4xx.o
    0x08011440   0x00000008   Data   RO         6840    .constdata          stm32f4xx_hal_dma.o
    0x08011448   0x00000018   Data   RO         9781    .constdata          eventrecorder.o
    0x08011460   0x00000030   Data   RO        10382    .constdata          m_wm.l(cos_i.o)
    0x08011490   0x000000c8   Data   RO        10405    .constdata          m_wm.l(rred.o)
    0x08011558   0x00000028   Data   RO        10409    .constdata          m_wm.l(sin_i.o)
    0x08011580   0x0000003a   Data   RO           10    .conststring        init.o
    0x080115ba   0x00000002   PAD
    0x080115bc   0x00000009   Data   RO         4944    .conststring        freertos.o
    0x080115c5   0x00000003   PAD
    0x080115c8   0x00000020   Data   RO        10458    Region$$Table       anon$$obj.o


    Execution Region RW_IRAM1 (Base: 0x20000000, Size: 0x00025d68, Max: 0x00030000, ABSOLUTE, COMPRESSED[0x00000114])

    Base Addr    Size         Type   Attr      Idx    E Section Name        Object

    0x20000000   0x00000020   Data   RW           11    .data               init.o
    0x20000020   0x00000005   Data   RW          383    .data               communicate.o
    0x20000025   0x00000003   PAD
    0x20000028   0x00000030   Data   RW          490    .data               chassis_task.o
    0x20000058   0x00000070   Data   RW          535    .data               gimbal_task.o
    0x200000c8   0x00000018   Data   RW          787    .data               offline_check.o
    0x200000e0   0x0000000e   Data   RW          862    .data               referee_system.o
    0x200000ee   0x00000005   Data   RW         1194    .data               drv_imu.o
    0x200000f3   0x00000001   PAD
    0x200000f4   0x00000008   Data   RW         1330    .data               drv_dr16.o
    0x200000fc   0x00000014   Data   RW         1388    .data               drv_io.o
    0x20000110   0x00000048   Data   RW         1566    .data               object.o
    0x20000158   0x00000008   Data   RW         1666    .data               motor.o
    0x20000160   0x00000094   Data   RW         2011    .data               chassis.o
    0x200001f4   0x00000004   Data   RW         2370    .data               single_gyro.o
    0x200001f8   0x000000b0   Data   RW         2406    .data               mecanum.o
    0x200002a8   0x00000020   Data   RW         3597    .data               mem_mang4.o
    0x200002c8   0x0000003c   Data   RW         4426    .data               tasks.o
    0x20000304   0x0000000c   Data   RW         4735    .data               port.o
    0x20000310   0x00000018   Data   RW         4810    .data               heap_4.o
    0x20000328   0x00000004   Data   RW         4871    .data               can.o
    0x2000032c   0x00000004   Data   RW         4945    .data               freertos.o
    0x20000330   0x00000004   Data   RW         5331    .data               system_stm32f4xx.o
    0x20000334   0x00000010   Data   RW         5517    .data               usbd_cdc_if.o
    0x20000344   0x00000034   Data   RW         5804    .data               usbd_desc.o
    0x20000378   0x00000001   Data   RW         6015    .data               usbd_ctlreq.o
    0x20000379   0x00000003   PAD
    0x2000037c   0x00000110   Data   RW         6171    .data               usbd_cdc.o
    0x2000048c   0x00000009   Data   RW         6295    .data               stm32f4xx_hal.o
    0x20000495   0x00000003   PAD
    0x20000498   0x00000004   Data   RW        10441    .data               mc_w.l(errno.o)
    0x2000049c   0x000008cc   Zero   RW            8    .bss                init.o
    0x20000d68   0x00000016   Zero   RW          382    .bss                communicate.o
    0x20000d7e   0x00000002   PAD
    0x20000d80   0x00000040   Zero   RW          489    .bss                chassis_task.o
    0x20000dc0   0x00000130   Zero   RW          647    .bss                timer_task.o
    0x20000ef0   0x00000049   Zero   RW          691    .bss                infantry_cmd.o
    0x20000f39   0x00000003   PAD
    0x20000f3c   0x00000258   Zero   RW          786    .bss                offline_check.o
    0x20001194   0x00000367   Zero   RW          860    .bss                referee_system.o
    0x200014fb   0x00000001   PAD
    0x200014fc   0x00000878   Zero   RW         1103    .bss                drv_can.o
    0x20001d74   0x00000042   Zero   RW         1192    .bss                drv_imu.o
    0x20001db6   0x00000032   Zero   RW         1329    .bss                drv_dr16.o
    0x20001de8   0x00001080   Zero   RW         1463    .bss                drv_uart.o
    0x20002e68   0x00000040   Zero   RW         1665    .bss                motor.o
    0x20002ea8   0x00000010   Zero   RW         2010    .bss                chassis.o
    0x20002eb8   0x000000a0   Zero   RW         2607    .bss                soft_timer.o
    0x20002f58   0x00000140   Zero   RW         2687    .bss                ulog.o
    0x20003098   0x0000002c   Zero   RW         2856    .bss                ulog_console.o
    0x200030c4   0x000000f0   Zero   RW         2919    .bss                test_module.o
    0x200031b4   0x000008b4   Zero   RW         2998    .bss                protocol.o
    0x20003a68   0x0000f000   Zero   RW         3596    .bss                mem_mang4.o
    0x20012a68   0x000000f0   Zero   RW         4425    .bss                tasks.o
    0x20012b58   0x0000000c   Zero   RW         4677    .bss                param.o
    0x20012b64   0x0000f000   Zero   RW         4809    .bss                heap_4.o
    0x20021b64   0x00000050   Zero   RW         4870    .bss                can.o
    0x20021bb4   0x00000058   Zero   RW         5059    .bss                spi.o
    0x20021c0c   0x0000003c   Zero   RW         5125    .bss                stm32f4xx_hal_timebase_tim.o
    0x20021c48   0x00000168   Zero   RW         5376    .bss                tim.o
    0x20021db0   0x000002a0   Zero   RW         5460    .bss                usart.o
    0x20022050   0x0000282c   Zero   RW         5516    .bss                usbd_cdc_if.o
    0x2002487c   0x00000224   Zero   RW         5574    .bss                usb_device.o
    0x20024aa0   0x000003f0   Zero   RW         5635    .bss                usbd_conf.o
    0x20024e90   0x00000200   Zero   RW         5803    .bss                usbd_desc.o
    0x20025090   0x00000030   PAD
    0x200250c0   0x000004a4   Zero   RW         9782    .noinit             eventrecorder.o
    0x20025564   0x00000004   PAD
    0x20025568   0x00000800   Zero   RW         6258    STACK               startup_stm32f427xx.o


==============================================================================

Image component sizes


      Code (inc. data)   RO Data    RW Data    ZI Data      Debug   Object Name

       576        106         12          0          0       7252   board.o
       524        110          0          4         80       2510   can.o
      2828        292          0        148         16      11387   chassis.o
       364         76          0         48         64       1921   chassis_task.o
       370          4          0          0          0      18604   cmsis_os.o
       692        134          0          5         22      13588   communicate.o
       262         12          0          0          0       4777   controller.o
      1034         10          0          0          0       5525   dbus.o
       346          0          0          0          0       4018   detect.o
        72          0          0          0          0       1652   device.o
       152          6          0          0          0        898   dma.o
      1000        124          0          0       2168      12469   drv_can.o
       322         30          0          8         50       3812   drv_dr16.o
      1790        102         14          5         66       8443   drv_imu.o
       332         56          0         20          0       3056   drv_io.o
       814        126          0          0       4224       9027   drv_uart.o
         0          0          0          0          0       8124   event_groups.o
         0          0         24          0       1188       3908   eventrecorder.o
      1184          0          0          0          0      13415   fifo.o
        62         10         29          4          0       2980   freertos.o
      1410         92          0          0          0       9301   gimbal.o
        56         18          0        112          0       6569   gimbal_task.o
       584         28          0          0          0       1387   gpio.o
       704         64          0         24      61440       7531   heap_4.o
      1394        138          0          0         73       8819   infantry_cmd.o
       344         96        138         32       2252     804683   init.o
       148          0          0          0          0       3714   list.o
       356         46          0          0          0       3073   main.o
      2172        186          0        176          0       4435   mecanum.o
       584         78          0         32      61440       4054   mem_mang4.o
       358         12       1792          0          0       4952   mf_crc.o
       910         26          0          8         64       7434   motor.o
       314          4          0         72          0       7873   object.o
       456        110          0         24        600       5143   offline_check.o
        28         10          0          0         12       1123   param.o
       468         20          0          0          0       3582   pid.o
       252         12          0          0          0       3840   pid_controller.o
       958         92          0         12          0      12297   port.o
      1108        188          0          0       2228      15849   protocol.o
        32          0          0          0          0       1744   protocol_common.o
      1060        174          0          0          0       8675   protocol_interface.o
      3654        908          0          0          0      26389   protocol_transmit.o
        72          6          0          0          0       1441   ramp.o
      1244         84        768         14        871      14267   referee_system.o
       610         64          0          0          0       5853   shoot.o
       136         12          0          4          0       1925   single_gyro.o
       324         26          0          0        160       4630   soft_timer.o
       196         52          0          0         88       1729   spi.o
        36          8        428          0       2048        852   startup_stm32f427xx.o
       136         24          0          9          0       4030   stm32f4xx_hal.o
      2198          4          0          0          0      13507   stm32f4xx_hal_can.o
       338         22          0          0          0      31745   stm32f4xx_hal_cortex.o
      1378         16          8          0          0       7322   stm32f4xx_hal_dma.o
       604         58          0          0          0       4399   stm32f4xx_hal_gpio.o
       156          6          0          0          0        978   stm32f4xx_hal_msp.o
      2944         46          0          0          0      11309   stm32f4xx_hal_pcd.o
        92          0          0          0          0       1912   stm32f4xx_hal_pcd_ex.o
      1800         94          0          0          0       6381   stm32f4xx_hal_rcc.o
       892          0          0          0          0       4429   stm32f4xx_hal_spi.o
      2028         88          0          0          0      15902   stm32f4xx_hal_tim.o
       228          0          0          0          0       3286   stm32f4xx_hal_tim_ex.o
       140         18          0          0         60       1592   stm32f4xx_hal_timebase_tim.o
      2268         42          0          0          0      13104   stm32f4xx_hal_uart.o
       318         92          0          0          0      12405   stm32f4xx_it.o
      3182         64          0          0          0      21458   stm32f4xx_ll_usb.o
       100         18         24          4          0       1247   system_stm32f4xx.o
      2970        366          0         60        240      23214   tasks.o
         2          0          0          0          0        792   test.o
        48         10          0          0        240       1126   test_module.o
      1816        322          0          0        360       7009   tim.o
       196          8          0          0        304       1984   timer_task.o
       180         20          0          0        320      10033   ulog.o
        68         18          0          0         44       1550   ulog_console.o
       984        220          0          0        672       3559   usart.o
        52         16          0          0        548        784   usb_device.o
       728         30          0        272          0      13638   usbd_cdc.o
       352         56          0         16      10284       6171   usbd_cdc_if.o
      1256         62          0          0       1008      16674   usbd_conf.o
       792          0          0          0          0      13293   usbd_core.o
      1584         30          0          1          0      11236   usbd_ctlreq.o
       304        128          0         52        512       5871   usbd_desc.o
       174          0          0          0          0       4876   usbd_ioreq.o

    ----------------------------------------------------------------------
     63112       5630       3276       1176     153804    1397346   Object Totals
         0          0         32          0          0          0   (incl. Generated)
       112          0          7         10         58          0   (incl. Padding)

    ----------------------------------------------------------------------

      Code (inc. data)   RO Data    RW Data    ZI Data      Debug   Library Member Name

       200         20          0          0          0        164   cos.o
       368         46         48          0          0        200   cos_i.o
        84         16          0          0          0        372   dunder.o
        44          0          0          0          0        248   fabs.o
        48          0          0          0          0        124   fpclassify.o
       248          0          0          0          0        152   poly.o
      1080        142        200          0          0        188   rred.o
       200         20          0          0          0        164   sin.o
       304         24         40          0          0        208   sin_i.o
        86          0          0          0          0          0   __dczerorl2.o
         0          0          0          0          0          0   entry.o
         0          0          0          0          0          0   entry10a.o
         0          0          0          0          0          0   entry11a.o
         8          4          0          0          0          0   entry2.o
         4          0          0          0          0          0   entry5.o
         0          0          0          0          0          0   entry7b.o
         0          0          0          0          0          0   entry8b.o
         8          4          0          0          0          0   entry9a.o
        12          6          0          4          0         68   errno.o
        30          0          0          0          0          0   handlers.o
        36          8          0          0          0         68   init.o
         0          0          0          0          0          0   iusefp.o
        30          0          0          0          0         68   llshl.o
        36          0          0          0          0         68   llsshr.o
        32          0          0          0          0         68   llushr.o
        36          0          0          0          0         68   memcpya.o
        36          0          0          0          0        108   memseta.o
        18          0          0          0          0         68   strcpy.o
        14          0          0          0          0         68   strlen.o
        30          0          0          0          0         80   strncmp.o
        24          0          0          0          0         76   strncpy.o
        98          0          0          0          0         92   uldiv.o
        48          0          0          0          0         68   cdrcmple.o
        56          0          0          0          0         88   d2f.o
       334          0          0          0          0        148   dadd.o
       222          0          0          0          0        100   ddiv.o
       186          0          0          0          0        176   depilogue.o
        62          0          0          0          0         80   dfixi.o
        34          0          0          0          0         76   dflti.o
        26          0          0          0          0         76   dfltui.o
       228          0          0          0          0         96   dmul.o
        38          0          0          0          0         68   f2d.o
       110          0          0          0          0        168   fepilogue.o

    ----------------------------------------------------------------------
      4468        290        288          4          0       3864   Library Totals
        10          0          0          0          0          0   (incl. Padding)

    ----------------------------------------------------------------------

      Code (inc. data)   RO Data    RW Data    ZI Data      Debug   Library Name

      2576        268        288          0          0       1820   m_wm.l
       538         22          0          4          0        900   mc_w.l
      1344          0          0          0          0       1144   mf_w.l

    ----------------------------------------------------------------------
      4468        290        288          4          0       3864   Library Totals

    ----------------------------------------------------------------------

==============================================================================


      Code (inc. data)   RO Data    RW Data    ZI Data      Debug   

     67580       5920       3564       1180     153804    1339154   Grand Totals
     67580       5920       3564        276     153804    1339154   ELF Image Totals (compressed)
     67580       5920       3564        276          0          0   ROM Totals

==============================================================================

    Total RO  Size (Code + RO Data)                71144 (  69.48kB)
    Total RW  Size (RW Data + ZI Data)            154984 ( 151.35kB)
    Total ROM Size (Code + RO Data + RW Data)      71420 (  69.75kB)

==============================================================================

