<html>
<body>
<pre>
<h1>µVision Build Log</h1>
<h2>Tool Versions:</h2>
IDE-Version: µVision V5.22.0.0
Copyright (C) 2016 ARM Ltd and ARM Germany GmbH. All rights reserved.
License Information: Xiaoyi Wang, Queen's University, LIC=GE701-C23TP-227L4-FJERN-EGB9A-F67DC
 
Tool Versions:
Toolchain:       MDK-ARM Professional  Version: 5.22
Toolchain Path:  C:\Keil_v5\ARM\ARMCC\Bin
C Compiler:      Armcc.exe V5.06 update 4 (build 422)
Assembler:       Armasm.exe V5.06 update 4 (build 422)
Linker/Locator:  ArmLink.exe V5.06 update 4 (build 422)
Library Manager: ArmAr.exe V5.06 update 4 (build 422)
Hex Converter:   FromElf.exe V5.06 update 4 (build 422)
CPU DLL:         SARMCM3.DLL V5.22
Dialog DLL:      DCM.DLL V1.13.9.0
Target DLL:      Segger\JL2CM3.dll V2.99.23.0
Dialog DLL:      TCM.DLL V1.21.0.0
 
<h2>Project:</h2>
C:\Users\Sean\Desktop\RMControl\EngineerControl\MDK-ARM\infantry.uvprojx
Project File Date:  07/31/2019

<h2>Output:</h2>
*** Using Compiler 'V5.06 update 4 (build 422)', folder: 'C:\Keil_v5\ARM\ARMCC\Bin'
*** Note: Rebuilding project, since 'Options->Output->Create Batch File' is selected.
Rebuild target 'Flash'
compiling init.c...
..\application\init.c(122): warning:  #550-D: variable "app"  was set but never used
    uint8_t app;
..\application\init.c: 1 warning, 0 errors
compiling communicate.c...
compiling chassis_task.c...
..\application\chassis_task.c(75): warning:  #1035-D: single-precision operand implicitly converted to double-precision
                                wz = 0.8*wz;
..\application\chassis_task.c(80): warning:  #1035-D: single-precision operand implicitly converted to double-precision
                                vx = 0.8*vx;
..\application\chassis_task.c(83): warning:  #1035-D: single-precision operand implicitly converted to double-precision
                                vy = 0.8*vy;
..\application\chassis_task.c(87): warning:  #1035-D: single-precision operand implicitly converted to double-precision
                                wz = 0.8*wz;
..\application\chassis_task.c(91): warning:  #1035-D: single-precision operand implicitly converted to double-precision
                                wz = 0.15*wz;
..\application\chassis_task.c(96): warning:  #1035-D: single-precision operand implicitly converted to double-precision
                                vx = 0.2*vx;
..\application\chassis_task.c(99): warning:  #1035-D: single-precision operand implicitly converted to double-precision
                                vy = 0.2*vy;
..\application\chassis_task.c: 7 warnings, 0 errors
compiling gimbal_task.c...
compiling shoot_task.c...
..\application\shoot_task.c(30): warning:  #550-D: variable "prc_info"  was set but never used
    rc_info_t prc_info = NULL;
..\application\shoot_task.c: 1 warning, 0 errors
compiling timer_task.c...
compiling infantry_cmd.c...
compiling offline_check.c...
..\application\offline_check.c(46): warning:  #177-D: variable "pgimbal"  was declared but never referenced
  static gimbal_t pgimbal = NULL;
..\application\offline_check.c(47): warning:  #177-D: variable "pshoot"  was declared but never referenced
  static shoot_t pshoot = NULL;
..\application\offline_check.c: 2 warnings, 0 errors
compiling referee_system.c...
compiling rc_light.c...
..\application\rc_light.c(31): warning:  #550-D: variable "pshoot"  was set but never used
    shoot_t pshoot = NULL;
..\application\rc_light.c: 1 warning, 0 errors
compiling board.c...
compiling drv_can.c...
compiling drv_imu.c...
compiling drv_flash.c...
compiling drv_dr16.c...
compiling drv_io.c...
compiling drv_uart.c...
compiling object.c...
compiling device.c...
compiling motor.c...
compiling dbus.c...
compiling detect.c...
compiling controller.c...
compiling pid_controller.c...
compiling chassis.c...
compiling gimbal.c...
compiling shoot.c...
compiling single_gyro.c...
compiling mecanum.c...
compiling madgwick_ahrs.c...
compiling mahony_ahrs.c...
compiling pid.c...
compiling ramp.c...
compiling period.c...
compiling soft_timer.c...
compiling ulog.c...
compiling ulog_console.c...
compiling test.c...
compiling test_module.c...
compiling log_test.c...
compiling protocol.c...
compiling protocol_common.c...
compiling protocol_transmit.c...
..\application\protocol\protocol_transmit.c(931): warning:  #550-D: variable "err_info"  was set but never used
    char *err_info;
..\application\protocol\protocol_transmit.c: 1 warning, 0 errors
compiling protocol_interface.c...
compiling fifo.c...
compiling mem_mang4.c...
compiling mf_crc.c...
compiling cmsis_os.c...
compiling croutine.c...
compiling event_groups.c...
compiling list.c...
compiling queue.c...
compiling tasks.c...
compiling param.c...
compiling timers.c...
compiling port.c...
compiling heap_4.c...
compiling can.c...
compiling dma.c...
compiling freertos.c...
compiling gpio.c...
compiling main.c...
compiling spi.c...
compiling stm32f4xx_hal_msp.c...
compiling stm32f4xx_hal_timebase_TIM.c...
compiling stm32f4xx_it.c...
compiling system_stm32f4xx.c...
compiling tim.c...
compiling usart.c...
compiling usbd_cdc_if.c...
compiling usb_device.c...
compiling usbd_conf.c...
compiling usbd_desc.c...
compiling usbd_core.c...
compiling usbd_ctlreq.c...
compiling usbd_ioreq.c...
compiling usbd_cdc.c...
assembling startup_stm32f427xx.s...
compiling stm32f4xx_hal.c...
compiling stm32f4xx_hal_can.c...
compiling stm32f4xx_hal_cortex.c...
compiling stm32f4xx_hal_dma.c...
compiling stm32f4xx_hal_dma_ex.c...
compiling stm32f4xx_hal_flash.c...
compiling stm32f4xx_hal_flash_ex.c...
compiling stm32f4xx_hal_flash_ramfunc.c...
compiling stm32f4xx_hal_gpio.c...
compiling stm32f4xx_hal_pcd.c...
compiling stm32f4xx_hal_pcd_ex.c...
compiling stm32f4xx_hal_pwr.c...
compiling stm32f4xx_hal_pwr_ex.c...
compiling stm32f4xx_hal_rcc.c...
compiling stm32f4xx_hal_rcc_ex.c...
compiling stm32f4xx_hal_spi.c...
compiling stm32f4xx_hal_tim.c...
compiling stm32f4xx_hal_tim_ex.c...
compiling stm32f4xx_hal_uart.c...
compiling stm32f4xx_hal_usart.c...
compiling stm32f4xx_ll_usb.c...
compiling EventRecorder.c...
compiling retarget_io.c...
linking...
Program Size: Code=70196 RO-data=3600 RW-data=1136 ZI-data=153592  
After Build - User command #1: fromelf.exe  --bin -o ./bin/infantry.bin ../build/infantry.axf
"..\build\infantry.axf" - 0 Error(s), 13 Warning(s).

<h2>Software Packages used:</h2>

Package Vendor: Keil
                http://www.keil.com/pack/Keil.ARM_Compiler.1.2.0.pack
                Keil.ARM Compiler::Compiler:Event Recorder:DAP:1.1.0
                Keil ARM Compiler extensions
   * Component: Event Recorder Variant: DAP Version: 1.1.0
   * Component: STDOUT Variant: ITM Version: 1.1.0
   * Component: STDIN Variant: ITM Version: 1.1.0

<h2>Collection of Component include folders:</h2>
  C:\Users\Sean\Desktop\RMControl\EngineerControl\MDK-ARM\RTE\Compiler
  C:\Users\Sean\Desktop\RMControl\EngineerControl\MDK-ARM\RTE\_Flash
  C:\Keil_v5\ARM\PACK\Keil\ARM_Compiler\1.2.0\Include
  C:\Keil_v5\ARM\PACK\Keil\STM32F4xx_DFP\2.13.0\Drivers\CMSIS\Device\ST\STM32F4xx\Include

<h2>Collection of Component Files used:</h2>

   * Component: Keil.ARM Compiler::Compiler:Event Recorder:DAP:1.1.0
      Source file:   Source\EventRecorder.c
      Include file:  Config\EventRecorderConf.h
      Include file:  Include\EventRecorder.h

   * Component: Keil.ARM Compiler::Compiler:I/O:STDOUT:ITM:1.1.0
      Source file:   Source\retarget_io.c

   * Component: Keil.ARM Compiler::Compiler:I/O:STDIN:ITM:1.1.0
      Source file:   Source\retarget_io.c
Build Time Elapsed:  00:04:58
</pre>
</body>
</html>
