<html>
<body>
<pre>
<h1>µVision Build Log</h1>
<h2>Tool Versions:</h2>
IDE-Version: µVision V5.18.0.0
Copyright (C) 2016 ARM Ltd and ARM Germany GmbH. All rights reserved.
License Information: n z, a, LIC=JDALQ-NP205-48PFA-1F1DZ-1LV2K-TCCBA
 
Tool Versions:
Toolchain:       MDK-ARM Professional  Version: 5.18
Toolchain Path:  C:\Keil_v5\ARM\ARMCC\Bin
C Compiler:      Armcc.exe V5.06 update 1 (build 61)
Assembler:       Armasm.exe V5.06 update 1 (build 61)
Linker/Locator:  ArmLink.exe V5.06 update 1 (build 61)
Library Manager: ArmAr.exe V5.06 update 1 (build 61)
Hex Converter:   FromElf.exe V5.06 update 1 (build 61)
CPU DLL:         SARMCM3.DLL V5.18
Dialog DLL:      DCM.DLL V1.13.6.0
Target DLL:      STLink\ST-LINKIII-KEIL_SWO.dll V2.0.18.0
Dialog DLL:      TCM.DLL V1.14.8.0
 
<h2>Project:</h2>
C:\Users\Fennekin\Documents\GitHub\QRMWiki\Code\RM (someones summer camp code using RM_HAL)\Project\rm_infantry.uvprojx
Project File Date:  11/09/2019

<h2>Output:</h2>
*** Using Compiler 'V5.06 update 1 (build 61)', folder: 'C:\Keil_v5\ARM\ARMCC\Bin'
Rebuild target 'rm_infantry'
compiling pid.c...
compiling calibrate.c...
compiling keyboard.c...
compiling can_device.c...
compiling ramp.c...
compiling uart_device.c...
compiling startup.c...
..\User\app\execute_task.h(10): warning:  #1295-D: Deprecated declaration jump_back - give arg types
  static void jump_back();
..\User\app\execute_task.h(11): warning:  #1295-D: Deprecated declaration jump_next - give arg types
  static void jump_next();
..\User\startup.c: 2 warnings, 0 errors
compiling execute_task.c...
..\User\app\execute_task.h(10): warning:  #1295-D: Deprecated declaration jump_back - give arg types
  static void jump_back();
..\User\app\execute_task.h(11): warning:  #1295-D: Deprecated declaration jump_next - give arg types
  static void jump_next();
..\User\app\execute_task.c(70): warning:  #1-D: last line of file ends without a newline
  }
..\User\app\execute_task.c(63): warning:  #177-D: function "jump_back" was declared but never referenced
  static void jump_back(){
..\User\app\execute_task.c: 4 warnings, 0 errors
compiling detect_task.c...
compiling gimbal_custom.c...
compiling arm_task.c...
compiling gimbal_task.c...
compiling chassis_task.c...
compiling chassis_custom.c...
compiling shoot_custom.c...
compiling arm.c...
compiling test_custom.c...
..\User\app\execute_task.h(10): warning:  #1295-D: Deprecated declaration jump_back - give arg types
  static void jump_back();
..\User\app\execute_task.h(11): warning:  #1295-D: Deprecated declaration jump_next - give arg types
  static void jump_next();
test_custom.c: 2 warnings, 0 errors
compiling stm32f4xx_it.c...
linking...
Program Size: Code=46288 RO-data=1156 RW-data=500 ZI-data=24524  
FromELF: creating hex file...
".\rm_infantry\rm_infantry.axf" - 0 Error(s), 8 Warning(s).

<h2>Collection of Component include folders:</h2>
  C:\Users\Fennekin\Documents\GitHub\QRMWiki\Code\RM (someones summer camp code using RM_HAL)\Project\RTE
  C:\Keil_v5\ARM\PACK\Keil\STM32F4xx_DFP\2.7.0\Drivers\CMSIS\Device\ST\STM32F4xx\Include

<h2>Collection of Component Files used:</h2>
Build Time Elapsed:  00:00:27
</pre>
</body>
</html>
